../Core/Src/main.c:376:13:LCD_on_task	0	static
../Core/Src/main.c:381:13:intro_page_task	32	static
../Core/Src/main.c:337:13:lvgl_touch_read	24	static
../Core/Src/main.c:318:13:my_flush_cb	32	static
../Core/Src/main.c:360:13:lv_screen_update_task	120	static
../Core/Src/main.c:260:6:SystemClock_Config	120	static,ignoring_inline_asm
../Core/Src/main.c:103:5:main	64	static
../Core/Src/main.c:386:6:HAL_TIM_PeriodElapsedCallback	64	static
../Core/Src/main.c:396:6:HAL_FDCAN_RxFifo0Callback	8	static
../Core/Src/main.c:406:7:HAL_ADC_ConvCpltCallback	8	static
../Core/Src/main.c:418:6:Error_Handler	0	static,ignoring_inline_asm
