../LVGL/src/lv_widgets/../lv_core/../lv_font/../lv_misc/lv_area.h:110:26:lv_area_get_width	0	static
../LVGL/src/lv_widgets/../lv_core/../lv_font/../lv_misc/lv_area.h:120:26:lv_area_get_height	0	static
../LVGL/src/lv_widgets/lv_bar.c:647:17:lv_bar_signal	24	static
../LVGL/src/lv_widgets/lv_bar.c:373:24:lv_bar_design	232	static
../LVGL/src/lv_widgets/lv_bar.c:153:6:lv_bar_set_value	16	static
../LVGL/src/lv_widgets/lv_bar.c:76:12:lv_bar_create	24	static
../LVGL/src/lv_widgets/lv_bar.c:182:6:lv_bar_set_start_value	16	static
../LVGL/src/lv_widgets/lv_bar.c:238:6:lv_bar_set_type	16	static
../LVGL/src/lv_widgets/lv_bar.c:255:6:lv_bar_set_anim_time	0	static
../LVGL/src/lv_widgets/lv_bar.c:277:9:lv_bar_get_value	8	static
../LVGL/src/lv_widgets/lv_bar.c:290:9:lv_bar_get_start_value	8	static
../LVGL/src/lv_widgets/lv_bar.c:306:9:lv_bar_get_min_value	8	static
../LVGL/src/lv_widgets/lv_bar.c:319:9:lv_bar_get_max_value	8	static
../LVGL/src/lv_widgets/lv_bar.c:332:15:lv_bar_get_type	8	static
../LVGL/src/lv_widgets/lv_bar.c:209:6:lv_bar_set_range	24	static
../LVGL/src/lv_widgets/lv_bar.c:345:10:lv_bar_get_anim_time	0	static
