../LVGL/src/lv_widgets/../lv_core/../lv_font/../lv_misc/lv_area.h:100:20:lv_area_copy	0	static
../LVGL/src/lv_widgets/lv_cont.c:657:13:lv_cont_refr_autofit	64	static
../LVGL/src/lv_widgets/lv_cont.c:67:12:lv_cont_create	24	static
../LVGL/src/lv_widgets/lv_cont.c:132:6:lv_cont_set_layout	16	static
../LVGL/src/lv_widgets/lv_cont.c:154:6:lv_cont_set_fit4	24	static
../LVGL/src/lv_widgets/lv_cont.c:182:13:lv_cont_get_layout	8	static
../LVGL/src/lv_widgets/lv_cont.c:310:13:lv_cont_refr_layout	96	static
../LVGL/src/lv_widgets/lv_cont.c:253:17:lv_cont_signal	24	static
../LVGL/src/lv_widgets/lv_cont.c:195:10:lv_cont_get_fit_left	8	static
../LVGL/src/lv_widgets/lv_cont.c:208:10:lv_cont_get_fit_right	8	static
../LVGL/src/lv_widgets/lv_cont.c:221:10:lv_cont_get_fit_top	8	static
../LVGL/src/lv_widgets/lv_cont.c:234:10:lv_cont_get_fit_bottom	8	static
