../LVGL/src/lv_widgets/lv_table.c:1083:13:refr_size	160	static
../LVGL/src/lv_widgets/lv_table.c:1018:17:lv_table_signal	24	static
../LVGL/src/lv_widgets/lv_table.c:801:24:lv_table_design	720	static
../LVGL/src/lv_widgets/lv_table.c:295:6:lv_table_set_row_cnt	24	static
../LVGL/src/lv_widgets/lv_table.c:135:6:lv_table_set_cell_value	32	static
../LVGL/src/lv_widgets/lv_table.c:202:6:lv_table_set_cell_value_fmt	44	static
../LVGL/src/lv_widgets/lv_table.c:338:6:lv_table_set_col_cnt	24	static
../LVGL/src/lv_widgets/lv_table.c:61:12:lv_table_create	24	static
../LVGL/src/lv_widgets/lv_table.c:377:6:lv_table_set_col_width	16	static
../LVGL/src/lv_widgets/lv_table.c:398:6:lv_table_set_cell_align	24	static
../LVGL/src/lv_widgets/lv_table.c:436:6:lv_table_set_cell_type	32	static
../LVGL/src/lv_widgets/lv_table.c:482:6:lv_table_set_cell_crop	24	static
../LVGL/src/lv_widgets/lv_table.c:521:6:lv_table_set_cell_merge_right	32	static
../LVGL/src/lv_widgets/lv_table.c:565:14:lv_table_get_cell_value	16	static
../LVGL/src/lv_widgets/lv_table.c:586:10:lv_table_get_row_cnt	8	static
../LVGL/src/lv_widgets/lv_table.c:599:10:lv_table_get_col_cnt	8	static
../LVGL/src/lv_widgets/lv_table.c:613:12:lv_table_get_col_width	8	static
../LVGL/src/lv_widgets/lv_table.c:634:18:lv_table_get_cell_align	16	static
../LVGL/src/lv_widgets/lv_table.c:661:18:lv_table_get_cell_type	16	static
../LVGL/src/lv_widgets/lv_table.c:688:18:lv_table_get_cell_crop	16	static
../LVGL/src/lv_widgets/lv_table.c:715:6:lv_table_get_cell_merge_right	16	static
../LVGL/src/lv_widgets/lv_table.c:743:10:lv_table_get_pressed_cell	40	static
