Archive member included to satisfy reference by file (symbol)

C:/ST/STM32CubeIDE_1.14.0/STM32CubeIDE/plugins/com.st.stm32cube.ide.mcu.externaltools.gnu-tools-for-stm32.11.3.rel1.win32_1.1.100.202309141235/tools/bin/../lib/gcc/arm-none-eabi/11.3.1/../../../../arm-none-eabi/lib/thumb/v7e-m+dp/hard\libc_nano.a(libc_a-exit.o)
                              C:/ST/STM32CubeIDE_1.14.0/STM32CubeIDE/plugins/com.st.stm32cube.ide.mcu.externaltools.gnu-tools-for-stm32.11.3.rel1.win32_1.1.100.202309141235/tools/bin/../lib/gcc/arm-none-eabi/11.3.1/../../../../arm-none-eabi/lib/thumb/v7e-m+dp/hard/crt0.o (exit)
C:/ST/STM32CubeIDE_1.14.0/STM32CubeIDE/plugins/com.st.stm32cube.ide.mcu.externaltools.gnu-tools-for-stm32.11.3.rel1.win32_1.1.100.202309141235/tools/bin/../lib/gcc/arm-none-eabi/11.3.1/../../../../arm-none-eabi/lib/thumb/v7e-m+dp/hard\libc_nano.a(libc_a-findfp.o)
                              C:/ST/STM32CubeIDE_1.14.0/STM32CubeIDE/plugins/com.st.stm32cube.ide.mcu.externaltools.gnu-tools-for-stm32.11.3.rel1.win32_1.1.100.202309141235/tools/bin/../lib/gcc/arm-none-eabi/11.3.1/../../../../arm-none-eabi/lib/thumb/v7e-m+dp/hard\libc_nano.a(libc_a-exit.o) (__stdio_exit_handler)
C:/ST/STM32CubeIDE_1.14.0/STM32CubeIDE/plugins/com.st.stm32cube.ide.mcu.externaltools.gnu-tools-for-stm32.11.3.rel1.win32_1.1.100.202309141235/tools/bin/../lib/gcc/arm-none-eabi/11.3.1/../../../../arm-none-eabi/lib/thumb/v7e-m+dp/hard\libc_nano.a(libc_a-fwalk.o)
                              C:/ST/STM32CubeIDE_1.14.0/STM32CubeIDE/plugins/com.st.stm32cube.ide.mcu.externaltools.gnu-tools-for-stm32.11.3.rel1.win32_1.1.100.202309141235/tools/bin/../lib/gcc/arm-none-eabi/11.3.1/../../../../arm-none-eabi/lib/thumb/v7e-m+dp/hard\libc_nano.a(libc_a-findfp.o) (_fwalk_sglue)
C:/ST/STM32CubeIDE_1.14.0/STM32CubeIDE/plugins/com.st.stm32cube.ide.mcu.externaltools.gnu-tools-for-stm32.11.3.rel1.win32_1.1.100.202309141235/tools/bin/../lib/gcc/arm-none-eabi/11.3.1/../../../../arm-none-eabi/lib/thumb/v7e-m+dp/hard\libc_nano.a(libc_a-stdio.o)
                              C:/ST/STM32CubeIDE_1.14.0/STM32CubeIDE/plugins/com.st.stm32cube.ide.mcu.externaltools.gnu-tools-for-stm32.11.3.rel1.win32_1.1.100.202309141235/tools/bin/../lib/gcc/arm-none-eabi/11.3.1/../../../../arm-none-eabi/lib/thumb/v7e-m+dp/hard\libc_nano.a(libc_a-findfp.o) (__sread)
C:/ST/STM32CubeIDE_1.14.0/STM32CubeIDE/plugins/com.st.stm32cube.ide.mcu.externaltools.gnu-tools-for-stm32.11.3.rel1.win32_1.1.100.202309141235/tools/bin/../lib/gcc/arm-none-eabi/11.3.1/../../../../arm-none-eabi/lib/thumb/v7e-m+dp/hard\libc_nano.a(libc_a-memset.o)
                              C:/ST/STM32CubeIDE_1.14.0/STM32CubeIDE/plugins/com.st.stm32cube.ide.mcu.externaltools.gnu-tools-for-stm32.11.3.rel1.win32_1.1.100.202309141235/tools/bin/../lib/gcc/arm-none-eabi/11.3.1/../../../../arm-none-eabi/lib/thumb/v7e-m+dp/hard/crt0.o (memset)
C:/ST/STM32CubeIDE_1.14.0/STM32CubeIDE/plugins/com.st.stm32cube.ide.mcu.externaltools.gnu-tools-for-stm32.11.3.rel1.win32_1.1.100.202309141235/tools/bin/../lib/gcc/arm-none-eabi/11.3.1/../../../../arm-none-eabi/lib/thumb/v7e-m+dp/hard\libc_nano.a(libc_a-closer.o)
                              C:/ST/STM32CubeIDE_1.14.0/STM32CubeIDE/plugins/com.st.stm32cube.ide.mcu.externaltools.gnu-tools-for-stm32.11.3.rel1.win32_1.1.100.202309141235/tools/bin/../lib/gcc/arm-none-eabi/11.3.1/../../../../arm-none-eabi/lib/thumb/v7e-m+dp/hard\libc_nano.a(libc_a-stdio.o) (_close_r)
C:/ST/STM32CubeIDE_1.14.0/STM32CubeIDE/plugins/com.st.stm32cube.ide.mcu.externaltools.gnu-tools-for-stm32.11.3.rel1.win32_1.1.100.202309141235/tools/bin/../lib/gcc/arm-none-eabi/11.3.1/../../../../arm-none-eabi/lib/thumb/v7e-m+dp/hard\libc_nano.a(libc_a-reent.o)
                              C:/ST/STM32CubeIDE_1.14.0/STM32CubeIDE/plugins/com.st.stm32cube.ide.mcu.externaltools.gnu-tools-for-stm32.11.3.rel1.win32_1.1.100.202309141235/tools/bin/../lib/gcc/arm-none-eabi/11.3.1/../../../../arm-none-eabi/lib/thumb/v7e-m+dp/hard\libc_nano.a(libc_a-closer.o) (errno)
C:/ST/STM32CubeIDE_1.14.0/STM32CubeIDE/plugins/com.st.stm32cube.ide.mcu.externaltools.gnu-tools-for-stm32.11.3.rel1.win32_1.1.100.202309141235/tools/bin/../lib/gcc/arm-none-eabi/11.3.1/../../../../arm-none-eabi/lib/thumb/v7e-m+dp/hard\libc_nano.a(libc_a-impure.o)
                              C:/ST/STM32CubeIDE_1.14.0/STM32CubeIDE/plugins/com.st.stm32cube.ide.mcu.externaltools.gnu-tools-for-stm32.11.3.rel1.win32_1.1.100.202309141235/tools/bin/../lib/gcc/arm-none-eabi/11.3.1/../../../../arm-none-eabi/lib/thumb/v7e-m+dp/hard\libc_nano.a(libc_a-reent.o) (_impure_ptr)
C:/ST/STM32CubeIDE_1.14.0/STM32CubeIDE/plugins/com.st.stm32cube.ide.mcu.externaltools.gnu-tools-for-stm32.11.3.rel1.win32_1.1.100.202309141235/tools/bin/../lib/gcc/arm-none-eabi/11.3.1/../../../../arm-none-eabi/lib/thumb/v7e-m+dp/hard\libc_nano.a(libc_a-lseekr.o)
[...]
Memory Configuration

Name             Origin             Length             Attributes
ITCMRAM          0x0000000000000000 0x0000000000010000 xrw
FLASH            0x0000000008000000 0x0000000000020000 xr
DTCMRAM1         0x0000000020000000 0x0000000000010000 xrw
DTCMRAM2         0x0000000020010000 0x0000000000010000 xrw
RAM              0x0000000024000000 0x0000000000100000 xrw
RAM_CD           0x0000000030000000 0x0000000000020000 xrw
RAM_SRD          0x0000000038000000 0x0000000000008000 xrw
*default*        0x0000000000000000 0xffffffffffffffff

Linker script and memory map

LOAD C:/ST/STM32CubeIDE_1.14.0/STM32CubeIDE/plugins/com.st.stm32cube.ide.mcu.externaltools.gnu-tools-for-stm32.11.3.rel1.win32_1.1.100.202309141235/tools/bin/../lib/gcc/arm-none-eabi/11.3.1/thumb/v7e-m+dp/hard/crti.o
LOAD C:/ST/STM32CubeIDE_1.14.0/STM32CubeIDE/plugins/com.st.stm32cube.ide.mcu.externaltools.gnu-tools-for-stm32.11.3.rel1.win32_1.1.100.202309141235/tools/bin/../lib/gcc/arm-none-eabi/11.3.1/thumb/v7e-m+dp/hard/crtbegin.o
LOAD C:/ST/STM32CubeIDE_1.14.0/STM32CubeIDE/plugins/com.st.stm32cube.ide.mcu.externaltools.gnu-tools-for-stm32.11.3.rel1.win32_1.1.100.202309141235/tools/bin/../lib/gcc/arm-none-eabi/11.3.1/../../../../arm-none-eabi/lib/thumb/v7e-m+dp/hard/crt0.o
LOAD ./Core/Src/freertos.o
LOAD ./Core/Src/gpio.o
LOAD ./Core/Src/main.o
LOAD ./Core/Src/stm32h7xx_hal_msp.o
LOAD ./Core/Src/stm32h7xx_hal_timebase_tim.o
LOAD ./Core/Src/stm32h7xx_it.o
LOAD ./Core/Src/syscalls.o
LOAD ./Core/Src/sysmem.o
LOAD ./Core/Src/system_stm32h7xx.o
LOAD ./Core/Startup/startup_stm32h7b0vbtx.o
LOAD ./Drivers/STM32H7xx_HAL_Driver/Src/stm32h7xx_hal.o
LOAD ./Drivers/STM32H7xx_HAL_Driver/Src/stm32h7xx_hal_cortex.o
LOAD ./Drivers/STM32H7xx_HAL_Driver/Src/stm32h7xx_hal_dma.o
LOAD ./Drivers/STM32H7xx_HAL_Driver/Src/stm32h7xx_hal_dma_ex.o
LOAD ./Drivers/STM32H7xx_HAL_Driver/Src/stm32h7xx_hal_exti.o
LOAD ./Drivers/STM32H7xx_HAL_Driver/Src/stm32h7xx_hal_flash.o
LOAD ./Drivers/STM32H7xx_HAL_Driver/Src/stm32h7xx_hal_flash_ex.o
LOAD ./Drivers/STM32H7xx_HAL_Driver/Src/stm32h7xx_hal_gpio.o
LOAD ./Drivers/STM32H7xx_HAL_Driver/Src/stm32h7xx_hal_hsem.o
LOAD ./Drivers/STM32H7xx_HAL_Driver/Src/stm32h7xx_hal_i2c.o
LOAD ./Drivers/STM32H7xx_HAL_Driver/Src/stm32h7xx_hal_i2c_ex.o
LOAD ./Drivers/STM32H7xx_HAL_Driver/Src/stm32h7xx_hal_mdma.o
LOAD ./Drivers/STM32H7xx_HAL_Driver/Src/stm32h7xx_hal_pwr.o
LOAD ./Drivers/STM32H7xx_HAL_Driver/Src/stm32h7xx_hal_pwr_ex.o
LOAD ./Drivers/STM32H7xx_HAL_Driver/Src/stm32h7xx_hal_rcc.o
LOAD ./Drivers/STM32H7xx_HAL_Driver/Src/stm32h7xx_hal_rcc_ex.o
LOAD ./Drivers/STM32H7xx_HAL_Driver/Src/stm32h7xx_hal_tim.o
LOAD ./Drivers/STM32H7xx_HAL_Driver/Src/stm32h7xx_hal_tim_ex.o
LOAD ./Middlewares/Third_Party/FreeRTOS/Source/CMSIS_RTOS/cmsis_os.o
LOAD ./Middlewares/Third_Party/FreeRTOS/Source/croutine.o
LOAD ./Middlewares/Third_Party/FreeRTOS/Source/event_groups.o
LOAD ./Middlewares/Third_Party/FreeRTOS/Source/list.o
LOAD ./Middlewares/Third_Party/FreeRTOS/Source/queue.o
LOAD ./Middlewares/Third_Party/FreeRTOS/Source/stream_buffer.o
LOAD ./Middlewares/Third_Party/FreeRTOS/Source/tasks.o
LOAD ./Middlewares/Third_Party/FreeRTOS/Source/timers.o
LOAD ./Middlewares/Third_Party/FreeRTOS/Source/portable/GCC/ARM_CM4F/port.o
LOAD ./Middlewares/Third_Party/FreeRTOS/Source/portable/MemMang/heap_4.o
START GROUP
LOAD C:/ST/STM32CubeIDE_1.14.0/STM32CubeIDE/plugins/com.st.stm32cube.ide.mcu.externaltools.gnu-tools-for-stm32.11.3.rel1.win32_1.1.100.202309141235/tools/bin/../lib/gcc/arm-none-eabi/11.3.1/../../../../arm-none-eabi/lib/thumb/v7e-m+dp/hard\libc_nano.a
LOAD C:/ST/STM32CubeIDE_1.14.0/STM32CubeIDE/plugins/com.st.stm32cube.ide.mcu.externaltools.gnu-tools-for-stm32.11.3.rel1.win32_1.1.100.202309141235/tools/bin/../lib/gcc/arm-none-eabi/11.3.1/../../../../arm-none-eabi/lib/thumb/v7e-m+dp/hard\libm.a
END GROUP
START GROUP
LOAD C:/ST/STM32CubeIDE_1.14.0/STM32CubeIDE/plugins/com.st.stm32cube.ide.mcu.externaltools.gnu-tools-for-stm32.11.3.rel1.win32_1.1.100.202309141235/tools/bin/../lib/gcc/arm-none-eabi/11.3.1/thumb/v7e-m+dp/hard\libgcc.a
LOAD C:/ST/STM32CubeIDE_1.14.0/STM32CubeIDE/plugins/com.st.stm32cube.ide.mcu.externaltools.gnu-tools-for-stm32.11.3.rel1.win32_1.1.100.202309141235/tools/bin/../lib/gcc/arm-none-eabi/11.3.1/../../../../arm-none-eabi/lib/thumb/v7e-m+dp/hard\libc_nano.a
END GROUP
START GROUP
LOAD C:/ST/STM32CubeIDE_1.14.0/STM32CubeIDE/plugins/com.st.stm32cube.ide.mcu.externaltools.gnu-tools-for-stm32.11.3.rel1.win32_1.1.100.202309141235/tools/bin/../lib/gcc/arm-none-eabi/11.3.1/thumb/v7e-m+dp/hard\libgcc.a
LOAD C:/ST/STM32CubeIDE_1.14.0/STM32CubeIDE/plugins/com.st.stm32cube.ide.mcu.externaltools.gnu-tools-for-stm32.11.3.rel1.win32_1.1.100.202309141235/tools/bin/../lib/gcc/arm-none-eabi/11.3.1/../../../../arm-none-eabi/lib/thumb/v7e-m+dp/hard\libc_nano.a
LOAD C:/ST/STM32CubeIDE_1.14.0/STM32CubeIDE/plugins/com.st.stm32cube.ide.mcu.externaltools.gnu-tools-for-stm32.11.3.rel1.win32_1.1.100.202309141235/tools/bin/../lib/gcc/arm-none-eabi/11.3.1/../../../../arm-none-eabi/lib/thumb/v7e-m+dp/hard\libnosys.a
END GROUP
START GROUP
LOAD C:/ST/STM32CubeIDE_1.14.0/STM32CubeIDE/plugins/com.st.stm32cube.ide.mcu.externaltools.gnu-tools-for-stm32.11.3.rel1.win32_1.1.100.202309141235/tools/bin/../lib/gcc/arm-none-eabi/11.3.1/thumb/v7e-m+dp/hard\libgcc.a
LOAD C:/ST/STM32CubeIDE_1.14.0/STM32CubeIDE/plugins/com.st.stm32cube.ide.mcu.externaltools.gnu-tools-for-stm32.11.3.rel1.win32_1.1.100.202309141235/tools/bin/../lib/gcc/arm-none-eabi/11.3.1/../../../../arm-none-eabi/lib/thumb/v7e-m+dp/hard\libc_nano.a
LOAD C:/ST/STM32CubeIDE_1.14.0/STM32CubeIDE/plugins/com.st.stm32cube.ide.mcu.externaltools.gnu-tools-for-stm32.11.3.rel1.win32_1.1.100.202309141235/tools/bin/../lib/gcc/arm-none-eabi/11.3.1/../../../../arm-none-eabi/lib/thumb/v7e-m+dp/hard\libnosys.a
END GROUP
LOAD C:/ST/STM32CubeIDE_1.14.0/STM32CubeIDE/plugins/com.st.stm32cube.ide.mcu.externaltools.gnu-tools-for-stm32.11.3.rel1.win32_1.1.100.202309141235/tools/bin/../lib/gcc/arm-none-eabi/11.3.1/thumb/v7e-m+dp/hard/crtend.o
LOAD C:/ST/STM32CubeIDE_1.14.0/STM32CubeIDE/plugins/com.st.stm32cube.ide.mcu.externaltools.gnu-tools-for-stm32.11.3.rel1.win32_1.1.100.202309141235/tools/bin/../lib/gcc/arm-none-eabi/11.3.1/thumb/v7e-m+dp/hard/crtn.o
                0x0000000024100000                _estack = (ORIGIN (RAM) + LENGTH (RAM))
                0x0000000000000200                _Min_Heap_Size = 0x200
                0x0000000000000400                _Min_Stack_Size = 0x400

.isr_vector     0x0000000008000000      0x2ac
                0x0000000008000000                . = ALIGN (0x4)
 *(.isr_vector)
 .isr_vector    0x0000000008000000      0x2ac ./Core/Startup/startup_stm32h7b0vbtx.o
                0x0000000008000000                g_pfnVectors
                0x00000000080002ac                . = ALIGN (0x4)

.text           0x00000000080002b0     0x3ff8
                0x00000000080002b0                . = ALIGN (0x4)
 *(.text)
 .text          0x00000000080002b0       0x40 C:/ST/STM32CubeIDE_1.14.0/STM32CubeIDE/plugins/com.st.stm32cube.ide.mcu.externaltools.gnu-tools-for-stm32.11.3.rel1.win32_1.1.100.202309141235/tools/bin/../lib/gcc/arm-none-eabi/11.3.1/thumb/v7e-m+dp/hard/crtbegin.o
 *(.text*)
 .text.vApplicationGetIdleTaskMemory
                0x00000000080002f0       0x34 ./Core/Src/freertos.o
                0x00000000080002f0                vApplicationGetIdleTaskMemory
 .text.MX_GPIO_Init
                0x0000000008000324       0x54 ./Core/Src/gpio.o
                0x0000000008000324                MX_GPIO_Init
 .text.main     0x0000000008000378      0x104 ./Core/Src/main.o
                0x0000000008000378                main
 .text.SystemClock_Config
                0x000000000800047c       0xe8 ./Core/Src/main.o
                0x000000000800047c                SystemClock_Config
 .text.vApplicationIdleHook
                0x0000000008000564       0x24 ./Core/Src/main.o
                0x0000000008000564                vApplicationIdleHook
 .text.vTask1   0x0000000008000588       0x28 ./Core/Src/main.o
                0x0000000008000588                vTask1
 .text.vTask2   0x00000000080005b0       0x38 ./Core/Src/main.o
                0x00000000080005b0                vTask2
 .text.vTask3   0x00000000080005e8       0x3c ./Core/Src/main.o
                0x00000000080005e8                vTask3
 .text.vTask4   0x0000000008000624       0x3c ./Core/Src/main.o
                0x0000000008000624                vTask4
 .text.vSenderTask
                0x0000000008000660       0x3c ./Core/Src/main.o
                0x0000000008000660                vSenderTask
 .text.vReceiverTask
                0x000000000800069c       0x44 ./Core/Src/main.o
                0x000000000800069c                vReceiverTask
 .text.HAL_TIM_PeriodElapsedCallback
                0x00000000080006e0       0x24 ./Core/Src/main.o
                0x00000000080006e0                HAL_TIM_PeriodElapsedCallback
 .text.Error_Handler
                0x0000000008000704        0xa ./Core/Src/main.o
                0x0000000008000704                Error_Handler
 *fill*         0x000000000800070e        0x2 
 .text.HAL_MspInit
                0x0000000008000710       0x3c ./Core/Src/stm32h7xx_hal_msp.o
                0x0000000008000710                HAL_MspInit
 .text.HAL_InitTick
                0x000000000800074c       0xc4 ./Core/Src/stm32h7xx_hal_timebase_tim.o
                0x000000000800074c                HAL_InitTick
 .text.NMI_Handler
                0x0000000008000810        0x6 ./Core/Src/stm32h7xx_it.o
                0x0000000008000810                NMI_Handler
 .text.HardFault_Handler
                0x0000000008000816        0x6 ./Core/Src/stm32h7xx_it.o
                0x0000000008000816                HardFault_Handler
 .text.MemManage_Handler
                0x000000000800081c        0x6 ./Core/Src/stm32h7xx_it.o
                0x000000000800081c                MemManage_Handler
 .text.BusFault_Handler
                0x0000000008000822        0x6 ./Core/Src/stm32h7xx_it.o
                0x0000000008000822                BusFault_Handler
 .text.UsageFault_Handler
                0x0000000008000828        0x6 ./Core/Src/stm32h7xx_it.o
                0x0000000008000828                UsageFault_Handler
 .text.DebugMon_Handler
                0x000000000800082e        0xe ./Core/Src/stm32h7xx_it.o
                0x000000000800082e                DebugMon_Handler
 .text.TIM1_UP_IRQHandler
                0x000000000800083c       0x14 ./Core/Src/stm32h7xx_it.o
                0x000000000800083c                TIM1_UP_IRQHandler
 .text.SystemInit
                0x0000000008000850       0xf0 ./Core/Src/system_stm32h7xx.o
                0x0000000008000850                SystemInit
 .text.Reset_Handler
                0x0000000008000940       0x50 ./Core/Startup/startup_stm32h7b0vbtx.o
                0x0000000008000940                Reset_Handler
 .text.Default_Handler
                0x0000000008000990        0x2 ./Core/Startup/startup_stm32h7b0vbtx.o
                0x0000000008000990                RTC_Alarm_IRQHandler
                0x0000000008000990                HASH_RNG_IRQHandler
                0x0000000008000990                EXTI2_IRQHandler
                0x0000000008000990                TIM8_CC_IRQHandler
                0x0000000008000990                UART8_IRQHandler
                0x0000000008000990                BDMA2_Channel1_IRQHandler
                0x0000000008000990                SPI4_IRQHandler
                0x0000000008000990                BDMA2_Channel0_IRQHandler
                0x0000000008000990                TIM1_CC_IRQHandler
                0x0000000008000990                DMA2_Stream5_IRQHandler
                0x0000000008000990                JPEG_IRQHandler
                0x0000000008000990                DMA1_Stream5_IRQHandler
                0x0000000008000990                EXTI3_IRQHandler
                0x0000000008000990                LPTIM4_IRQHandler
                0x0000000008000990                TIM8_TRG_COM_TIM14_IRQHandler
                0x0000000008000990                LPTIM2_IRQHandler
                0x0000000008000990                DFSDM1_FLT1_IRQHandler
                0x0000000008000990                DMAMUX2_OVR_IRQHandler
                0x0000000008000990                GFXMMU_IRQHandler
                0x0000000008000990                TIM8_UP_TIM13_IRQHandler
                0x0000000008000990                I2C3_ER_IRQHandler
                0x0000000008000990                DFSDM1_FLT2_IRQHandler
                0x0000000008000990                USART10_IRQHandler
                0x0000000008000990                MDMA_IRQHandler
                0x0000000008000990                LPTIM3_IRQHandler
                0x0000000008000990                BDMA2_Channel3_IRQHandler
                0x0000000008000990                HSEM1_IRQHandler
                0x0000000008000990                EXTI0_IRQHandler
                0x0000000008000990                I2C2_EV_IRQHandler
                0x0000000008000990                DAC2_IRQHandler
                0x0000000008000990                DMA1_Stream2_IRQHandler
                0x0000000008000990                FPU_IRQHandler
                0x0000000008000990                OTG_HS_WKUP_IRQHandler
                0x0000000008000990                FDCAN1_IT1_IRQHandler
                0x0000000008000990                LTDC_ER_IRQHandler
                0x0000000008000990                DMA2_Stream2_IRQHandler
                0x0000000008000990                SPI1_IRQHandler
                0x0000000008000990                OCTOSPI1_IRQHandler
                0x0000000008000990                TIM6_DAC_IRQHandler
                0x0000000008000990                BDMA2_Channel6_IRQHandler
                0x0000000008000990                DMA2_Stream3_IRQHandler
                0x0000000008000990                OCTOSPI2_IRQHandler
                0x0000000008000990                SAI2_IRQHandler
                0x0000000008000990                BDMA1_IRQHandler
                0x0000000008000990                DFSDM1_FLT3_IRQHandler
                0x0000000008000990                USART6_IRQHandler
                0x0000000008000990                TIM17_IRQHandler
                0x0000000008000990                USART3_IRQHandler
                0x0000000008000990                CRYP_IRQHandler
                0x0000000008000990                LPTIM5_IRQHandler
                0x0000000008000990                UART5_IRQHandler
                0x0000000008000990                DMA2_Stream0_IRQHandler
                0x0000000008000990                TIM4_IRQHandler
                0x0000000008000990                I2C1_EV_IRQHandler
                0x0000000008000990                DMA1_Stream6_IRQHandler
                0x0000000008000990                DMAMUX1_OVR_IRQHandler
                0x0000000008000990                DMA1_Stream1_IRQHandler
                0x0000000008000990                TIM16_IRQHandler
                0x0000000008000990                UART4_IRQHandler
                0x0000000008000990                TIM3_IRQHandler
                0x0000000008000990                RCC_IRQHandler
                0x0000000008000990                UART9_IRQHandler
                0x0000000008000990                TIM8_BRK_TIM12_IRQHandler
                0x0000000008000990                TIM1_TRG_COM_IRQHandler
                0x0000000008000990                Default_Handler
                0x0000000008000990                ECC_IRQHandler
                0x0000000008000990                BDMA2_Channel2_IRQHandler
                0x0000000008000990                CEC_IRQHandler
                0x0000000008000990                EXTI15_10_IRQHandler
                0x0000000008000990                DFSDM1_FLT4_IRQHandler
                0x0000000008000990                ADC_IRQHandler
                0x0000000008000990                OTFDEC1_IRQHandler
                0x0000000008000990                DMA1_Stream7_IRQHandler
                0x0000000008000990                SPI5_IRQHandler
                0x0000000008000990                TIM7_IRQHandler
                0x0000000008000990                SDMMC1_IRQHandler
                0x0000000008000990                TIM5_IRQHandler
                0x0000000008000990                DMA2_Stream7_IRQHandler
                0x0000000008000990                TIM15_IRQHandler
                0x0000000008000990                I2C3_EV_IRQHandler
                0x0000000008000990                DFSDM2_IRQHandler
                0x0000000008000990                EXTI9_5_IRQHandler
                0x0000000008000990                RTC_WKUP_IRQHandler
                0x0000000008000990                LTDC_IRQHandler
                0x0000000008000990                SPDIF_RX_IRQHandler
                0x0000000008000990                PVD_PVM_IRQHandler
                0x0000000008000990                SPI2_IRQHandler
                0x0000000008000990                OTG_HS_EP1_IN_IRQHandler
                0x0000000008000990                DFSDM1_FLT5_IRQHandler
                0x0000000008000990                DMA1_Stream0_IRQHandler
                0x0000000008000990                OTFDEC2_IRQHandler
                0x0000000008000990                CRS_IRQHandler
                0x0000000008000990                EXTI4_IRQHandler
                0x0000000008000990                DFSDM1_FLT6_IRQHandler
                0x0000000008000990                FDCAN2_IT1_IRQHandler
                0x0000000008000990                COMP_IRQHandler
                0x0000000008000990                OTG_HS_EP1_OUT_IRQHandler
                0x0000000008000990                WWDG_IRQHandler
                0x0000000008000990                SPI6_IRQHandler
                0x0000000008000990                MDIOS_IRQHandler
                0x0000000008000990                I2C4_EV_IRQHandler
                0x0000000008000990                FDCAN2_IT0_IRQHandler
                0x0000000008000990                LPUART1_IRQHandler
                0x0000000008000990                FDCAN1_IT0_IRQHandler
                0x0000000008000990                TIM2_IRQHandler
                0x0000000008000990                BDMA2_Channel5_IRQHandler
                0x0000000008000990                OTG_HS_IRQHandler
                0x0000000008000990                DMA2D_IRQHandler
                0x0000000008000990                TIM1_BRK_IRQHandler
                0x0000000008000990                EXTI1_IRQHandler
                0x0000000008000990                SDMMC2_IRQHandler
                0x0000000008000990                DTS_IRQHandler
                0x0000000008000990                UART7_IRQHandler
                0x0000000008000990                MDIOS_WKUP_IRQHandler
                0x0000000008000990                USART2_IRQHandler
                0x0000000008000990                DFSDM1_FLT0_IRQHandler
                0x0000000008000990                I2C2_ER_IRQHandler
                0x0000000008000990                DMA2_Stream1_IRQHandler
                0x0000000008000990                DFSDM1_FLT7_IRQHandler
                0x0000000008000990                FLASH_IRQHandler
                0x0000000008000990                DMA2_Stream4_IRQHandler
                0x0000000008000990                USART1_IRQHandler
                0x0000000008000990                SPI3_IRQHandler
                0x0000000008000990                WAKEUP_PIN_IRQHandler
                0x0000000008000990                DMA1_Stream4_IRQHandler
                0x0000000008000990                I2C1_ER_IRQHandler
                0x0000000008000990                FMC_IRQHandler
                0x0000000008000990                BDMA2_Channel7_IRQHandler
                0x0000000008000990                FDCAN_CAL_IRQHandler
                0x0000000008000990                SWPMI1_IRQHandler
                0x0000000008000990                LPTIM1_IRQHandler
                0x0000000008000990                DCMI_PSSI_IRQHandler
                0x0000000008000990                I2C4_ER_IRQHandler
                0x0000000008000990                DMA2_Stream6_IRQHandler
                0x0000000008000990                SAI1_IRQHandler
                0x0000000008000990                DMA1_Stream3_IRQHandler
                0x0000000008000990                RTC_TAMP_STAMP_CSS_LSE_IRQHandler
                0x0000000008000990                BDMA2_Channel4_IRQHandler
 *fill*         0x0000000008000992        0x2 
 .text.HAL_Init
                0x0000000008000994       0x78 ./Drivers/STM32H7xx_HAL_Driver/Src/stm32h7xx_hal.o
                0x0000000008000994                HAL_Init
 .text.HAL_IncTick
                0x0000000008000a0c       0x28 ./Drivers/STM32H7xx_HAL_Driver/Src/stm32h7xx_hal.o
                0x0000000008000a0c                HAL_IncTick
 .text.HAL_GetTick
                0x0000000008000a34       0x18 ./Drivers/STM32H7xx_HAL_Driver/Src/stm32h7xx_hal.o
                0x0000000008000a34                HAL_GetTick
 .text.__NVIC_SetPriorityGrouping
                0x0000000008000a4c       0x48 ./Drivers/STM32H7xx_HAL_Driver/Src/stm32h7xx_hal_cortex.o
 .text.__NVIC_GetPriorityGrouping
                0x0000000008000a94       0x1c ./Drivers/STM32H7xx_HAL_Driver/Src/stm32h7xx_hal_cortex.o
 .text.__NVIC_EnableIRQ
                0x0000000008000ab0       0x3c ./Drivers/STM32H7xx_HAL_Driver/Src/stm32h7xx_hal_cortex.o
 .text.__NVIC_SetPriority
                0x0000000008000aec       0x54 ./Drivers/STM32H7xx_HAL_Driver/Src/stm32h7xx_hal_cortex.o
 .text.NVIC_EncodePriority
                0x0000000008000b40       0x66 ./Drivers/STM32H7xx_HAL_Driver/Src/stm32h7xx_hal_cortex.o
 .text.HAL_NVIC_SetPriorityGrouping
                0x0000000008000ba6       0x16 ./Drivers/STM32H7xx_HAL_Driver/Src/stm32h7xx_hal_cortex.o
                0x0000000008000ba6                HAL_NVIC_SetPriorityGrouping
 .text.HAL_NVIC_SetPriority
                0x0000000008000bbc       0x34 ./Drivers/STM32H7xx_HAL_Driver/Src/stm32h7xx_hal_cortex.o
                0x0000000008000bbc                HAL_NVIC_SetPriority
 .text.HAL_NVIC_EnableIRQ
                0x0000000008000bf0       0x1c ./Drivers/STM32H7xx_HAL_Driver/Src/stm32h7xx_hal_cortex.o
                0x0000000008000bf0                HAL_NVIC_EnableIRQ
 .text.HAL_PWREx_ConfigSupply
                0x0000000008000c0c       0x74 ./Drivers/STM32H7xx_HAL_Driver/Src/stm32h7xx_hal_pwr_ex.o
                0x0000000008000c0c                HAL_PWREx_ConfigSupply
 .text.HAL_RCC_OscConfig
                0x0000000008000c80      0x864 ./Drivers/STM32H7xx_HAL_Driver/Src/stm32h7xx_hal_rcc.o
                0x0000000008000c80                HAL_RCC_OscConfig
 .text.HAL_RCC_ClockConfig
                0x00000000080014e4      0x36c ./Drivers/STM32H7xx_HAL_Driver/Src/stm32h7xx_hal_rcc.o
                0x00000000080014e4                HAL_RCC_ClockConfig
 .text.HAL_RCC_GetSysClockFreq
                0x0000000008001850      0x2f4 ./Drivers/STM32H7xx_HAL_Driver/Src/stm32h7xx_hal_rcc.o
                0x0000000008001850                HAL_RCC_GetSysClockFreq
 .text.HAL_RCC_GetHCLKFreq
                0x0000000008001b44       0x60 ./Drivers/STM32H7xx_HAL_Driver/Src/stm32h7xx_hal_rcc.o
                0x0000000008001b44                HAL_RCC_GetHCLKFreq
 .text.HAL_RCC_GetPCLK2Freq
                0x0000000008001ba4       0x2c ./Drivers/STM32H7xx_HAL_Driver/Src/stm32h7xx_hal_rcc.o
                0x0000000008001ba4                HAL_RCC_GetPCLK2Freq
 .text.HAL_RCC_GetClockConfig
                0x0000000008001bd0       0x84 ./Drivers/STM32H7xx_HAL_Driver/Src/stm32h7xx_hal_rcc.o
                0x0000000008001bd0                HAL_RCC_GetClockConfig
 .text.HAL_TIM_Base_Init
                0x0000000008001c54       0xae ./Drivers/STM32H7xx_HAL_Driver/Src/stm32h7xx_hal_tim.o
                0x0000000008001c54                HAL_TIM_Base_Init
 .text.HAL_TIM_Base_MspInit
                0x0000000008001d02       0x14 ./Drivers/STM32H7xx_HAL_Driver/Src/stm32h7xx_hal_tim.o
                0x0000000008001d02                HAL_TIM_Base_MspInit
 *fill*         0x0000000008001d16        0x2 
 .text.HAL_TIM_Base_Start_IT
                0x0000000008001d18       0xf0 ./Drivers/STM32H7xx_HAL_Driver/Src/stm32h7xx_hal_tim.o
                0x0000000008001d18                HAL_TIM_Base_Start_IT
 .text.HAL_TIM_IRQHandler
                0x0000000008001e08      0x23e ./Drivers/STM32H7xx_HAL_Driver/Src/stm32h7xx_hal_tim.o
                0x0000000008001e08                HAL_TIM_IRQHandler
 .text.HAL_TIM_OC_DelayElapsedCallback
                0x0000000008002046       0x14 ./Drivers/STM32H7xx_HAL_Driver/Src/stm32h7xx_hal_tim.o
                0x0000000008002046                HAL_TIM_OC_DelayElapsedCallback
 .text.HAL_TIM_IC_CaptureCallback
                0x000000000800205a       0x14 ./Drivers/STM32H7xx_HAL_Driver/Src/stm32h7xx_hal_tim.o
                0x000000000800205a                HAL_TIM_IC_CaptureCallback
 .text.HAL_TIM_PWM_PulseFinishedCallback
                0x000000000800206e       0x14 ./Drivers/STM32H7xx_HAL_Driver/Src/stm32h7xx_hal_tim.o
                0x000000000800206e                HAL_TIM_PWM_PulseFinishedCallback
 .text.HAL_TIM_TriggerCallback
                0x0000000008002082       0x14 ./Drivers/STM32H7xx_HAL_Driver/Src/stm32h7xx_hal_tim.o
                0x0000000008002082                HAL_TIM_TriggerCallback
 *fill*         0x0000000008002096        0x2 
 .text.TIM_Base_SetConfig
                0x0000000008002098      0x134 ./Drivers/STM32H7xx_HAL_Driver/Src/stm32h7xx_hal_tim.o
                0x0000000008002098                TIM_Base_SetConfig
 .text.HAL_TIMEx_CommutCallback
                0x00000000080021cc       0x14 ./Drivers/STM32H7xx_HAL_Driver/Src/stm32h7xx_hal_tim_ex.o
                0x00000000080021cc                HAL_TIMEx_CommutCallback
 .text.HAL_TIMEx_BreakCallback
                0x00000000080021e0       0x14 ./Drivers/STM32H7xx_HAL_Driver/Src/stm32h7xx_hal_tim_ex.o
                0x00000000080021e0                HAL_TIMEx_BreakCallback
 .text.HAL_TIMEx_Break2Callback
                0x00000000080021f4       0x14 ./Drivers/STM32H7xx_HAL_Driver/Src/stm32h7xx_hal_tim_ex.o
                0x00000000080021f4                HAL_TIMEx_Break2Callback
 .text.vListInitialise
                0x0000000008002208       0x40 ./Middlewares/Third_Party/FreeRTOS/Source/list.o
                0x0000000008002208                vListInitialise
 .text.vListInitialiseItem
                0x0000000008002248       0x1a ./Middlewares/Third_Party/FreeRTOS/Source/list.o
                0x0000000008002248                vListInitialiseItem
 .text.vListInsertEnd
                0x0000000008002262       0x48 ./Middlewares/Third_Party/FreeRTOS/Source/list.o
                0x0000000008002262                vListInsertEnd
 .text.vListInsert
                0x00000000080022aa       0x72 ./Middlewares/Third_Party/FreeRTOS/Source/list.o
                0x00000000080022aa                vListInsert
 .text.uxListRemove
                0x000000000800231c       0x54 ./Middlewares/Third_Party/FreeRTOS/Source/list.o
                0x000000000800231c                uxListRemove
 .text.xQueueGenericReset
                0x0000000008002370       0xd0 ./Middlewares/Third_Party/FreeRTOS/Source/queue.o
                0x0000000008002370                xQueueGenericReset
 .text.xQueueGenericCreate
                0x0000000008002440       0x74 ./Middlewares/Third_Party/FreeRTOS/Source/queue.o
                0x0000000008002440                xQueueGenericCreate
 .text.prvInitialiseNewQueue
                0x00000000080024b4       0x3e ./Middlewares/Third_Party/FreeRTOS/Source/queue.o
 .text.prvInitialiseMutex
                0x00000000080024f2       0x34 ./Middlewares/Third_Party/FreeRTOS/Source/queue.o
 .text.xQueueCreateMutex
                0x0000000008002526       0x30 ./Middlewares/Third_Party/FreeRTOS/Source/queue.o
                0x0000000008002526                xQueueCreateMutex
 *fill*         0x0000000008002556        0x2 
 .text.xQueueGenericSend
                0x0000000008002558      0x1fc ./Middlewares/Third_Party/FreeRTOS/Source/queue.o
                0x0000000008002558                xQueueGenericSend
 .text.xQueueReceive
                0x0000000008002754      0x1c0 ./Middlewares/Third_Party/FreeRTOS/Source/queue.o
                0x0000000008002754                xQueueReceive
 .text.uxQueueMessagesWaiting
                0x0000000008002914       0x3c ./Middlewares/Third_Party/FreeRTOS/Source/queue.o
                0x0000000008002914                uxQueueMessagesWaiting
 .text.prvCopyDataToQueue
                0x0000000008002950       0xd4 ./Middlewares/Third_Party/FreeRTOS/Source/queue.o
 .text.prvCopyDataFromQueue
                0x0000000008002a24       0x4c ./Middlewares/Third_Party/FreeRTOS/Source/queue.o
 .text.prvUnlockQueue
                0x0000000008002a70       0xa4 ./Middlewares/Third_Party/FreeRTOS/Source/queue.o
 .text.prvIsQueueEmpty
                0x0000000008002b14       0x2c ./Middlewares/Third_Party/FreeRTOS/Source/queue.o
 .text.prvIsQueueFull
                0x0000000008002b40       0x30 ./Middlewares/Third_Party/FreeRTOS/Source/queue.o
 .text.xTaskCreateStatic
                0x0000000008002b70       0xba ./Middlewares/Third_Party/FreeRTOS/Source/tasks.o
                0x0000000008002b70                xTaskCreateStatic
 .text.xTaskCreate
                0x0000000008002c2a       0x8a ./Middlewares/Third_Party/FreeRTOS/Source/tasks.o
                0x0000000008002c2a                xTaskCreate
 .text.prvInitialiseNewTask
                0x0000000008002cb4      0x10e ./Middlewares/Third_Party/FreeRTOS/Source/tasks.o
 *fill*         0x0000000008002dc2        0x2 
 .text.prvAddNewTaskToReadyList
                0x0000000008002dc4       0xd4 ./Middlewares/Third_Party/FreeRTOS/Source/tasks.o
 .text.vTaskDelayUntil
                0x0000000008002e98       0xfc ./Middlewares/Third_Party/FreeRTOS/Source/tasks.o
                0x0000000008002e98                vTaskDelayUntil
 .text.vTaskDelay
                0x0000000008002f94       0x68 ./Middlewares/Third_Party/FreeRTOS/Source/tasks.o
                0x0000000008002f94                vTaskDelay
 .text.vTaskStartScheduler
                0x0000000008002ffc       0xc0 ./Middlewares/Third_Party/FreeRTOS/Source/tasks.o
                0x0000000008002ffc                vTaskStartScheduler
 .text.vTaskSuspendAll
                0x00000000080030bc       0x1c ./Middlewares/Third_Party/FreeRTOS/Source/tasks.o
                0x00000000080030bc                vTaskSuspendAll
 .text.xTaskResumeAll
                0x00000000080030d8      0x138 ./Middlewares/Third_Party/FreeRTOS/Source/tasks.o
                0x00000000080030d8                xTaskResumeAll
 .text.xTaskGetTickCount
                0x0000000008003210       0x20 ./Middlewares/Third_Party/FreeRTOS/Source/tasks.o
                0x0000000008003210                xTaskGetTickCount
 .text.xTaskIncrementTick
                0x0000000008003230      0x170 ./Middlewares/Third_Party/FreeRTOS/Source/tasks.o
                0x0000000008003230                xTaskIncrementTick
 .text.vTaskSwitchContext
                0x00000000080033a0       0xb8 ./Middlewares/Third_Party/FreeRTOS/Source/tasks.o
                0x00000000080033a0                vTaskSwitchContext
 .text.vTaskPlaceOnEventList
                0x0000000008003458       0x48 ./Middlewares/Third_Party/FreeRTOS/Source/tasks.o
                0x0000000008003458                vTaskPlaceOnEventList
 .text.xTaskRemoveFromEventList
                0x00000000080034a0       0xc4 ./Middlewares/Third_Party/FreeRTOS/Source/tasks.o
                0x00000000080034a0                xTaskRemoveFromEventList
 .text.vTaskInternalSetTimeOutState
                0x0000000008003564       0x2c ./Middlewares/Third_Party/FreeRTOS/Source/tasks.o
                0x0000000008003564                vTaskInternalSetTimeOutState
 .text.xTaskCheckForTimeOut
                0x0000000008003590       0xc4 ./Middlewares/Third_Party/FreeRTOS/Source/tasks.o
                0x0000000008003590                xTaskCheckForTimeOut
 .text.vTaskMissedYield
                0x0000000008003654       0x18 ./Middlewares/Third_Party/FreeRTOS/Source/tasks.o
                0x0000000008003654                vTaskMissedYield
 .text.prvIdleTask
                0x000000000800366c       0x34 ./Middlewares/Third_Party/FreeRTOS/Source/tasks.o
 .text.prvInitialiseTaskLists
                0x00000000080036a0       0x80 ./Middlewares/Third_Party/FreeRTOS/Source/tasks.o
 .text.prvCheckTasksWaitingTermination
                0x0000000008003720       0x5c ./Middlewares/Third_Party/FreeRTOS/Source/tasks.o
 .text.prvDeleteTCB
                0x000000000800377c       0x5e ./Middlewares/Third_Party/FreeRTOS/Source/tasks.o
 *fill*         0x00000000080037da        0x2 
 .text.prvResetNextTaskUnblockTime
                0x00000000080037dc       0x40 ./Middlewares/Third_Party/FreeRTOS/Source/tasks.o
 .text.xTaskGetSchedulerState
                0x000000000800381c       0x3c ./Middlewares/Third_Party/FreeRTOS/Source/tasks.o
                0x000000000800381c                xTaskGetSchedulerState
 .text.xTaskPriorityDisinherit
                0x0000000008003858      0x10c ./Middlewares/Third_Party/FreeRTOS/Source/tasks.o
                0x0000000008003858                xTaskPriorityDisinherit
 .text.prvAddCurrentTaskToDelayedList
                0x0000000008003964       0xcc ./Middlewares/Third_Party/FreeRTOS/Source/tasks.o
 .text.pxPortInitialiseStack
                0x0000000008003a30       0x68 ./Middlewares/Third_Party/FreeRTOS/Source/portable/GCC/ARM_CM4F/port.o
                0x0000000008003a30                pxPortInitialiseStack
 .text.prvTaskExitError
                0x0000000008003a98       0x58 ./Middlewares/Third_Party/FreeRTOS/Source/portable/GCC/ARM_CM4F/port.o
 .text.SVC_Handler
                0x0000000008003af0       0x28 ./Middlewares/Third_Party/FreeRTOS/Source/portable/GCC/ARM_CM4F/port.o
                0x0000000008003af0                SVC_Handler
 .text.prvPortStartFirstTask
                0x0000000008003b18       0x28 ./Middlewares/Third_Party/FreeRTOS/Source/portable/GCC/ARM_CM4F/port.o
 .text.xPortStartScheduler
                0x0000000008003b40      0x144 ./Middlewares/Third_Party/FreeRTOS/Source/portable/GCC/ARM_CM4F/port.o
                0x0000000008003b40                xPortStartScheduler
 .text.vPortEnterCritical
                0x0000000008003c84       0x60 ./Middlewares/Third_Party/FreeRTOS/Source/portable/GCC/ARM_CM4F/port.o
                0x0000000008003c84                vPortEnterCritical
 .text.vPortExitCritical
                0x0000000008003ce4       0x54 ./Middlewares/Third_Party/FreeRTOS/Source/portable/GCC/ARM_CM4F/port.o
                0x0000000008003ce4                vPortExitCritical
 *fill*         0x0000000008003d38        0x8 
 .text.PendSV_Handler
                0x0000000008003d40       0x68 ./Middlewares/Third_Party/FreeRTOS/Source/portable/GCC/ARM_CM4F/port.o
                0x0000000008003d40                PendSV_Handler
 .text.SysTick_Handler
                0x0000000008003da8       0x44 ./Middlewares/Third_Party/FreeRTOS/Source/portable/GCC/ARM_CM4F/port.o
                0x0000000008003da8                SysTick_Handler
 .text.vPortSetupTimerInterrupt
                0x0000000008003dec       0x48 ./Middlewares/Third_Party/FreeRTOS/Source/portable/GCC/ARM_CM4F/port.o
                0x0000000008003dec                vPortSetupTimerInterrupt
 .text.vPortEnableVFP
                0x0000000008003e34       0x14 ./Middlewares/Third_Party/FreeRTOS/Source/portable/GCC/ARM_CM4F/port.o
 .text.pvPortMalloc
                0x0000000008003e48      0x198 ./Middlewares/Third_Party/FreeRTOS/Source/portable/MemMang/heap_4.o
                0x0000000008003e48                pvPortMalloc
 .text.vPortFree
                0x0000000008003fe0       0xc4 ./Middlewares/Third_Party/FreeRTOS/Source/portable/MemMang/heap_4.o
                0x0000000008003fe0                vPortFree
 .text.prvHeapInit
                0x00000000080040a4       0xc4 ./Middlewares/Third_Party/FreeRTOS/Source/portable/MemMang/heap_4.o
 .text.prvInsertBlockIntoFreeList
                0x0000000008004168       0xb4 ./Middlewares/Third_Party/FreeRTOS/Source/portable/MemMang/heap_4.o
 .text.memset   0x000000000800421c       0x10 C:/ST/STM32CubeIDE_1.14.0/STM32CubeIDE/plugins/com.st.stm32cube.ide.mcu.externaltools.gnu-tools-for-stm32.11.3.rel1.win32_1.1.100.202309141235/tools/bin/../lib/gcc/arm-none-eabi/11.3.1/../../../../arm-none-eabi/lib/thumb/v7e-m+dp/hard\libc_nano.a(libc_a-memset.o)
                0x000000000800421c                memset
 .text.__libc_init_array
                0x000000000800422c       0x48 C:/ST/STM32CubeIDE_1.14.0/STM32CubeIDE/plugins/com.st.stm32cube.ide.mcu.externaltools.gnu-tools-for-stm32.11.3.rel1.win32_1.1.100.202309141235/tools/bin/../lib/gcc/arm-none-eabi/11.3.1/../../../../arm-none-eabi/lib/thumb/v7e-m+dp/hard\libc_nano.a(libc_a-init.o)
                0x000000000800422c                __libc_init_array
 .text.memcpy   0x0000000008004274       0x1c C:/ST/STM32CubeIDE_1.14.0/STM32CubeIDE/plugins/com.st.stm32cube.ide.mcu.externaltools.gnu-tools-for-stm32.11.3.rel1.win32_1.1.100.202309141235/tools/bin/../lib/gcc/arm-none-eabi/11.3.1/../../../../arm-none-eabi/lib/thumb/v7e-m+dp/hard\libc_nano.a(libc_a-memcpy-stub.o)
                0x0000000008004274                memcpy
 *(.glue_7)
 .glue_7        0x0000000008004290        0x0 linker stubs
 *(.glue_7t)
 .glue_7t       0x0000000008004290        0x0 linker stubs
 *(.eh_frame)
 .eh_frame      0x0000000008004290        0x0 C:/ST/STM32CubeIDE_1.14.0/STM32CubeIDE/plugins/com.st.stm32cube.ide.mcu.externaltools.gnu-tools-for-stm32.11.3.rel1.win32_1.1.100.202309141235/tools/bin/../lib/gcc/arm-none-eabi/11.3.1/thumb/v7e-m+dp/hard/crtbegin.o
 *(.init)
 .init          0x0000000008004290        0x4 C:/ST/STM32CubeIDE_1.14.0/STM32CubeIDE/plugins/com.st.stm32cube.ide.mcu.externaltools.gnu-tools-for-stm32.11.3.rel1.win32_1.1.100.202309141235/tools/bin/../lib/gcc/arm-none-eabi/11.3.1/thumb/v7e-m+dp/hard/crti.o
                0x0000000008004290                _init
 .init          0x0000000008004294        0x8 C:/ST/STM32CubeIDE_1.14.0/STM32CubeIDE/plugins/com.st.stm32cube.ide.mcu.externaltools.gnu-tools-for-stm32.11.3.rel1.win32_1.1.100.202309141235/tools/bin/../lib/gcc/arm-none-eabi/11.3.1/thumb/v7e-m+dp/hard/crtn.o
 *(.fini)
 .fini          0x000000000800429c        0x4 C:/ST/STM32CubeIDE_1.14.0/STM32CubeIDE/plugins/com.st.stm32cube.ide.mcu.externaltools.gnu-tools-for-stm32.11.3.rel1.win32_1.1.100.202309141235/tools/bin/../lib/gcc/arm-none-eabi/11.3.1/thumb/v7e-m+dp/hard/crti.o
                0x000000000800429c                _fini
 .fini          0x00000000080042a0        0x8 C:/ST/STM32CubeIDE_1.14.0/STM32CubeIDE/plugins/com.st.stm32cube.ide.mcu.externaltools.gnu-tools-for-stm32.11.3.rel1.win32_1.1.100.202309141235/tools/bin/../lib/gcc/arm-none-eabi/11.3.1/thumb/v7e-m+dp/hard/crtn.o
                0x00000000080042a8                . = ALIGN (0x4)
                0x00000000080042a8                _etext = .

.vfp11_veneer   0x00000000080042a8        0x0
 .vfp11_veneer  0x00000000080042a8        0x0 linker stubs

.v4_bx          0x00000000080042a8        0x0
 .v4_bx         0x00000000080042a8        0x0 linker stubs

.iplt           0x00000000080042a8        0x0
 .iplt          0x00000000080042a8        0x0 C:/ST/STM32CubeIDE_1.14.0/STM32CubeIDE/plugins/com.st.stm32cube.ide.mcu.externaltools.gnu-tools-for-stm32.11.3.rel1.win32_1.1.100.202309141235/tools/bin/../lib/gcc/arm-none-eabi/11.3.1/thumb/v7e-m+dp/hard/crtbegin.o

.rodata         0x00000000080042a8      0x128
                0x00000000080042a8                . = ALIGN (0x4)
 *(.rodata)
 .rodata        0x00000000080042a8      0x10d ./Core/Src/main.o
 *fill*         0x00000000080043b5        0x3 
 .rodata        0x00000000080043b8        0x5 ./Middlewares/Third_Party/FreeRTOS/Source/tasks.o
 *(.rodata*)
 *fill*         0x00000000080043bd        0x3 
 .rodata.D1CorePrescTable
                0x00000000080043c0       0x10 ./Core/Src/system_stm32h7xx.o
                0x00000000080043c0                D1CorePrescTable
                0x00000000080043d0                . = ALIGN (0x4)

.rel.dyn        0x00000000080043d0        0x0
 .rel.iplt      0x00000000080043d0        0x0 C:/ST/STM32CubeIDE_1.14.0/STM32CubeIDE/plugins/com.st.stm32cube.ide.mcu.externaltools.gnu-tools-for-stm32.11.3.rel1.win32_1.1.100.202309141235/tools/bin/../lib/gcc/arm-none-eabi/11.3.1/thumb/v7e-m+dp/hard/crtbegin.o

.ARM.extab
 *(.ARM.extab* .gnu.linkonce.armextab.*)

.ARM            0x00000000080043d0        0x0
                0x00000000080043d0                __exidx_start = .
 *(.ARM.exidx*)
                0x00000000080043d0                __exidx_end = .

.preinit_array  0x00000000080043d0        0x0
                0x00000000080043d0                PROVIDE (__preinit_array_start = .)
 *(.preinit_array*)
                0x00000000080043d0                PROVIDE (__preinit_array_end = .)

.init_array     0x00000000080043d0        0x4
                0x00000000080043d0                PROVIDE (__init_array_start = .)
 *(SORT_BY_NAME(.init_array.*))
 *(.init_array*)
 .init_array    0x00000000080043d0        0x4 C:/ST/STM32CubeIDE_1.14.0/STM32CubeIDE/plugins/com.st.stm32cube.ide.mcu.externaltools.gnu-tools-for-stm32.11.3.rel1.win32_1.1.100.202309141235/tools/bin/../lib/gcc/arm-none-eabi/11.3.1/thumb/v7e-m+dp/hard/crtbegin.o
                0x00000000080043d4                PROVIDE (__init_array_end = .)

.fini_array     0x00000000080043d4        0x4
                [!provide]                        PROVIDE (__fini_array_start = .)
 *(SORT_BY_NAME(.fini_array.*))
 *(.fini_array*)
 .fini_array    0x00000000080043d4        0x4 C:/ST/STM32CubeIDE_1.14.0/STM32CubeIDE/plugins/com.st.stm32cube.ide.mcu.externaltools.gnu-tools-for-stm32.11.3.rel1.win32_1.1.100.202309141235/tools/bin/../lib/gcc/arm-none-eabi/11.3.1/thumb/v7e-m+dp/hard/crtbegin.o
                [!provide]                        PROVIDE (__fini_array_end = .)
                0x00000000080043d8                _sidata = LOADADDR (.data)

.data           0x0000000024000000       0x14 load address 0x00000000080043d8
                0x0000000024000000                . = ALIGN (0x4)
                0x0000000024000000                _sdata = .
 *(.data)
 *(.data*)
 .data.SystemCoreClock
                0x0000000024000000        0x4 ./Core/Src/system_stm32h7xx.o
                0x0000000024000000                SystemCoreClock
 .data.SystemD2Clock
                0x0000000024000004        0x4 ./Core/Src/system_stm32h7xx.o
                0x0000000024000004                SystemD2Clock
 .data.uwTickPrio
                0x0000000024000008        0x4 ./Drivers/STM32H7xx_HAL_Driver/Src/stm32h7xx_hal.o
                0x0000000024000008                uwTickPrio
 .data.uwTickFreq
                0x000000002400000c        0x1 ./Drivers/STM32H7xx_HAL_Driver/Src/stm32h7xx_hal.o
                0x000000002400000c                uwTickFreq
 *fill*         0x000000002400000d        0x3 
 .data.uxCriticalNesting
                0x0000000024000010        0x4 ./Middlewares/Third_Party/FreeRTOS/Source/portable/GCC/ARM_CM4F/port.o
 *(.RamFunc)
 *(.RamFunc*)
                0x0000000024000014                . = ALIGN (0x4)
                0x0000000024000014                _edata = .

.igot.plt       0x0000000024000014        0x0 load address 0x00000000080043ec
 .igot.plt      0x0000000024000014        0x0 C:/ST/STM32CubeIDE_1.14.0/STM32CubeIDE/plugins/com.st.stm32cube.ide.mcu.externaltools.gnu-tools-for-stm32.11.3.rel1.win32_1.1.100.202309141235/tools/bin/../lib/gcc/arm-none-eabi/11.3.1/thumb/v7e-m+dp/hard/crtbegin.o
                0x0000000024000014                . = ALIGN (0x4)

.bss            0x0000000024000018     0x40b0 load address 0x00000000080043ec
                0x0000000024000018                _sbss = .
                0x0000000024000018                __bss_start__ = _sbss
 *(.bss)
 .bss           0x0000000024000018       0x1c C:/ST/STM32CubeIDE_1.14.0/STM32CubeIDE/plugins/com.st.stm32cube.ide.mcu.externaltools.gnu-tools-for-stm32.11.3.rel1.win32_1.1.100.202309141235/tools/bin/../lib/gcc/arm-none-eabi/11.3.1/thumb/v7e-m+dp/hard/crtbegin.o
 *(.bss*)
 .bss.xIdleTaskTCBBuffer
                0x0000000024000034       0x54 ./Core/Src/freertos.o
 .bss.xIdleStack
                0x0000000024000088      0x200 ./Core/Src/freertos.o
 .bss.x0        0x0000000024000288        0x8 ./Core/Src/main.o
                0x0000000024000288                x0
 .bss.x1        0x0000000024000290        0x8 ./Core/Src/main.o
                0x0000000024000290                x1
 .bss.x2        0x0000000024000298        0x8 ./Core/Src/main.o
                0x0000000024000298                x2
 .bss.send      0x00000000240002a0        0x8 ./Core/Src/main.o
                0x00000000240002a0                send
 .bss.receive   0x00000000240002a8        0x8 ./Core/Src/main.o
                0x00000000240002a8                receive
 .bss.global    0x00000000240002b0       0x64 ./Core/Src/main.o
                0x00000000240002b0                global
 .bss.xTask1Handle
                0x0000000024000314        0x4 ./Core/Src/main.o
                0x0000000024000314                xTask1Handle
 .bss.xTask2Handle
                0x0000000024000318        0x4 ./Core/Src/main.o
                0x0000000024000318                xTask2Handle
 .bss.xQueue    0x000000002400031c        0x4 ./Core/Src/main.o
                0x000000002400031c                xQueue
 .bss.xMutex    0x0000000024000320        0x4 ./Core/Src/main.o
                0x0000000024000320                xMutex
 .bss.htim1     0x0000000024000324       0x4c ./Core/Src/stm32h7xx_hal_timebase_tim.o
                0x0000000024000324                htim1
 .bss.uwTick    0x0000000024000370        0x4 ./Drivers/STM32H7xx_HAL_Driver/Src/stm32h7xx_hal.o
                0x0000000024000370                uwTick
 .bss.pxCurrentTCB
                0x0000000024000374        0x4 ./Middlewares/Third_Party/FreeRTOS/Source/tasks.o
                0x0000000024000374                pxCurrentTCB
 .bss.pxReadyTasksLists
                0x0000000024000378       0x8c ./Middlewares/Third_Party/FreeRTOS/Source/tasks.o
 .bss.xDelayedTaskList1
                0x0000000024000404       0x14 ./Middlewares/Third_Party/FreeRTOS/Source/tasks.o
 .bss.xDelayedTaskList2
                0x0000000024000418       0x14 ./Middlewares/Third_Party/FreeRTOS/Source/tasks.o
 .bss.pxDelayedTaskList
                0x000000002400042c        0x4 ./Middlewares/Third_Party/FreeRTOS/Source/tasks.o
 .bss.pxOverflowDelayedTaskList
                0x0000000024000430        0x4 ./Middlewares/Third_Party/FreeRTOS/Source/tasks.o
 .bss.xPendingReadyList
                0x0000000024000434       0x14 ./Middlewares/Third_Party/FreeRTOS/Source/tasks.o
 .bss.xTasksWaitingTermination
                0x0000000024000448       0x14 ./Middlewares/Third_Party/FreeRTOS/Source/tasks.o
 .bss.uxDeletedTasksWaitingCleanUp
                0x000000002400045c        0x4 ./Middlewares/Third_Party/FreeRTOS/Source/tasks.o
 .bss.xSuspendedTaskList
                0x0000000024000460       0x14 ./Middlewares/Third_Party/FreeRTOS/Source/tasks.o
 .bss.uxCurrentNumberOfTasks
                0x0000000024000474        0x4 ./Middlewares/Third_Party/FreeRTOS/Source/tasks.o
 .bss.xTickCount
                0x0000000024000478        0x4 ./Middlewares/Third_Party/FreeRTOS/Source/tasks.o
 .bss.uxTopReadyPriority
                0x000000002400047c        0x4 ./Middlewares/Third_Party/FreeRTOS/Source/tasks.o
 .bss.xSchedulerRunning
                0x0000000024000480        0x4 ./Middlewares/Third_Party/FreeRTOS/Source/tasks.o
 .bss.xPendedTicks
                0x0000000024000484        0x4 ./Middlewares/Third_Party/FreeRTOS/Source/tasks.o
 .bss.xYieldPending
                0x0000000024000488        0x4 ./Middlewares/Third_Party/FreeRTOS/Source/tasks.o
 .bss.xNumOfOverflows
                0x000000002400048c        0x4 ./Middlewares/Third_Party/FreeRTOS/Source/tasks.o
 .bss.uxTaskNumber
                0x0000000024000490        0x4 ./Middlewares/Third_Party/FreeRTOS/Source/tasks.o
 .bss.xNextTaskUnblockTime
                0x0000000024000494        0x4 ./Middlewares/Third_Party/FreeRTOS/Source/tasks.o
 .bss.xIdleTaskHandle
                0x0000000024000498        0x4 ./Middlewares/Third_Party/FreeRTOS/Source/tasks.o
 .bss.uxSchedulerSuspended
                0x000000002400049c        0x4 ./Middlewares/Third_Party/FreeRTOS/Source/tasks.o
 .bss.ucMaxSysCallPriority
                0x00000000240004a0        0x1 ./Middlewares/Third_Party/FreeRTOS/Source/portable/GCC/ARM_CM4F/port.o
 *fill*         0x00000000240004a1        0x3 
 .bss.ulMaxPRIGROUPValue
                0x00000000240004a4        0x4 ./Middlewares/Third_Party/FreeRTOS/Source/portable/GCC/ARM_CM4F/port.o
 .bss.ucHeap    0x00000000240004a8     0x3c00 ./Middlewares/Third_Party/FreeRTOS/Source/portable/MemMang/heap_4.o
 .bss.xStart    0x00000000240040a8        0x8 ./Middlewares/Third_Party/FreeRTOS/Source/portable/MemMang/heap_4.o
 .bss.pxEnd     0x00000000240040b0        0x4 ./Middlewares/Third_Party/FreeRTOS/Source/portable/MemMang/heap_4.o
 .bss.xFreeBytesRemaining
                0x00000000240040b4        0x4 ./Middlewares/Third_Party/FreeRTOS/Source/portable/MemMang/heap_4.o
 .bss.xMinimumEverFreeBytesRemaining
                0x00000000240040b8        0x4 ./Middlewares/Third_Party/FreeRTOS/Source/portable/MemMang/heap_4.o
 .bss.xNumberOfSuccessfulAllocations
                0x00000000240040bc        0x4 ./Middlewares/Third_Party/FreeRTOS/Source/portable/MemMang/heap_4.o
 .bss.xNumberOfSuccessfulFrees
                0x00000000240040c0        0x4 ./Middlewares/Third_Party/FreeRTOS/Source/portable/MemMang/heap_4.o
 .bss.xBlockAllocatedBit
                0x00000000240040c4        0x4 ./Middlewares/Third_Party/FreeRTOS/Source/portable/MemMang/heap_4.o
 *(COMMON)
                0x00000000240040c8                . = ALIGN (0x4)
                0x00000000240040c8                _ebss = .
                0x00000000240040c8                __bss_end__ = _ebss

._user_heap_stack
                0x00000000240040c8      0x600 load address 0x00000000080043ec
                0x00000000240040c8                . = ALIGN (0x8)
                [!provide]                        PROVIDE (end = .)
                0x00000000240040c8                PROVIDE (_end = .)
                0x00000000240042c8                . = (. + _Min_Heap_Size)
 *fill*         0x00000000240040c8      0x200 
                0x00000000240046c8                . = (. + _Min_Stack_Size)
 *fill*         0x00000000240042c8      0x400 
                0x00000000240046c8                . = ALIGN (0x8)

/DISCARD/
 libc.a(*)
 libm.a(*)
 libgcc.a(*)

.ARM.attributes
                0x0000000000000000       0x2e
 *(.ARM.attributes)
 .ARM.attributes
                0x0000000000000000       0x1e C:/ST/STM32CubeIDE_1.14.0/STM32CubeIDE/plugins/com.st.stm32cube.ide.mcu.externaltools.gnu-tools-for-stm32.11.3.rel1.win32_1.1.100.202309141235/tools/bin/../lib/gcc/arm-none-eabi/11.3.1/thumb/v7e-m+dp/hard/crti.o
 .ARM.attributes
                0x000000000000001e       0x32 C:/ST/STM32CubeIDE_1.14.0/STM32CubeIDE/plugins/com.st.stm32cube.ide.mcu.externaltools.gnu-tools-for-stm32.11.3.rel1.win32_1.1.100.202309141235/tools/bin/../lib/gcc/arm-none-eabi/11.3.1/thumb/v7e-m+dp/hard/crtbegin.o
 .ARM.attributes
                0x0000000000000050       0x32 ./Core/Src/freertos.o
 .ARM.attributes
                0x0000000000000082       0x32 ./Core/Src/gpio.o
 .ARM.attributes
                0x00000000000000b4       0x32 ./Core/Src/main.o
 .ARM.attributes
                0x00000000000000e6       0x32 ./Core/Src/stm32h7xx_hal_msp.o
 .ARM.attributes
                0x0000000000000118       0x32 ./Core/Src/stm32h7xx_hal_timebase_tim.o
 .ARM.attributes
                0x000000000000014a       0x32 ./Core/Src/stm32h7xx_it.o
 .ARM.attributes
                0x000000000000017c       0x32 ./Core/Src/system_stm32h7xx.o
 .ARM.attributes
                0x00000000000001ae       0x21 ./Core/Startup/startup_stm32h7b0vbtx.o
 .ARM.attributes
                0x00000000000001cf       0x32 ./Drivers/STM32H7xx_HAL_Driver/Src/stm32h7xx_hal.o
 .ARM.attributes
                0x0000000000000201       0x32 ./Drivers/STM32H7xx_HAL_Driver/Src/stm32h7xx_hal_cortex.o
 .ARM.attributes
                0x0000000000000233       0x32 ./Drivers/STM32H7xx_HAL_Driver/Src/stm32h7xx_hal_pwr_ex.o
 .ARM.attributes
                0x0000000000000265       0x32 ./Drivers/STM32H7xx_HAL_Driver/Src/stm32h7xx_hal_rcc.o
 .ARM.attributes
                0x0000000000000297       0x32 ./Drivers/STM32H7xx_HAL_Driver/Src/stm32h7xx_hal_tim.o
 .ARM.attributes
                0x00000000000002c9       0x32 ./Drivers/STM32H7xx_HAL_Driver/Src/stm32h7xx_hal_tim_ex.o
 .ARM.attributes
                0x00000000000002fb       0x32 ./Middlewares/Third_Party/FreeRTOS/Source/list.o
 .ARM.attributes
                0x000000000000032d       0x32 ./Middlewares/Third_Party/FreeRTOS/Source/queue.o
 .ARM.attributes
                0x000000000000035f       0x32 ./Middlewares/Third_Party/FreeRTOS/Source/tasks.o
 .ARM.attributes
                0x0000000000000391       0x32 ./Middlewares/Third_Party/FreeRTOS/Source/portable/GCC/ARM_CM4F/port.o
 .ARM.attributes
                0x00000000000003c3       0x32 ./Middlewares/Third_Party/FreeRTOS/Source/portable/MemMang/heap_4.o
 .ARM.attributes
                0x00000000000003f5       0x32 C:/ST/STM32CubeIDE_1.14.0/STM32CubeIDE/plugins/com.st.stm32cube.ide.mcu.externaltools.gnu-tools-for-stm32.11.3.rel1.win32_1.1.100.202309141235/tools/bin/../lib/gcc/arm-none-eabi/11.3.1/../../../../arm-none-eabi/lib/thumb/v7e-m+dp/hard\libc_nano.a(libc_a-memset.o)
 .ARM.attributes
                0x0000000000000427       0x32 C:/ST/STM32CubeIDE_1.14.0/STM32CubeIDE/plugins/com.st.stm32cube.ide.mcu.externaltools.gnu-tools-for-stm32.11.3.rel1.win32_1.1.100.202309141235/tools/bin/../lib/gcc/arm-none-eabi/11.3.1/../../../../arm-none-eabi/lib/thumb/v7e-m+dp/hard\libc_nano.a(libc_a-init.o)
 .ARM.attributes
                0x0000000000000459       0x32 C:/ST/STM32CubeIDE_1.14.0/STM32CubeIDE/plugins/com.st.stm32cube.ide.mcu.externaltools.gnu-tools-for-stm32.11.3.rel1.win32_1.1.100.202309141235/tools/bin/../lib/gcc/arm-none-eabi/11.3.1/../../../../arm-none-eabi/lib/thumb/v7e-m+dp/hard\libc_nano.a(libc_a-memcpy-stub.o)
 .ARM.attributes
                0x000000000000048b       0x1e C:/ST/STM32CubeIDE_1.14.0/STM32CubeIDE/plugins/com.st.stm32cube.ide.mcu.externaltools.gnu-tools-for-stm32.11.3.rel1.win32_1.1.100.202309141235/tools/bin/../lib/gcc/arm-none-eabi/11.3.1/thumb/v7e-m+dp/hard/crtn.o
OUTPUT(RTOS.elf elf32-littlearm)
LOAD linker stubs
LOAD C:/ST/STM32CubeIDE_1.14.0/STM32CubeIDE/plugins/com.st.stm32cube.ide.mcu.externaltools.gnu-tools-for-stm32.11.3.rel1.win32_1.1.100.202309141235/tools/bin/../lib/gcc/arm-none-eabi/11.3.1/../../../../arm-none-eabi/lib/thumb/v7e-m+dp/hard\libc.a
LOAD C:/ST/STM32CubeIDE_1.14.0/STM32CubeIDE/plugins/com.st.stm32cube.ide.mcu.externaltools.gnu-tools-for-stm32.11.3.rel1.win32_1.1.100.202309141235/tools/bin/../lib/gcc/arm-none-eabi/11.3.1/../../../../arm-none-eabi/lib/thumb/v7e-m+dp/hard\libm.a
LOAD C:/ST/STM32CubeIDE_1.14.0/STM32CubeIDE/plugins/com.st.stm32cube.ide.mcu.externaltools.gnu-tools-for-stm32.11.3.rel1.win32_1.1.100.202309141235/tools/bin/../lib/gcc/arm-none-eabi/11.3.1/thumb/v7e-m+dp/hard\libgcc.a

.comment        0x0000000000000000       0x43
 .comment       0x0000000000000000       0x43 C:/ST/STM32CubeIDE_1.14.0/STM32CubeIDE/plugins/com.st.stm32cube.ide.mcu.externaltools.gnu-tools-for-stm32.11.3.rel1.win32_1.1.100.202309141235/tools/bin/../lib/gcc/arm-none-eabi/11.3.1/thumb/v7e-m+dp/hard/crtbegin.o
                                         0x44 (size before relaxing)
 .comment       0x0000000000000043       0x44 ./Core/Src/freertos.o
 .comment       0x0000000000000043       0x44 ./Core/Src/gpio.o
 .comment       0x0000000000000043       0x44 ./Core/Src/main.o
 .comment       0x0000000000000043       0x44 ./Core/Src/stm32h7xx_hal_msp.o
 .comment       0x0000000000000043       0x44 ./Core/Src/stm32h7xx_hal_timebase_tim.o
 .comment       0x0000000000000043       0x44 ./Core/Src/stm32h7xx_it.o
 .comment       0x0000000000000043       0x44 ./Core/Src/system_stm32h7xx.o
 .comment       0x0000000000000043       0x44 ./Drivers/STM32H7xx_HAL_Driver/Src/stm32h7xx_hal.o
 .comment       0x0000000000000043       0x44 ./Drivers/STM32H7xx_HAL_Driver/Src/stm32h7xx_hal_cortex.o
 .comment       0x0000000000000043       0x44 ./Drivers/STM32H7xx_HAL_Driver/Src/stm32h7xx_hal_pwr_ex.o
 .comment       0x0000000000000043       0x44 ./Drivers/STM32H7xx_HAL_Driver/Src/stm32h7xx_hal_rcc.o
 .comment       0x0000000000000043       0x44 ./Drivers/STM32H7xx_HAL_Driver/Src/stm32h7xx_hal_tim.o
 .comment       0x0000000000000043       0x44 ./Drivers/STM32H7xx_HAL_Driver/Src/stm32h7xx_hal_tim_ex.o
 .comment       0x0000000000000043       0x44 ./Middlewares/Third_Party/FreeRTOS/Source/list.o
 .comment       0x0000000000000043       0x44 ./Middlewares/Third_Party/FreeRTOS/Source/queue.o
 .comment       0x0000000000000043       0x44 ./Middlewares/Third_Party/FreeRTOS/Source/tasks.o
 .comment       0x0000000000000043       0x44 ./Middlewares/Third_Party/FreeRTOS/Source/portable/GCC/ARM_CM4F/port.o
 .comment       0x0000000000000043       0x44 ./Middlewares/Third_Party/FreeRTOS/Source/portable/MemMang/heap_4.o

.debug_info     0x0000000000000000    0x111d6
 .debug_info    0x0000000000000000      0x4c4 ./Core/Src/freertos.o
 .debug_info    0x00000000000004c4      0x4a4 ./Core/Src/gpio.o
 .debug_info    0x0000000000000968     0x131f ./Core/Src/main.o
 .debug_info    0x0000000000001c87      0x82f ./Core/Src/stm32h7xx_hal_msp.o
 .debug_info    0x00000000000024b6     0x10ad ./Core/Src/stm32h7xx_hal_timebase_tim.o
 .debug_info    0x0000000000003563      0x7e6 ./Core/Src/stm32h7xx_it.o
 .debug_info    0x0000000000003d49      0xc73 ./Core/Src/system_stm32h7xx.o
 .debug_info    0x00000000000049bc       0x23 ./Core/Startup/startup_stm32h7b0vbtx.o
 .debug_info    0x00000000000049df     0x1403 ./Drivers/STM32H7xx_HAL_Driver/Src/stm32h7xx_hal.o
 .debug_info    0x0000000000005de2     0x1054 ./Drivers/STM32H7xx_HAL_Driver/Src/stm32h7xx_hal_cortex.o
 .debug_info    0x0000000000006e36      0xef7 ./Drivers/STM32H7xx_HAL_Driver/Src/stm32h7xx_hal_pwr_ex.o
 .debug_info    0x0000000000007d2d      0xea1 ./Drivers/STM32H7xx_HAL_Driver/Src/stm32h7xx_hal_rcc.o
 .debug_info    0x0000000000008bce     0x2b8b ./Drivers/STM32H7xx_HAL_Driver/Src/stm32h7xx_hal_tim.o
 .debug_info    0x000000000000b759     0x18c1 ./Drivers/STM32H7xx_HAL_Driver/Src/stm32h7xx_hal_tim_ex.o
 .debug_info    0x000000000000d01a      0x2af ./Middlewares/Third_Party/FreeRTOS/Source/list.o
 .debug_info    0x000000000000d2c9     0x17cd ./Middlewares/Third_Party/FreeRTOS/Source/queue.o
 .debug_info    0x000000000000ea96     0x1d8d ./Middlewares/Third_Party/FreeRTOS/Source/tasks.o
 .debug_info    0x0000000000010823      0x4de ./Middlewares/Third_Party/FreeRTOS/Source/portable/GCC/ARM_CM4F/port.o
 .debug_info    0x0000000000010d01      0x4d5 ./Middlewares/Third_Party/FreeRTOS/Source/portable/MemMang/heap_4.o

.debug_abbrev   0x0000000000000000     0x2878
 .debug_abbrev  0x0000000000000000      0x16b ./Core/Src/freertos.o
 .debug_abbrev  0x000000000000016b       0xf9 ./Core/Src/gpio.o
 .debug_abbrev  0x0000000000000264      0x328 ./Core/Src/main.o
 .debug_abbrev  0x000000000000058c      0x12d ./Core/Src/stm32h7xx_hal_msp.o
 .debug_abbrev  0x00000000000006b9      0x223 ./Core/Src/stm32h7xx_hal_timebase_tim.o
 .debug_abbrev  0x00000000000008dc      0x17b ./Core/Src/stm32h7xx_it.o
 .debug_abbrev  0x0000000000000a57      0x14a ./Core/Src/system_stm32h7xx.o
 .debug_abbrev  0x0000000000000ba1       0x12 ./Core/Startup/startup_stm32h7b0vbtx.o
 .debug_abbrev  0x0000000000000bb3      0x291 ./Drivers/STM32H7xx_HAL_Driver/Src/stm32h7xx_hal.o
 .debug_abbrev  0x0000000000000e44      0x339 ./Drivers/STM32H7xx_HAL_Driver/Src/stm32h7xx_hal_cortex.o
 .debug_abbrev  0x000000000000117d      0x297 ./Drivers/STM32H7xx_HAL_Driver/Src/stm32h7xx_hal_pwr_ex.o
 .debug_abbrev  0x0000000000001414      0x2c5 ./Drivers/STM32H7xx_HAL_Driver/Src/stm32h7xx_hal_rcc.o
 .debug_abbrev  0x00000000000016d9      0x276 ./Drivers/STM32H7xx_HAL_Driver/Src/stm32h7xx_hal_tim.o
 .debug_abbrev  0x000000000000194f      0x296 ./Drivers/STM32H7xx_HAL_Driver/Src/stm32h7xx_hal_tim_ex.o
 .debug_abbrev  0x0000000000001be5       0xf5 ./Middlewares/Third_Party/FreeRTOS/Source/list.o
 .debug_abbrev  0x0000000000001cda      0x3b5 ./Middlewares/Third_Party/FreeRTOS/Source/queue.o
 .debug_abbrev  0x000000000000208f      0x370 ./Middlewares/Third_Party/FreeRTOS/Source/tasks.o
 .debug_abbrev  0x00000000000023ff      0x25c ./Middlewares/Third_Party/FreeRTOS/Source/portable/GCC/ARM_CM4F/port.o
 .debug_abbrev  0x000000000000265b      0x21d ./Middlewares/Third_Party/FreeRTOS/Source/portable/MemMang/heap_4.o

.debug_aranges  0x0000000000000000      0xfd8
 .debug_aranges
                0x0000000000000000       0x30 ./Core/Src/freertos.o
 .debug_aranges
                0x0000000000000030       0x20 ./Core/Src/gpio.o
 .debug_aranges
                0x0000000000000050       0x70 ./Core/Src/main.o
 .debug_aranges
                0x00000000000000c0       0x20 ./Core/Src/stm32h7xx_hal_msp.o
 .debug_aranges
                0x00000000000000e0       0x30 ./Core/Src/stm32h7xx_hal_timebase_tim.o
 .debug_aranges
                0x0000000000000110       0x50 ./Core/Src/stm32h7xx_it.o
 .debug_aranges
                0x0000000000000160       0x28 ./Core/Src/system_stm32h7xx.o
 .debug_aranges
                0x0000000000000188       0x28 ./Core/Startup/startup_stm32h7b0vbtx.o
 .debug_aranges
                0x00000000000001b0      0x1a0 ./Drivers/STM32H7xx_HAL_Driver/Src/stm32h7xx_hal.o
 .debug_aranges
                0x0000000000000350      0x120 ./Drivers/STM32H7xx_HAL_Driver/Src/stm32h7xx_hal_cortex.o
 .debug_aranges
                0x0000000000000470      0x188 ./Drivers/STM32H7xx_HAL_Driver/Src/stm32h7xx_hal_pwr_ex.o
 .debug_aranges
                0x00000000000005f8       0x88 ./Drivers/STM32H7xx_HAL_Driver/Src/stm32h7xx_hal_rcc.o
 .debug_aranges
                0x0000000000000680      0x3e0 ./Drivers/STM32H7xx_HAL_Driver/Src/stm32h7xx_hal_tim.o
 .debug_aranges
                0x0000000000000a60      0x198 ./Drivers/STM32H7xx_HAL_Driver/Src/stm32h7xx_hal_tim_ex.o
 .debug_aranges
                0x0000000000000bf8       0x40 ./Middlewares/Third_Party/FreeRTOS/Source/list.o
 .debug_aranges
                0x0000000000000c38      0x108 ./Middlewares/Third_Party/FreeRTOS/Source/queue.o
 .debug_aranges
                0x0000000000000d40      0x1c0 ./Middlewares/Third_Party/FreeRTOS/Source/tasks.o
 .debug_aranges
                0x0000000000000f00       0x80 ./Middlewares/Third_Party/FreeRTOS/Source/portable/GCC/ARM_CM4F/port.o
 .debug_aranges
                0x0000000000000f80       0x58 ./Middlewares/Third_Party/FreeRTOS/Source/portable/MemMang/heap_4.o

.debug_rnglists
                0x0000000000000000      0xc2b
 .debug_rnglists
                0x0000000000000000       0x1f ./Core/Src/freertos.o
 .debug_rnglists
                0x000000000000001f       0x13 ./Core/Src/gpio.o
 .debug_rnglists
                0x0000000000000032       0x51 ./Core/Src/main.o
 .debug_rnglists
                0x0000000000000083       0x13 ./Core/Src/stm32h7xx_hal_msp.o
 .debug_rnglists
                0x0000000000000096       0x20 ./Core/Src/stm32h7xx_hal_timebase_tim.o
 .debug_rnglists
                0x00000000000000b6       0x37 ./Core/Src/stm32h7xx_it.o
 .debug_rnglists
                0x00000000000000ed       0x1b ./Core/Src/system_stm32h7xx.o
 .debug_rnglists
                0x0000000000000108       0x19 ./Core/Startup/startup_stm32h7b0vbtx.o
 .debug_rnglists
                0x0000000000000121      0x137 ./Drivers/STM32H7xx_HAL_Driver/Src/stm32h7xx_hal.o
 .debug_rnglists
                0x0000000000000258       0xd4 ./Drivers/STM32H7xx_HAL_Driver/Src/stm32h7xx_hal_cortex.o
 .debug_rnglists
                0x000000000000032c      0x125 ./Drivers/STM32H7xx_HAL_Driver/Src/stm32h7xx_hal_pwr_ex.o
 .debug_rnglists
                0x0000000000000451       0x68 ./Drivers/STM32H7xx_HAL_Driver/Src/stm32h7xx_hal_rcc.o
 .debug_rnglists
                0x00000000000004b9      0x328 ./Drivers/STM32H7xx_HAL_Driver/Src/stm32h7xx_hal_tim.o
 .debug_rnglists
                0x00000000000007e1      0x14d ./Drivers/STM32H7xx_HAL_Driver/Src/stm32h7xx_hal_tim_ex.o
 .debug_rnglists
                0x000000000000092e       0x2b ./Middlewares/Third_Party/FreeRTOS/Source/list.o
 .debug_rnglists
                0x0000000000000959       0xcd ./Middlewares/Third_Party/FreeRTOS/Source/queue.o
 .debug_rnglists
                0x0000000000000a26      0x166 ./Middlewares/Third_Party/FreeRTOS/Source/tasks.o
 .debug_rnglists
                0x0000000000000b8c       0x5d ./Middlewares/Third_Party/FreeRTOS/Source/portable/GCC/ARM_CM4F/port.o
 .debug_rnglists
                0x0000000000000be9       0x42 ./Middlewares/Third_Party/FreeRTOS/Source/portable/MemMang/heap_4.o

.debug_macro    0x0000000000000000    0x3140e
 .debug_macro   0x0000000000000000      0x351 ./Core/Src/freertos.o
 .debug_macro   0x0000000000000351      0xac0 ./Core/Src/freertos.o
 .debug_macro   0x0000000000000e11      0x174 ./Core/Src/freertos.o
 .debug_macro   0x0000000000000f85       0x22 ./Core/Src/freertos.o
 .debug_macro   0x0000000000000fa7       0x8e ./Core/Src/freertos.o
 .debug_macro   0x0000000000001035       0x51 ./Core/Src/freertos.o
 .debug_macro   0x0000000000001086      0x103 ./Core/Src/freertos.o
 .debug_macro   0x0000000000001189       0x6a ./Core/Src/freertos.o
 .debug_macro   0x00000000000011f3      0x1df ./Core/Src/freertos.o
 .debug_macro   0x00000000000013d2       0xea ./Core/Src/freertos.o
 .debug_macro   0x00000000000014bc      0x15a ./Core/Src/freertos.o
 .debug_macro   0x0000000000001616       0xde ./Core/Src/freertos.o
 .debug_macro   0x00000000000016f4       0x1c ./Core/Src/freertos.o
 .debug_macro   0x0000000000001710       0x26 ./Core/Src/freertos.o
 .debug_macro   0x0000000000001736      0x504 ./Core/Src/freertos.o
 .debug_macro   0x0000000000001c3a       0xb5 ./Core/Src/freertos.o
 .debug_macro   0x0000000000001cef       0xaa ./Core/Src/freertos.o
 .debug_macro   0x0000000000001d99      0x232 ./Core/Src/freertos.o
 .debug_macro   0x0000000000001fcb       0x2e ./Core/Src/freertos.o
 .debug_macro   0x0000000000001ff9       0x3b ./Core/Src/freertos.o
 .debug_macro   0x0000000000002034       0x1c ./Core/Src/freertos.o
 .debug_macro   0x0000000000002050       0x22 ./Core/Src/freertos.o
 .debug_macro   0x0000000000002072       0xfb ./Core/Src/freertos.o
 .debug_macro   0x000000000000216d     0x1305 ./Core/Src/freertos.o
 .debug_macro   0x0000000000003472      0x11f ./Core/Src/freertos.o
 .debug_macro   0x0000000000003591       0x27 ./Core/Src/freertos.o
 .debug_macro   0x00000000000035b8    0x1f23a ./Core/Src/freertos.o
 .debug_macro   0x00000000000227f2       0x6d ./Core/Src/freertos.o
 .debug_macro   0x000000000002285f     0x3d64 ./Core/Src/freertos.o
 .debug_macro   0x00000000000265c3       0x61 ./Core/Src/freertos.o
 .debug_macro   0x0000000000026624       0x29 ./Core/Src/freertos.o
 .debug_macro   0x000000000002664d       0x43 ./Core/Src/freertos.o
 .debug_macro   0x0000000000026690       0x34 ./Core/Src/freertos.o
 .debug_macro   0x00000000000266c4       0x16 ./Core/Src/freertos.o
 .debug_macro   0x00000000000266da       0x43 ./Core/Src/freertos.o
 .debug_macro   0x000000000002671d       0x34 ./Core/Src/freertos.o
 .debug_macro   0x0000000000026751       0x10 ./Core/Src/freertos.o
 .debug_macro   0x0000000000026761       0x58 ./Core/Src/freertos.o
 .debug_macro   0x00000000000267b9       0x8e ./Core/Src/freertos.o
 .debug_macro   0x0000000000026847       0x1c ./Core/Src/freertos.o
 .debug_macro   0x0000000000026863      0x177 ./Core/Src/freertos.o
 .debug_macro   0x00000000000269da      0x369 ./Core/Src/freertos.o
 .debug_macro   0x0000000000026d43      0x19b ./Core/Src/freertos.o
 .debug_macro   0x0000000000026ede       0x5d ./Core/Src/freertos.o
 .debug_macro   0x0000000000026f3b     0x2606 ./Core/Src/freertos.o
 .debug_macro   0x0000000000029541     0x103a ./Core/Src/freertos.o
 .debug_macro   0x000000000002a57b      0x154 ./Core/Src/freertos.o
 .debug_macro   0x000000000002a6cf      0x114 ./Core/Src/freertos.o
 .debug_macro   0x000000000002a7e3      0x3bf ./Core/Src/freertos.o
 .debug_macro   0x000000000002aba2       0xac ./Core/Src/freertos.o
 .debug_macro   0x000000000002ac4e      0x70a ./Core/Src/freertos.o
 .debug_macro   0x000000000002b358      0x20c ./Core/Src/freertos.o
 .debug_macro   0x000000000002b564       0x66 ./Core/Src/freertos.o
 .debug_macro   0x000000000002b5ca      0x3c9 ./Core/Src/freertos.o
 .debug_macro   0x000000000002b993      0x3eb ./Core/Src/freertos.o
 .debug_macro   0x000000000002bd7e      0x275 ./Core/Src/freertos.o
 .debug_macro   0x000000000002bff3      0x380 ./Core/Src/freertos.o
 .debug_macro   0x000000000002c373      0x44e ./Core/Src/freertos.o
 .debug_macro   0x000000000002c7c1       0x43 ./Core/Src/freertos.o
 .debug_macro   0x000000000002c804       0x4a ./Core/Src/freertos.o
 .debug_macro   0x000000000002c84e      0x22c ./Core/Src/freertos.o
 .debug_macro   0x000000000002ca7a       0x67 ./Core/Src/freertos.o
 .debug_macro   0x000000000002cae1       0xa5 ./Core/Src/freertos.o
 .debug_macro   0x000000000002cb86      0x1bd ./Core/Src/freertos.o
 .debug_macro   0x000000000002cd43      0x2ab ./Core/Src/freertos.o
 .debug_macro   0x000000000002cfee       0x35 ./Core/Src/freertos.o
 .debug_macro   0x000000000002d023      0xb1d ./Core/Src/freertos.o
 .debug_macro   0x000000000002db40      0x29f ./Core/Src/freertos.o
 .debug_macro   0x000000000002dddf      0x5be ./Core/Src/freertos.o
 .debug_macro   0x000000000002e39d       0x91 ./Core/Src/freertos.o
 .debug_macro   0x000000000002e42e       0x8d ./Core/Src/freertos.o
 .debug_macro   0x000000000002e4bb       0x7e ./Core/Src/freertos.o
 .debug_macro   0x000000000002e539       0x19 ./Core/Src/freertos.o
 .debug_macro   0x000000000002e552       0xf2 ./Core/Src/freertos.o
 .debug_macro   0x000000000002e644      0x2a8 ./Core/Src/gpio.o
 .debug_macro   0x000000000002e8ec      0x3c3 ./Core/Src/main.o
 .debug_macro   0x000000000002ecaf       0xea ./Core/Src/main.o
 .debug_macro   0x000000000002ed99       0x1c ./Core/Src/main.o
 .debug_macro   0x000000000002edb5       0x35 ./Core/Src/main.o
 .debug_macro   0x000000000002edea       0x10 ./Core/Src/main.o
 .debug_macro   0x000000000002edfa       0x1c ./Core/Src/main.o
 .debug_macro   0x000000000002ee16       0x16 ./Core/Src/main.o
 .debug_macro   0x000000000002ee2c      0x147 ./Core/Src/main.o
 .debug_macro   0x000000000002ef73       0x16 ./Core/Src/main.o
 .debug_macro   0x000000000002ef89       0x20 ./Core/Src/main.o
 .debug_macro   0x000000000002efa9      0x29e ./Core/Src/stm32h7xx_hal_msp.o
 .debug_macro   0x000000000002f247      0x294 ./Core/Src/stm32h7xx_hal_timebase_tim.o
 .debug_macro   0x000000000002f4db      0x2a8 ./Core/Src/stm32h7xx_it.o
 .debug_macro   0x000000000002f783      0x294 ./Core/Src/system_stm32h7xx.o
 .debug_macro   0x000000000002fa17      0x2be ./Drivers/STM32H7xx_HAL_Driver/Src/stm32h7xx_hal.o
 .debug_macro   0x000000000002fcd5      0x294 ./Drivers/STM32H7xx_HAL_Driver/Src/stm32h7xx_hal_cortex.o
 .debug_macro   0x000000000002ff69      0x2cd ./Drivers/STM32H7xx_HAL_Driver/Src/stm32h7xx_hal_pwr_ex.o
 .debug_macro   0x0000000000030236      0x2b8 ./Drivers/STM32H7xx_HAL_Driver/Src/stm32h7xx_hal_rcc.o
 .debug_macro   0x00000000000304ee      0x295 ./Drivers/STM32H7xx_HAL_Driver/Src/stm32h7xx_hal_tim.o
 .debug_macro   0x0000000000030783      0x29a ./Drivers/STM32H7xx_HAL_Driver/Src/stm32h7xx_hal_tim_ex.o
 .debug_macro   0x0000000000030a1d      0x187 ./Middlewares/Third_Party/FreeRTOS/Source/list.o
 .debug_macro   0x0000000000030ba4      0x216 ./Middlewares/Third_Party/FreeRTOS/Source/queue.o
 .debug_macro   0x0000000000030dba       0x87 ./Middlewares/Third_Party/FreeRTOS/Source/queue.o
 .debug_macro   0x0000000000030e41      0x279 ./Middlewares/Third_Party/FreeRTOS/Source/tasks.o
 .debug_macro   0x00000000000310ba       0x10 ./Middlewares/Third_Party/FreeRTOS/Source/tasks.o
 .debug_macro   0x00000000000310ca      0x196 ./Middlewares/Third_Party/FreeRTOS/Source/portable/GCC/ARM_CM4F/port.o
 .debug_macro   0x0000000000031260      0x1ae ./Middlewares/Third_Party/FreeRTOS/Source/portable/MemMang/heap_4.o

.debug_line     0x0000000000000000    0x12d58
 .debug_line    0x0000000000000000      0xa63 ./Core/Src/freertos.o
 .debug_line    0x0000000000000a63      0x8ae ./Core/Src/gpio.o
 .debug_line    0x0000000000001311      0xc5c ./Core/Src/main.o
 .debug_line    0x0000000000001f6d      0x8b2 ./Core/Src/stm32h7xx_hal_msp.o
 .debug_line    0x000000000000281f      0x91c ./Core/Src/stm32h7xx_hal_timebase_tim.o
 .debug_line    0x000000000000313b      0x94e ./Core/Src/stm32h7xx_it.o
 .debug_line    0x0000000000003a89      0xa56 ./Core/Src/system_stm32h7xx.o
 .debug_line    0x00000000000044df       0x7a ./Core/Startup/startup_stm32h7b0vbtx.o
 .debug_line    0x0000000000004559      0xe69 ./Drivers/STM32H7xx_HAL_Driver/Src/stm32h7xx_hal.o
 .debug_line    0x00000000000053c2      0xe65 ./Drivers/STM32H7xx_HAL_Driver/Src/stm32h7xx_hal_cortex.o
 .debug_line    0x0000000000006227      0xfc2 ./Drivers/STM32H7xx_HAL_Driver/Src/stm32h7xx_hal_pwr_ex.o
 .debug_line    0x00000000000071e9     0x13ba ./Drivers/STM32H7xx_HAL_Driver/Src/stm32h7xx_hal_rcc.o
 .debug_line    0x00000000000085a3     0x3fb1 ./Drivers/STM32H7xx_HAL_Driver/Src/stm32h7xx_hal_tim.o
 .debug_line    0x000000000000c554     0x1f18 ./Drivers/STM32H7xx_HAL_Driver/Src/stm32h7xx_hal_tim_ex.o
 .debug_line    0x000000000000e46c      0x796 ./Middlewares/Third_Party/FreeRTOS/Source/list.o
 .debug_line    0x000000000000ec02     0x1517 ./Middlewares/Third_Party/FreeRTOS/Source/queue.o
 .debug_line    0x0000000000010119     0x1a52 ./Middlewares/Third_Party/FreeRTOS/Source/tasks.o
 .debug_line    0x0000000000011b6b      0x830 ./Middlewares/Third_Party/FreeRTOS/Source/portable/GCC/ARM_CM4F/port.o
 .debug_line    0x000000000001239b      0x9bd ./Middlewares/Third_Party/FreeRTOS/Source/portable/MemMang/heap_4.o

.debug_str      0x0000000000000000   0x1420c8
 .debug_str     0x0000000000000000   0x13b049 ./Core/Src/freertos.o
                                     0x13b50d (size before relaxing)
 .debug_str     0x000000000013b049      0x272 ./Core/Src/gpio.o
                                     0x135407 (size before relaxing)
 .debug_str     0x000000000013b2bb     0x1091 ./Core/Src/main.o
                                     0x13c546 (size before relaxing)
 .debug_str     0x000000000013c34c      0x731 ./Core/Src/stm32h7xx_hal_msp.o
                                     0x135c2b (size before relaxing)
 .debug_str     0x000000000013ca7d      0x10a ./Core/Src/stm32h7xx_hal_timebase_tim.o
                                     0x1363ed (size before relaxing)
 .debug_str     0x000000000013cb87       0xa5 ./Core/Src/stm32h7xx_it.o
                                     0x13588c (size before relaxing)
 .debug_str     0x000000000013cc2c      0x30e ./Core/Src/system_stm32h7xx.o
                                     0x13570d (size before relaxing)
 .debug_str     0x000000000013cf3a       0x34 ./Core/Startup/startup_stm32h7b0vbtx.o
                                         0x42 (size before relaxing)
 .debug_str     0x000000000013cf6e      0x7b3 ./Drivers/STM32H7xx_HAL_Driver/Src/stm32h7xx_hal.o
                                     0x13660a (size before relaxing)
 .debug_str     0x000000000013d721      0x337 ./Drivers/STM32H7xx_HAL_Driver/Src/stm32h7xx_hal_cortex.o
                                     0x13601a (size before relaxing)
 .debug_str     0x000000000013da58      0x756 ./Drivers/STM32H7xx_HAL_Driver/Src/stm32h7xx_hal_pwr_ex.o
                                     0x135c43 (size before relaxing)
 .debug_str     0x000000000013e1ae      0x269 ./Drivers/STM32H7xx_HAL_Driver/Src/stm32h7xx_hal_rcc.o
                                     0x135ae6 (size before relaxing)
 .debug_str     0x000000000013e417      0xea6 ./Drivers/STM32H7xx_HAL_Driver/Src/stm32h7xx_hal_tim.o
                                     0x136843 (size before relaxing)
 .debug_str     0x000000000013f2bd      0x684 ./Drivers/STM32H7xx_HAL_Driver/Src/stm32h7xx_hal_tim_ex.o
                                     0x136200 (size before relaxing)
 .debug_str     0x000000000013f941      0x20f ./Middlewares/Third_Party/FreeRTOS/Source/list.o
                                       0xaaab (size before relaxing)
 .debug_str     0x000000000013fb50      0xa1b ./Middlewares/Third_Party/FreeRTOS/Source/queue.o
                                       0xc43e (size before relaxing)
 .debug_str     0x000000000014056b     0x10ad ./Middlewares/Third_Party/FreeRTOS/Source/tasks.o
                                       0xce6a (size before relaxing)
 .debug_str     0x0000000000141618      0x783 ./Middlewares/Third_Party/FreeRTOS/Source/portable/GCC/ARM_CM4F/port.o
                                       0x86f0 (size before relaxing)
 .debug_str     0x0000000000141d9b      0x32d ./Middlewares/Third_Party/FreeRTOS/Source/portable/MemMang/heap_4.o
                                       0xb3ed (size before relaxing)

.debug_frame    0x0000000000000000     0x4124
 .debug_frame   0x0000000000000000       0x80 ./Core/Src/freertos.o
 .debug_frame   0x0000000000000080       0x38 ./Core/Src/gpio.o
 .debug_frame   0x00000000000000b8      0x180 ./Core/Src/main.o
 .debug_frame   0x0000000000000238       0x34 ./Core/Src/stm32h7xx_hal_msp.o
 .debug_frame   0x000000000000026c       0x74 ./Core/Src/stm32h7xx_hal_timebase_tim.o
 .debug_frame   0x00000000000002e0       0xc4 ./Core/Src/stm32h7xx_it.o
 .debug_frame   0x00000000000003a4       0x58 ./Core/Src/system_stm32h7xx.o
 .debug_frame   0x00000000000003fc      0x6a8 ./Drivers/STM32H7xx_HAL_Driver/Src/stm32h7xx_hal.o
 .debug_frame   0x0000000000000aa4      0x4b8 ./Drivers/STM32H7xx_HAL_Driver/Src/stm32h7xx_hal_cortex.o
 .debug_frame   0x0000000000000f5c      0x660 ./Drivers/STM32H7xx_HAL_Driver/Src/stm32h7xx_hal_pwr_ex.o
 .debug_frame   0x00000000000015bc      0x1fc ./Drivers/STM32H7xx_HAL_Driver/Src/stm32h7xx_hal_rcc.o
 .debug_frame   0x00000000000017b8     0x121c ./Drivers/STM32H7xx_HAL_Driver/Src/stm32h7xx_hal_tim.o
 .debug_frame   0x00000000000029d4      0x724 ./Drivers/STM32H7xx_HAL_Driver/Src/stm32h7xx_hal_tim_ex.o
 .debug_frame   0x00000000000030f8       0xd8 ./Middlewares/Third_Party/FreeRTOS/Source/list.o
 .debug_frame   0x00000000000031d0      0x46c ./Middlewares/Third_Party/FreeRTOS/Source/queue.o
 .debug_frame   0x000000000000363c      0x7a0 ./Middlewares/Third_Party/FreeRTOS/Source/tasks.o
 .debug_frame   0x0000000000003ddc      0x1a8 ./Middlewares/Third_Party/FreeRTOS/Source/portable/GCC/ARM_CM4F/port.o
 .debug_frame   0x0000000000003f84      0x12c ./Middlewares/Third_Party/FreeRTOS/Source/portable/MemMang/heap_4.o
 .debug_frame   0x00000000000040b0       0x20 C:/ST/STM32CubeIDE_1.14.0/STM32CubeIDE/plugins/com.st.stm32cube.ide.mcu.externaltools.gnu-tools-for-stm32.11.3.rel1.win32_1.1.100.202309141235/tools/bin/../lib/gcc/arm-none-eabi/11.3.1/../../../../arm-none-eabi/lib/thumb/v7e-m+dp/hard\libc_nano.a(libc_a-memset.o)
 .debug_frame   0x00000000000040d0       0x2c C:/ST/STM32CubeIDE_1.14.0/STM32CubeIDE/plugins/com.st.stm32cube.ide.mcu.externaltools.gnu-tools-for-stm32.11.3.rel1.win32_1.1.100.202309141235/tools/bin/../lib/gcc/arm-none-eabi/11.3.1/../../../../arm-none-eabi/lib/thumb/v7e-m+dp/hard\libc_nano.a(libc_a-init.o)
 .debug_frame   0x00000000000040fc       0x28 C:/ST/STM32CubeIDE_1.14.0/STM32CubeIDE/plugins/com.st.stm32cube.ide.mcu.externaltools.gnu-tools-for-stm32.11.3.rel1.win32_1.1.100.202309141235/tools/bin/../lib/gcc/arm-none-eabi/11.3.1/../../../../arm-none-eabi/lib/thumb/v7e-m+dp/hard\libc_nano.a(libc_a-memcpy-stub.o)

.debug_line_str
                0x0000000000000000       0x36
 .debug_line_str
                0x0000000000000000       0x36 ./Core/Startup/startup_stm32h7b0vbtx.o
                                         0x4e (size before relaxing)
