../Drivers/CMSIS/Include/core_cm7.h:2156:34:__NVIC_SystemReset	4	static,ignoring_inline_asm
../Core/Src/main.c:127:5:main	208	static
../Core/Src/main.c:255:6:SystemClock_Config	120	static
../Core/Src/main.c:320:6:RTC_Init	240	static
../Core/Src/main.c:399:6:HAL_FDCAN_RxFifo0Callback	24	static
../Core/Src/main.c:431:6:HAL_FDCAN_ErrorStatusCallback	16	static
../Core/Src/main.c:437:6:HAL_RTC_AlarmAEventCallback	16	static
../Core/Src/main.c:442:6:PVD_PVM_IRQHandler	8	static
../Core/Src/main.c:447:6:HAL_PWR_PVDCallback	4	static
../Core/Src/main.c:452:6:HAL_GPIO_EXTI_Callback	16	static
../Core/Src/main.c:473:6:logCreate	64	static
../Core/Src/main.c:523:6:saveFile	16	static
../Core/Src/main.c:546:6:HAL_UART_RxCpltCallback	16	static
../Core/Src/main.c:560:6:Error_Handler	4	static,ignoring_inline_asm
