Archive member included to satisfy reference by file (symbol)

C:/ST/STM32CubeIDE_1.14.0/STM32CubeIDE/plugins/com.st.stm32cube.ide.mcu.externaltools.gnu-tools-for-stm32.11.3.rel1.win32_1.1.100.202309141235/tools/bin/../lib/gcc/arm-none-eabi/11.3.1/../../../../arm-none-eabi/lib/thumb/v7e-m+dp/hard\libc_nano.a(libc_a-exit.o)
                              C:/ST/STM32CubeIDE_1.14.0/STM32CubeIDE/plugins/com.st.stm32cube.ide.mcu.externaltools.gnu-tools-for-stm32.11.3.rel1.win32_1.1.100.202309141235/tools/bin/../lib/gcc/arm-none-eabi/11.3.1/../../../../arm-none-eabi/lib/thumb/v7e-m+dp/hard/crt0.o (exit)
C:/ST/STM32CubeIDE_1.14.0/STM32CubeIDE/plugins/com.st.stm32cube.ide.mcu.externaltools.gnu-tools-for-stm32.11.3.rel1.win32_1.1.100.202309141235/tools/bin/../lib/gcc/arm-none-eabi/11.3.1/../../../../arm-none-eabi/lib/thumb/v7e-m+dp/hard\libc_nano.a(libc_a-findfp.o)
                              C:/ST/STM32CubeIDE_1.14.0/STM32CubeIDE/plugins/com.st.stm32cube.ide.mcu.externaltools.gnu-tools-for-stm32.11.3.rel1.win32_1.1.100.202309141235/tools/bin/../lib/gcc/arm-none-eabi/11.3.1/../../../../arm-none-eabi/lib/thumb/v7e-m+dp/hard\libc_nano.a(libc_a-exit.o) (__stdio_exit_handler)
C:/ST/STM32CubeIDE_1.14.0/STM32CubeIDE/plugins/com.st.stm32cube.ide.mcu.externaltools.gnu-tools-for-stm32.11.3.rel1.win32_1.1.100.202309141235/tools/bin/../lib/gcc/arm-none-eabi/11.3.1/../../../../arm-none-eabi/lib/thumb/v7e-m+dp/hard\libc_nano.a(libc_a-fwalk.o)
                              C:/ST/STM32CubeIDE_1.14.0/STM32CubeIDE/plugins/com.st.stm32cube.ide.mcu.externaltools.gnu-tools-for-stm32.11.3.rel1.win32_1.1.100.202309141235/tools/bin/../lib/gcc/arm-none-eabi/11.3.1/../../../../arm-none-eabi/lib/thumb/v7e-m+dp/hard\libc_nano.a(libc_a-findfp.o) (_fwalk_sglue)
C:/ST/STM32CubeIDE_1.14.0/STM32CubeIDE/plugins/com.st.stm32cube.ide.mcu.externaltools.gnu-tools-for-stm32.11.3.rel1.win32_1.1.100.202309141235/tools/bin/../lib/gcc/arm-none-eabi/11.3.1/../../../../arm-none-eabi/lib/thumb/v7e-m+dp/hard\libc_nano.a(libc_a-printf.o)
                              ./External_flash/ospi_w25q64.o (printf)
C:/ST/STM32CubeIDE_1.14.0/STM32CubeIDE/plugins/com.st.stm32cube.ide.mcu.externaltools.gnu-tools-for-stm32.11.3.rel1.win32_1.1.100.202309141235/tools/bin/../lib/gcc/arm-none-eabi/11.3.1/../../../../arm-none-eabi/lib/thumb/v7e-m+dp/hard\libc_nano.a(libc_a-stdio.o)
                              C:/ST/STM32CubeIDE_1.14.0/STM32CubeIDE/plugins/com.st.stm32cube.ide.mcu.externaltools.gnu-tools-for-stm32.11.3.rel1.win32_1.1.100.202309141235/tools/bin/../lib/gcc/arm-none-eabi/11.3.1/../../../../arm-none-eabi/lib/thumb/v7e-m+dp/hard\libc_nano.a(libc_a-findfp.o) (__sread)
C:/ST/STM32CubeIDE_1.14.0/STM32CubeIDE/plugins/com.st.stm32cube.ide.mcu.externaltools.gnu-tools-for-stm32.11.3.rel1.win32_1.1.100.202309141235/tools/bin/../lib/gcc/arm-none-eabi/11.3.1/../../../../arm-none-eabi/lib/thumb/v7e-m+dp/hard\libc_nano.a(libc_a-memset.o)
                              C:/ST/STM32CubeIDE_1.14.0/STM32CubeIDE/plugins/com.st.stm32cube.ide.mcu.externaltools.gnu-tools-for-stm32.11.3.rel1.win32_1.1.100.202309141235/tools/bin/../lib/gcc/arm-none-eabi/11.3.1/../../../../arm-none-eabi/lib/thumb/v7e-m+dp/hard/crt0.o (memset)
C:/ST/STM32CubeIDE_1.14.0/STM32CubeIDE/plugins/com.st.stm32cube.ide.mcu.externaltools.gnu-tools-for-stm32.11.3.rel1.win32_1.1.100.202309141235/tools/bin/../lib/gcc/arm-none-eabi/11.3.1/../../../../arm-none-eabi/lib/thumb/v7e-m+dp/hard\libc_nano.a(libc_a-closer.o)
                              C:/ST/STM32CubeIDE_1.14.0/STM32CubeIDE/plugins/com.st.stm32cube.ide.mcu.externaltools.gnu-tools-for-stm32.11.3.rel1.win32_1.1.100.202309141235/tools/bin/../lib/gcc/arm-none-eabi/11.3.1/../../../../arm-none-eabi/lib/thumb/v7e-m+dp/hard\libc_nano.a(libc_a-stdio.o) (_close_r)
C:/ST/STM32CubeIDE_1.14.0/STM32CubeIDE/plugins/com.st.stm32cube.ide.mcu.externaltools.gnu-tools-for-stm32.11.3.rel1.win32_1.1.100.202309141235/tools/bin/../lib/gcc/arm-none-eabi/11.3.1/../../../../arm-none-eabi/lib/thumb/v7e-m+dp/hard\libc_nano.a(libc_a-reent.o)
                              C:/ST/STM32CubeIDE_1.14.0/STM32CubeIDE/plugins/com.st.stm32cube.ide.mcu.externaltools.gnu-tools-for-stm32.11.3.rel1.win32_1.1.100.202309141235/tools/bin/../lib/gcc/arm-none-eabi/11.3.1/../../../../arm-none-eabi/lib/thumb/v7e-m+dp/hard\libc_nano.a(libc_a-closer.o) (errno)
C:/ST/STM32CubeIDE_1.14.0/STM32CubeIDE/plugins/com.st.stm32cube.ide.mcu.externaltools.gnu-tools-for-stm32.11.3.rel1.win32_1.1.100.202309141235/tools/bin/../lib/gcc/arm-none-eabi/11.3.1/../../../../arm-none-eabi/lib/thumb/v7e-m+dp/hard\libc_nano.a(libc_a-impure.o)
                              C:/ST/STM32CubeIDE_1.14.0/STM32CubeIDE/plugins/com.st.stm32cube.ide.mcu.externaltools.gnu-tools-for-stm32.11.3.rel1.win32_1.1.100.202309141235/tools/bin/../lib/gcc/arm-none-eabi/11.3.1/../../../../arm-none-eabi/lib/thumb/v7e-m+dp/hard\libc_nano.a(libc_a-printf.o) (_impure_ptr)
[...]
Memory Configuration

Name             Origin             Length             Attributes
ITCMRAM          0x0000000000000000 0x0000000000010000 xrw
FLASH            0x0000000008000000 0x0000000000020000 xr
DTCMRAM1         0x0000000020000000 0x0000000000010000 xrw
DTCMRAM2         0x0000000020010000 0x0000000000010000 xrw
RAM              0x0000000024000000 0x0000000000100000 xrw
RAM_CD           0x0000000030000000 0x0000000000020000 xrw
RAM_SRD          0x0000000038000000 0x0000000000008000 xrw
*default*        0x0000000000000000 0xffffffffffffffff

Linker script and memory map

LOAD C:/ST/STM32CubeIDE_1.14.0/STM32CubeIDE/plugins/com.st.stm32cube.ide.mcu.externaltools.gnu-tools-for-stm32.11.3.rel1.win32_1.1.100.202309141235/tools/bin/../lib/gcc/arm-none-eabi/11.3.1/thumb/v7e-m+dp/hard/crti.o
LOAD C:/ST/STM32CubeIDE_1.14.0/STM32CubeIDE/plugins/com.st.stm32cube.ide.mcu.externaltools.gnu-tools-for-stm32.11.3.rel1.win32_1.1.100.202309141235/tools/bin/../lib/gcc/arm-none-eabi/11.3.1/thumb/v7e-m+dp/hard/crtbegin.o
LOAD C:/ST/STM32CubeIDE_1.14.0/STM32CubeIDE/plugins/com.st.stm32cube.ide.mcu.externaltools.gnu-tools-for-stm32.11.3.rel1.win32_1.1.100.202309141235/tools/bin/../lib/gcc/arm-none-eabi/11.3.1/../../../../arm-none-eabi/lib/thumb/v7e-m+dp/hard/crt0.o
LOAD ./Core/Src/gpio.o
LOAD ./Core/Src/main.o
LOAD ./Core/Src/octospi.o
LOAD ./Core/Src/stm32h7xx_hal_msp.o
LOAD ./Core/Src/stm32h7xx_it.o
LOAD ./Core/Src/syscalls.o
LOAD ./Core/Src/sysmem.o
LOAD ./Core/Src/system_stm32h7xx.o
LOAD ./Core/Startup/startup_stm32h7b0vbtx.o
LOAD ./Drivers/STM32H7xx_HAL_Driver/Src/stm32h7xx_hal.o
LOAD ./Drivers/STM32H7xx_HAL_Driver/Src/stm32h7xx_hal_cortex.o
LOAD ./Drivers/STM32H7xx_HAL_Driver/Src/stm32h7xx_hal_dma.o
LOAD ./Drivers/STM32H7xx_HAL_Driver/Src/stm32h7xx_hal_dma_ex.o
LOAD ./Drivers/STM32H7xx_HAL_Driver/Src/stm32h7xx_hal_exti.o
LOAD ./Drivers/STM32H7xx_HAL_Driver/Src/stm32h7xx_hal_flash.o
LOAD ./Drivers/STM32H7xx_HAL_Driver/Src/stm32h7xx_hal_flash_ex.o
LOAD ./Drivers/STM32H7xx_HAL_Driver/Src/stm32h7xx_hal_gpio.o
LOAD ./Drivers/STM32H7xx_HAL_Driver/Src/stm32h7xx_hal_hsem.o
LOAD ./Drivers/STM32H7xx_HAL_Driver/Src/stm32h7xx_hal_i2c.o
LOAD ./Drivers/STM32H7xx_HAL_Driver/Src/stm32h7xx_hal_i2c_ex.o
LOAD ./Drivers/STM32H7xx_HAL_Driver/Src/stm32h7xx_hal_mdma.o
LOAD ./Drivers/STM32H7xx_HAL_Driver/Src/stm32h7xx_hal_ospi.o
LOAD ./Drivers/STM32H7xx_HAL_Driver/Src/stm32h7xx_hal_pwr.o
LOAD ./Drivers/STM32H7xx_HAL_Driver/Src/stm32h7xx_hal_pwr_ex.o
LOAD ./Drivers/STM32H7xx_HAL_Driver/Src/stm32h7xx_hal_rcc.o
LOAD ./Drivers/STM32H7xx_HAL_Driver/Src/stm32h7xx_hal_rcc_ex.o
LOAD ./Drivers/STM32H7xx_HAL_Driver/Src/stm32h7xx_hal_tim.o
LOAD ./Drivers/STM32H7xx_HAL_Driver/Src/stm32h7xx_hal_tim_ex.o
LOAD ./External_flash/ospi_w25q64.o
START GROUP
LOAD C:/ST/STM32CubeIDE_1.14.0/STM32CubeIDE/plugins/com.st.stm32cube.ide.mcu.externaltools.gnu-tools-for-stm32.11.3.rel1.win32_1.1.100.202309141235/tools/bin/../lib/gcc/arm-none-eabi/11.3.1/../../../../arm-none-eabi/lib/thumb/v7e-m+dp/hard\libc_nano.a
LOAD C:/ST/STM32CubeIDE_1.14.0/STM32CubeIDE/plugins/com.st.stm32cube.ide.mcu.externaltools.gnu-tools-for-stm32.11.3.rel1.win32_1.1.100.202309141235/tools/bin/../lib/gcc/arm-none-eabi/11.3.1/../../../../arm-none-eabi/lib/thumb/v7e-m+dp/hard\libm.a
END GROUP
START GROUP
LOAD C:/ST/STM32CubeIDE_1.14.0/STM32CubeIDE/plugins/com.st.stm32cube.ide.mcu.externaltools.gnu-tools-for-stm32.11.3.rel1.win32_1.1.100.202309141235/tools/bin/../lib/gcc/arm-none-eabi/11.3.1/thumb/v7e-m+dp/hard\libgcc.a
LOAD C:/ST/STM32CubeIDE_1.14.0/STM32CubeIDE/plugins/com.st.stm32cube.ide.mcu.externaltools.gnu-tools-for-stm32.11.3.rel1.win32_1.1.100.202309141235/tools/bin/../lib/gcc/arm-none-eabi/11.3.1/../../../../arm-none-eabi/lib/thumb/v7e-m+dp/hard\libc_nano.a
END GROUP
START GROUP
LOAD C:/ST/STM32CubeIDE_1.14.0/STM32CubeIDE/plugins/com.st.stm32cube.ide.mcu.externaltools.gnu-tools-for-stm32.11.3.rel1.win32_1.1.100.202309141235/tools/bin/../lib/gcc/arm-none-eabi/11.3.1/thumb/v7e-m+dp/hard\libgcc.a
LOAD C:/ST/STM32CubeIDE_1.14.0/STM32CubeIDE/plugins/com.st.stm32cube.ide.mcu.externaltools.gnu-tools-for-stm32.11.3.rel1.win32_1.1.100.202309141235/tools/bin/../lib/gcc/arm-none-eabi/11.3.1/../../../../arm-none-eabi/lib/thumb/v7e-m+dp/hard\libc_nano.a
LOAD C:/ST/STM32CubeIDE_1.14.0/STM32CubeIDE/plugins/com.st.stm32cube.ide.mcu.externaltools.gnu-tools-for-stm32.11.3.rel1.win32_1.1.100.202309141235/tools/bin/../lib/gcc/arm-none-eabi/11.3.1/../../../../arm-none-eabi/lib/thumb/v7e-m+dp/hard\libnosys.a
END GROUP
START GROUP
LOAD C:/ST/STM32CubeIDE_1.14.0/STM32CubeIDE/plugins/com.st.stm32cube.ide.mcu.externaltools.gnu-tools-for-stm32.11.3.rel1.win32_1.1.100.202309141235/tools/bin/../lib/gcc/arm-none-eabi/11.3.1/thumb/v7e-m+dp/hard\libgcc.a
LOAD C:/ST/STM32CubeIDE_1.14.0/STM32CubeIDE/plugins/com.st.stm32cube.ide.mcu.externaltools.gnu-tools-for-stm32.11.3.rel1.win32_1.1.100.202309141235/tools/bin/../lib/gcc/arm-none-eabi/11.3.1/../../../../arm-none-eabi/lib/thumb/v7e-m+dp/hard\libc_nano.a
LOAD C:/ST/STM32CubeIDE_1.14.0/STM32CubeIDE/plugins/com.st.stm32cube.ide.mcu.externaltools.gnu-tools-for-stm32.11.3.rel1.win32_1.1.100.202309141235/tools/bin/../lib/gcc/arm-none-eabi/11.3.1/../../../../arm-none-eabi/lib/thumb/v7e-m+dp/hard\libnosys.a
END GROUP
LOAD C:/ST/STM32CubeIDE_1.14.0/STM32CubeIDE/plugins/com.st.stm32cube.ide.mcu.externaltools.gnu-tools-for-stm32.11.3.rel1.win32_1.1.100.202309141235/tools/bin/../lib/gcc/arm-none-eabi/11.3.1/thumb/v7e-m+dp/hard/crtend.o
LOAD C:/ST/STM32CubeIDE_1.14.0/STM32CubeIDE/plugins/com.st.stm32cube.ide.mcu.externaltools.gnu-tools-for-stm32.11.3.rel1.win32_1.1.100.202309141235/tools/bin/../lib/gcc/arm-none-eabi/11.3.1/thumb/v7e-m+dp/hard/crtn.o
                0x0000000024100000                _estack = (ORIGIN (RAM) + LENGTH (RAM))
                0x0000000000000200                _Min_Heap_Size = 0x200
                0x0000000000000400                _Min_Stack_Size = 0x400

.isr_vector     0x0000000008000000      0x2ac
                0x0000000008000000                . = ALIGN (0x4)
 *(.isr_vector)
 .isr_vector    0x0000000008000000      0x2ac ./Core/Startup/startup_stm32h7b0vbtx.o
                0x0000000008000000                g_pfnVectors
                0x00000000080002ac                . = ALIGN (0x4)

.text           0x00000000080002b0     0x5b94
                0x00000000080002b0                . = ALIGN (0x4)
 *(.text)
 .text          0x00000000080002b0       0x40 C:/ST/STM32CubeIDE_1.14.0/STM32CubeIDE/plugins/com.st.stm32cube.ide.mcu.externaltools.gnu-tools-for-stm32.11.3.rel1.win32_1.1.100.202309141235/tools/bin/../lib/gcc/arm-none-eabi/11.3.1/thumb/v7e-m+dp/hard/crtbegin.o
 .text          0x00000000080002f0       0xa0 C:/ST/STM32CubeIDE_1.14.0/STM32CubeIDE/plugins/com.st.stm32cube.ide.mcu.externaltools.gnu-tools-for-stm32.11.3.rel1.win32_1.1.100.202309141235/tools/bin/../lib/gcc/arm-none-eabi/11.3.1/../../../../arm-none-eabi/lib/thumb/v7e-m+dp/hard\libc_nano.a(libc_a-memchr.o)
                0x00000000080002f0                memchr
 *(.text*)
 .text.MX_GPIO_Init
                0x0000000008000390       0xe4 ./Core/Src/gpio.o
                0x0000000008000390                MX_GPIO_Init
 .text.main     0x0000000008000474       0x74 ./Core/Src/main.o
                0x0000000008000474                main
 .text.SystemClock_Config
                0x00000000080004e8       0xe8 ./Core/Src/main.o
                0x00000000080004e8                SystemClock_Config
 .text.Error_Handler
                0x00000000080005d0        0xa ./Core/Src/main.o
                0x00000000080005d0                Error_Handler
 *fill*         0x00000000080005da        0x2 
 .text.MX_OCTOSPI1_Init
                0x00000000080005dc       0xbc ./Core/Src/octospi.o
                0x00000000080005dc                MX_OCTOSPI1_Init
 .text.HAL_OSPI_MspInit
                0x0000000008000698      0x1b4 ./Core/Src/octospi.o
                0x0000000008000698                HAL_OSPI_MspInit
 .text.HAL_OSPI_MspDeInit
                0x000000000800084c       0x68 ./Core/Src/octospi.o
                0x000000000800084c                HAL_OSPI_MspDeInit
 .text.HAL_MspInit
                0x00000000080008b4       0x34 ./Core/Src/stm32h7xx_hal_msp.o
                0x00000000080008b4                HAL_MspInit
 .text.NMI_Handler
                0x00000000080008e8        0x6 ./Core/Src/stm32h7xx_it.o
                0x00000000080008e8                NMI_Handler
 .text.HardFault_Handler
                0x00000000080008ee        0x6 ./Core/Src/stm32h7xx_it.o
                0x00000000080008ee                HardFault_Handler
 .text.MemManage_Handler
                0x00000000080008f4        0x6 ./Core/Src/stm32h7xx_it.o
                0x00000000080008f4                MemManage_Handler
 .text.BusFault_Handler
                0x00000000080008fa        0x6 ./Core/Src/stm32h7xx_it.o
                0x00000000080008fa                BusFault_Handler
 .text.UsageFault_Handler
                0x0000000008000900        0x6 ./Core/Src/stm32h7xx_it.o
                0x0000000008000900                UsageFault_Handler
 .text.SVC_Handler
                0x0000000008000906        0xe ./Core/Src/stm32h7xx_it.o
                0x0000000008000906                SVC_Handler
 .text.DebugMon_Handler
                0x0000000008000914        0xe ./Core/Src/stm32h7xx_it.o
                0x0000000008000914                DebugMon_Handler
 .text.PendSV_Handler
                0x0000000008000922        0xe ./Core/Src/stm32h7xx_it.o
                0x0000000008000922                PendSV_Handler
 .text.SysTick_Handler
                0x0000000008000930        0xc ./Core/Src/stm32h7xx_it.o
                0x0000000008000930                SysTick_Handler
 .text._read    0x000000000800093c       0x3a ./Core/Src/syscalls.o
                0x000000000800093c                _read
 .text._write   0x0000000008000976       0x38 ./Core/Src/syscalls.o
                0x0000000008000976                _write
 .text._close   0x00000000080009ae       0x18 ./Core/Src/syscalls.o
                0x00000000080009ae                _close
 .text._fstat   0x00000000080009c6       0x20 ./Core/Src/syscalls.o
                0x00000000080009c6                _fstat
 .text._isatty  0x00000000080009e6       0x16 ./Core/Src/syscalls.o
                0x00000000080009e6                _isatty
 .text._lseek   0x00000000080009fc       0x1a ./Core/Src/syscalls.o
                0x00000000080009fc                _lseek
 *fill*         0x0000000008000a16        0x2 
 .text._sbrk    0x0000000008000a18       0x6c ./Core/Src/sysmem.o
                0x0000000008000a18                _sbrk
 .text.SystemInit
                0x0000000008000a84       0xf0 ./Core/Src/system_stm32h7xx.o
                0x0000000008000a84                SystemInit
 .text.Reset_Handler
                0x0000000008000b74       0x50 ./Core/Startup/startup_stm32h7b0vbtx.o
                0x0000000008000b74                Reset_Handler
 .text.Default_Handler
                0x0000000008000bc4        0x2 ./Core/Startup/startup_stm32h7b0vbtx.o
                0x0000000008000bc4                RTC_Alarm_IRQHandler
                0x0000000008000bc4                HASH_RNG_IRQHandler
                0x0000000008000bc4                EXTI2_IRQHandler
                0x0000000008000bc4                TIM8_CC_IRQHandler
                0x0000000008000bc4                UART8_IRQHandler
                0x0000000008000bc4                BDMA2_Channel1_IRQHandler
                0x0000000008000bc4                SPI4_IRQHandler
                0x0000000008000bc4                BDMA2_Channel0_IRQHandler
                0x0000000008000bc4                TIM1_CC_IRQHandler
                0x0000000008000bc4                DMA2_Stream5_IRQHandler
                0x0000000008000bc4                JPEG_IRQHandler
                0x0000000008000bc4                DMA1_Stream5_IRQHandler
                0x0000000008000bc4                EXTI3_IRQHandler
                0x0000000008000bc4                LPTIM4_IRQHandler
                0x0000000008000bc4                TIM8_TRG_COM_TIM14_IRQHandler
                0x0000000008000bc4                LPTIM2_IRQHandler
                0x0000000008000bc4                DFSDM1_FLT1_IRQHandler
                0x0000000008000bc4                DMAMUX2_OVR_IRQHandler
                0x0000000008000bc4                GFXMMU_IRQHandler
                0x0000000008000bc4                TIM8_UP_TIM13_IRQHandler
                0x0000000008000bc4                I2C3_ER_IRQHandler
                0x0000000008000bc4                DFSDM1_FLT2_IRQHandler
                0x0000000008000bc4                USART10_IRQHandler
                0x0000000008000bc4                MDMA_IRQHandler
                0x0000000008000bc4                LPTIM3_IRQHandler
                0x0000000008000bc4                BDMA2_Channel3_IRQHandler
                0x0000000008000bc4                HSEM1_IRQHandler
                0x0000000008000bc4                EXTI0_IRQHandler
                0x0000000008000bc4                I2C2_EV_IRQHandler
                0x0000000008000bc4                DAC2_IRQHandler
                0x0000000008000bc4                DMA1_Stream2_IRQHandler
                0x0000000008000bc4                FPU_IRQHandler
                0x0000000008000bc4                OTG_HS_WKUP_IRQHandler
                0x0000000008000bc4                FDCAN1_IT1_IRQHandler
                0x0000000008000bc4                LTDC_ER_IRQHandler
                0x0000000008000bc4                DMA2_Stream2_IRQHandler
                0x0000000008000bc4                SPI1_IRQHandler
                0x0000000008000bc4                OCTOSPI1_IRQHandler
                0x0000000008000bc4                TIM6_DAC_IRQHandler
                0x0000000008000bc4                BDMA2_Channel6_IRQHandler
                0x0000000008000bc4                DMA2_Stream3_IRQHandler
                0x0000000008000bc4                OCTOSPI2_IRQHandler
                0x0000000008000bc4                SAI2_IRQHandler
                0x0000000008000bc4                BDMA1_IRQHandler
                0x0000000008000bc4                DFSDM1_FLT3_IRQHandler
                0x0000000008000bc4                USART6_IRQHandler
                0x0000000008000bc4                TIM17_IRQHandler
                0x0000000008000bc4                USART3_IRQHandler
                0x0000000008000bc4                CRYP_IRQHandler
                0x0000000008000bc4                LPTIM5_IRQHandler
                0x0000000008000bc4                UART5_IRQHandler
                0x0000000008000bc4                DMA2_Stream0_IRQHandler
                0x0000000008000bc4                TIM4_IRQHandler
                0x0000000008000bc4                I2C1_EV_IRQHandler
                0x0000000008000bc4                DMA1_Stream6_IRQHandler
                0x0000000008000bc4                DMAMUX1_OVR_IRQHandler
                0x0000000008000bc4                DMA1_Stream1_IRQHandler
                0x0000000008000bc4                TIM16_IRQHandler
                0x0000000008000bc4                UART4_IRQHandler
                0x0000000008000bc4                TIM3_IRQHandler
                0x0000000008000bc4                RCC_IRQHandler
                0x0000000008000bc4                UART9_IRQHandler
                0x0000000008000bc4                TIM8_BRK_TIM12_IRQHandler
                0x0000000008000bc4                TIM1_TRG_COM_IRQHandler
                0x0000000008000bc4                Default_Handler
                0x0000000008000bc4                ECC_IRQHandler
                0x0000000008000bc4                BDMA2_Channel2_IRQHandler
                0x0000000008000bc4                CEC_IRQHandler
                0x0000000008000bc4                EXTI15_10_IRQHandler
                0x0000000008000bc4                DFSDM1_FLT4_IRQHandler
                0x0000000008000bc4                ADC_IRQHandler
                0x0000000008000bc4                OTFDEC1_IRQHandler
                0x0000000008000bc4                DMA1_Stream7_IRQHandler
                0x0000000008000bc4                SPI5_IRQHandler
                0x0000000008000bc4                TIM7_IRQHandler
                0x0000000008000bc4                SDMMC1_IRQHandler
                0x0000000008000bc4                TIM5_IRQHandler
                0x0000000008000bc4                DMA2_Stream7_IRQHandler
                0x0000000008000bc4                TIM15_IRQHandler
                0x0000000008000bc4                I2C3_EV_IRQHandler
                0x0000000008000bc4                DFSDM2_IRQHandler
                0x0000000008000bc4                EXTI9_5_IRQHandler
                0x0000000008000bc4                RTC_WKUP_IRQHandler
                0x0000000008000bc4                LTDC_IRQHandler
                0x0000000008000bc4                SPDIF_RX_IRQHandler
                0x0000000008000bc4                PVD_PVM_IRQHandler
                0x0000000008000bc4                SPI2_IRQHandler
                0x0000000008000bc4                OTG_HS_EP1_IN_IRQHandler
                0x0000000008000bc4                DFSDM1_FLT5_IRQHandler
                0x0000000008000bc4                DMA1_Stream0_IRQHandler
                0x0000000008000bc4                OTFDEC2_IRQHandler
                0x0000000008000bc4                CRS_IRQHandler
                0x0000000008000bc4                EXTI4_IRQHandler
                0x0000000008000bc4                DFSDM1_FLT6_IRQHandler
                0x0000000008000bc4                FDCAN2_IT1_IRQHandler
                0x0000000008000bc4                COMP_IRQHandler
                0x0000000008000bc4                TIM1_UP_IRQHandler
                0x0000000008000bc4                OTG_HS_EP1_OUT_IRQHandler
                0x0000000008000bc4                WWDG_IRQHandler
                0x0000000008000bc4                SPI6_IRQHandler
                0x0000000008000bc4                MDIOS_IRQHandler
                0x0000000008000bc4                I2C4_EV_IRQHandler
                0x0000000008000bc4                FDCAN2_IT0_IRQHandler
                0x0000000008000bc4                LPUART1_IRQHandler
                0x0000000008000bc4                FDCAN1_IT0_IRQHandler
                0x0000000008000bc4                TIM2_IRQHandler
                0x0000000008000bc4                BDMA2_Channel5_IRQHandler
                0x0000000008000bc4                OTG_HS_IRQHandler
                0x0000000008000bc4                DMA2D_IRQHandler
                0x0000000008000bc4                TIM1_BRK_IRQHandler
                0x0000000008000bc4                EXTI1_IRQHandler
                0x0000000008000bc4                SDMMC2_IRQHandler
                0x0000000008000bc4                DTS_IRQHandler
                0x0000000008000bc4                UART7_IRQHandler
                0x0000000008000bc4                MDIOS_WKUP_IRQHandler
                0x0000000008000bc4                USART2_IRQHandler
                0x0000000008000bc4                DFSDM1_FLT0_IRQHandler
                0x0000000008000bc4                I2C2_ER_IRQHandler
                0x0000000008000bc4                DMA2_Stream1_IRQHandler
                0x0000000008000bc4                DFSDM1_FLT7_IRQHandler
                0x0000000008000bc4                FLASH_IRQHandler
                0x0000000008000bc4                DMA2_Stream4_IRQHandler
                0x0000000008000bc4                USART1_IRQHandler
                0x0000000008000bc4                SPI3_IRQHandler
                0x0000000008000bc4                WAKEUP_PIN_IRQHandler
                0x0000000008000bc4                DMA1_Stream4_IRQHandler
                0x0000000008000bc4                I2C1_ER_IRQHandler
                0x0000000008000bc4                FMC_IRQHandler
                0x0000000008000bc4                BDMA2_Channel7_IRQHandler
                0x0000000008000bc4                FDCAN_CAL_IRQHandler
                0x0000000008000bc4                SWPMI1_IRQHandler
                0x0000000008000bc4                LPTIM1_IRQHandler
                0x0000000008000bc4                DCMI_PSSI_IRQHandler
                0x0000000008000bc4                I2C4_ER_IRQHandler
                0x0000000008000bc4                DMA2_Stream6_IRQHandler
                0x0000000008000bc4                SAI1_IRQHandler
                0x0000000008000bc4                DMA1_Stream3_IRQHandler
                0x0000000008000bc4                RTC_TAMP_STAMP_CSS_LSE_IRQHandler
                0x0000000008000bc4                BDMA2_Channel4_IRQHandler
 *fill*         0x0000000008000bc6        0x2 
 .text.HAL_Init
                0x0000000008000bc8       0x78 ./Drivers/STM32H7xx_HAL_Driver/Src/stm32h7xx_hal.o
                0x0000000008000bc8                HAL_Init
 .text.HAL_InitTick
                0x0000000008000c40       0x6c ./Drivers/STM32H7xx_HAL_Driver/Src/stm32h7xx_hal.o
                0x0000000008000c40                HAL_InitTick
 .text.HAL_IncTick
                0x0000000008000cac       0x28 ./Drivers/STM32H7xx_HAL_Driver/Src/stm32h7xx_hal.o
                0x0000000008000cac                HAL_IncTick
 .text.HAL_GetTick
                0x0000000008000cd4       0x18 ./Drivers/STM32H7xx_HAL_Driver/Src/stm32h7xx_hal.o
                0x0000000008000cd4                HAL_GetTick
 .text.HAL_Delay
                0x0000000008000cec       0x48 ./Drivers/STM32H7xx_HAL_Driver/Src/stm32h7xx_hal.o
                0x0000000008000cec                HAL_Delay
 .text.__NVIC_SetPriorityGrouping
                0x0000000008000d34       0x48 ./Drivers/STM32H7xx_HAL_Driver/Src/stm32h7xx_hal_cortex.o
 .text.__NVIC_GetPriorityGrouping
                0x0000000008000d7c       0x1c ./Drivers/STM32H7xx_HAL_Driver/Src/stm32h7xx_hal_cortex.o
 .text.__NVIC_SetPriority
                0x0000000008000d98       0x54 ./Drivers/STM32H7xx_HAL_Driver/Src/stm32h7xx_hal_cortex.o
 .text.NVIC_EncodePriority
                0x0000000008000dec       0x66 ./Drivers/STM32H7xx_HAL_Driver/Src/stm32h7xx_hal_cortex.o
 *fill*         0x0000000008000e52        0x2 
 .text.SysTick_Config
                0x0000000008000e54       0x44 ./Drivers/STM32H7xx_HAL_Driver/Src/stm32h7xx_hal_cortex.o
 .text.HAL_NVIC_SetPriorityGrouping
                0x0000000008000e98       0x16 ./Drivers/STM32H7xx_HAL_Driver/Src/stm32h7xx_hal_cortex.o
                0x0000000008000e98                HAL_NVIC_SetPriorityGrouping
 .text.HAL_NVIC_SetPriority
                0x0000000008000eae       0x34 ./Drivers/STM32H7xx_HAL_Driver/Src/stm32h7xx_hal_cortex.o
                0x0000000008000eae                HAL_NVIC_SetPriority
 .text.HAL_SYSTICK_Config
                0x0000000008000ee2       0x18 ./Drivers/STM32H7xx_HAL_Driver/Src/stm32h7xx_hal_cortex.o
                0x0000000008000ee2                HAL_SYSTICK_Config
 *fill*         0x0000000008000efa        0x2 
 .text.HAL_GPIO_Init
                0x0000000008000efc      0x360 ./Drivers/STM32H7xx_HAL_Driver/Src/stm32h7xx_hal_gpio.o
                0x0000000008000efc                HAL_GPIO_Init
 .text.HAL_GPIO_DeInit
                0x000000000800125c      0x214 ./Drivers/STM32H7xx_HAL_Driver/Src/stm32h7xx_hal_gpio.o
                0x000000000800125c                HAL_GPIO_DeInit
 .text.HAL_GPIO_WritePin
                0x0000000008001470       0x32 ./Drivers/STM32H7xx_HAL_Driver/Src/stm32h7xx_hal_gpio.o
                0x0000000008001470                HAL_GPIO_WritePin
 *fill*         0x00000000080014a2        0x2 
 .text.HAL_OSPI_Init
                0x00000000080014a4      0x178 ./Drivers/STM32H7xx_HAL_Driver/Src/stm32h7xx_hal_ospi.o
                0x00000000080014a4                HAL_OSPI_Init
 .text.HAL_OSPI_DeInit
                0x000000000800161c       0x4e ./Drivers/STM32H7xx_HAL_Driver/Src/stm32h7xx_hal_ospi.o
                0x000000000800161c                HAL_OSPI_DeInit
 .text.HAL_OSPI_Command
                0x000000000800166a      0x11a ./Drivers/STM32H7xx_HAL_Driver/Src/stm32h7xx_hal_ospi.o
                0x000000000800166a                HAL_OSPI_Command
 .text.HAL_OSPI_Receive
                0x0000000008001784      0x146 ./Drivers/STM32H7xx_HAL_Driver/Src/stm32h7xx_hal_ospi.o
                0x0000000008001784                HAL_OSPI_Receive
 *fill*         0x00000000080018ca        0x2 
 .text.HAL_OSPI_MemoryMapped
                0x00000000080018cc       0x9c ./Drivers/STM32H7xx_HAL_Driver/Src/stm32h7xx_hal_ospi.o
                0x00000000080018cc                HAL_OSPI_MemoryMapped
 .text.HAL_OSPI_SetTimeout
                0x0000000008001968       0x1e ./Drivers/STM32H7xx_HAL_Driver/Src/stm32h7xx_hal_ospi.o
                0x0000000008001968                HAL_OSPI_SetTimeout
 *fill*         0x0000000008001986        0x2 
 .text.HAL_OSPIM_Config
                0x0000000008001988      0x9d0 ./Drivers/STM32H7xx_HAL_Driver/Src/stm32h7xx_hal_ospi.o
                0x0000000008001988                HAL_OSPIM_Config
 .text.OSPI_WaitFlagStateUntilTimeout
                0x0000000008002358       0x6e ./Drivers/STM32H7xx_HAL_Driver/Src/stm32h7xx_hal_ospi.o
 *fill*         0x00000000080023c6        0x2 
 .text.OSPI_ConfigCmd
                0x00000000080023c8      0x2f4 ./Drivers/STM32H7xx_HAL_Driver/Src/stm32h7xx_hal_ospi.o
 .text.OSPIM_GetConfig
                0x00000000080026bc      0x174 ./Drivers/STM32H7xx_HAL_Driver/Src/stm32h7xx_hal_ospi.o
 .text.HAL_PWREx_ConfigSupply
                0x0000000008002830       0x74 ./Drivers/STM32H7xx_HAL_Driver/Src/stm32h7xx_hal_pwr_ex.o
                0x0000000008002830                HAL_PWREx_ConfigSupply
 .text.HAL_RCC_OscConfig
                0x00000000080028a4      0x864 ./Drivers/STM32H7xx_HAL_Driver/Src/stm32h7xx_hal_rcc.o
                0x00000000080028a4                HAL_RCC_OscConfig
 .text.HAL_RCC_ClockConfig
                0x0000000008003108      0x36c ./Drivers/STM32H7xx_HAL_Driver/Src/stm32h7xx_hal_rcc.o
                0x0000000008003108                HAL_RCC_ClockConfig
 .text.HAL_RCC_GetSysClockFreq
                0x0000000008003474      0x2f4 ./Drivers/STM32H7xx_HAL_Driver/Src/stm32h7xx_hal_rcc.o
                0x0000000008003474                HAL_RCC_GetSysClockFreq
 .text.HAL_RCCEx_PeriphCLKConfig
                0x0000000008003768     0x137c ./Drivers/STM32H7xx_HAL_Driver/Src/stm32h7xx_hal_rcc_ex.o
                0x0000000008003768                HAL_RCCEx_PeriphCLKConfig
 .text.RCCEx_PLL2_Config
                0x0000000008004ae4      0x164 ./Drivers/STM32H7xx_HAL_Driver/Src/stm32h7xx_hal_rcc_ex.o
 .text.RCCEx_PLL3_Config
                0x0000000008004c48      0x164 ./Drivers/STM32H7xx_HAL_Driver/Src/stm32h7xx_hal_rcc_ex.o
 .text.OCTOSPI1_Init
                0x0000000008004dac       0xb8 ./External_flash/ospi_w25q64.o
                0x0000000008004dac                OCTOSPI1_Init
 .text.OSPI_W25Qxx_Init
                0x0000000008004e64       0x44 ./External_flash/ospi_w25q64.o
                0x0000000008004e64                OSPI_W25Qxx_Init
 .text.OSPI_W25Qxx_ReadID
                0x0000000008004ea8       0x80 ./External_flash/ospi_w25q64.o
                0x0000000008004ea8                OSPI_W25Qxx_ReadID
 .text.OSPI_W25Qxx_MemoryMappedMode
                0x0000000008004f28       0x94 ./External_flash/ospi_w25q64.o
                0x0000000008004f28                OSPI_W25Qxx_MemoryMappedMode
 .text.std      0x0000000008004fbc       0x6c C:/ST/STM32CubeIDE_1.14.0/STM32CubeIDE/plugins/com.st.stm32cube.ide.mcu.externaltools.gnu-tools-for-stm32.11.3.rel1.win32_1.1.100.202309141235/tools/bin/../lib/gcc/arm-none-eabi/11.3.1/../../../../arm-none-eabi/lib/thumb/v7e-m+dp/hard\libc_nano.a(libc_a-findfp.o)
 .text.stdio_exit_handler
                0x0000000008005028       0x18 C:/ST/STM32CubeIDE_1.14.0/STM32CubeIDE/plugins/com.st.stm32cube.ide.mcu.externaltools.gnu-tools-for-stm32.11.3.rel1.win32_1.1.100.202309141235/tools/bin/../lib/gcc/arm-none-eabi/11.3.1/../../../../arm-none-eabi/lib/thumb/v7e-m+dp/hard\libc_nano.a(libc_a-findfp.o)
 .text.cleanup_stdio
                0x0000000008005040       0x40 C:/ST/STM32CubeIDE_1.14.0/STM32CubeIDE/plugins/com.st.stm32cube.ide.mcu.externaltools.gnu-tools-for-stm32.11.3.rel1.win32_1.1.100.202309141235/tools/bin/../lib/gcc/arm-none-eabi/11.3.1/../../../../arm-none-eabi/lib/thumb/v7e-m+dp/hard\libc_nano.a(libc_a-findfp.o)
 .text.global_stdio_init.part.0
                0x0000000008005080       0x3c C:/ST/STM32CubeIDE_1.14.0/STM32CubeIDE/plugins/com.st.stm32cube.ide.mcu.externaltools.gnu-tools-for-stm32.11.3.rel1.win32_1.1.100.202309141235/tools/bin/../lib/gcc/arm-none-eabi/11.3.1/../../../../arm-none-eabi/lib/thumb/v7e-m+dp/hard\libc_nano.a(libc_a-findfp.o)
 .text.__sfp_lock_acquire
                0x00000000080050bc        0xc C:/ST/STM32CubeIDE_1.14.0/STM32CubeIDE/plugins/com.st.stm32cube.ide.mcu.externaltools.gnu-tools-for-stm32.11.3.rel1.win32_1.1.100.202309141235/tools/bin/../lib/gcc/arm-none-eabi/11.3.1/../../../../arm-none-eabi/lib/thumb/v7e-m+dp/hard\libc_nano.a(libc_a-findfp.o)
                0x00000000080050bc                __sfp_lock_acquire
 .text.__sfp_lock_release
                0x00000000080050c8        0xc C:/ST/STM32CubeIDE_1.14.0/STM32CubeIDE/plugins/com.st.stm32cube.ide.mcu.externaltools.gnu-tools-for-stm32.11.3.rel1.win32_1.1.100.202309141235/tools/bin/../lib/gcc/arm-none-eabi/11.3.1/../../../../arm-none-eabi/lib/thumb/v7e-m+dp/hard\libc_nano.a(libc_a-findfp.o)
                0x00000000080050c8                __sfp_lock_release
 .text.__sinit  0x00000000080050d4       0x30 C:/ST/STM32CubeIDE_1.14.0/STM32CubeIDE/plugins/com.st.stm32cube.ide.mcu.externaltools.gnu-tools-for-stm32.11.3.rel1.win32_1.1.100.202309141235/tools/bin/../lib/gcc/arm-none-eabi/11.3.1/../../../../arm-none-eabi/lib/thumb/v7e-m+dp/hard\libc_nano.a(libc_a-findfp.o)
                0x00000000080050d4                __sinit
 .text._fwalk_sglue
                0x0000000008005104       0x3c C:/ST/STM32CubeIDE_1.14.0/STM32CubeIDE/plugins/com.st.stm32cube.ide.mcu.externaltools.gnu-tools-for-stm32.11.3.rel1.win32_1.1.100.202309141235/tools/bin/../lib/gcc/arm-none-eabi/11.3.1/../../../../arm-none-eabi/lib/thumb/v7e-m+dp/hard\libc_nano.a(libc_a-fwalk.o)
                0x0000000008005104                _fwalk_sglue
 .text.printf   0x0000000008005140       0x24 C:/ST/STM32CubeIDE_1.14.0/STM32CubeIDE/plugins/com.st.stm32cube.ide.mcu.externaltools.gnu-tools-for-stm32.11.3.rel1.win32_1.1.100.202309141235/tools/bin/../lib/gcc/arm-none-eabi/11.3.1/../../../../arm-none-eabi/lib/thumb/v7e-m+dp/hard\libc_nano.a(libc_a-printf.o)
                0x0000000008005140                iprintf
                0x0000000008005140                printf
 .text.__sread  0x0000000008005164       0x22 C:/ST/STM32CubeIDE_1.14.0/STM32CubeIDE/plugins/com.st.stm32cube.ide.mcu.externaltools.gnu-tools-for-stm32.11.3.rel1.win32_1.1.100.202309141235/tools/bin/../lib/gcc/arm-none-eabi/11.3.1/../../../../arm-none-eabi/lib/thumb/v7e-m+dp/hard\libc_nano.a(libc_a-stdio.o)
                0x0000000008005164                __sread
 .text.__swrite
                0x0000000008005186       0x38 C:/ST/STM32CubeIDE_1.14.0/STM32CubeIDE/plugins/com.st.stm32cube.ide.mcu.externaltools.gnu-tools-for-stm32.11.3.rel1.win32_1.1.100.202309141235/tools/bin/../lib/gcc/arm-none-eabi/11.3.1/../../../../arm-none-eabi/lib/thumb/v7e-m+dp/hard\libc_nano.a(libc_a-stdio.o)
                0x0000000008005186                __swrite
 .text.__sseek  0x00000000080051be       0x24 C:/ST/STM32CubeIDE_1.14.0/STM32CubeIDE/plugins/com.st.stm32cube.ide.mcu.externaltools.gnu-tools-for-stm32.11.3.rel1.win32_1.1.100.202309141235/tools/bin/../lib/gcc/arm-none-eabi/11.3.1/../../../../arm-none-eabi/lib/thumb/v7e-m+dp/hard\libc_nano.a(libc_a-stdio.o)
                0x00000000080051be                __sseek
 .text.__sclose
                0x00000000080051e2        0x8 C:/ST/STM32CubeIDE_1.14.0/STM32CubeIDE/plugins/com.st.stm32cube.ide.mcu.externaltools.gnu-tools-for-stm32.11.3.rel1.win32_1.1.100.202309141235/tools/bin/../lib/gcc/arm-none-eabi/11.3.1/../../../../arm-none-eabi/lib/thumb/v7e-m+dp/hard\libc_nano.a(libc_a-stdio.o)
                0x00000000080051e2                __sclose
 .text.memset   0x00000000080051ea       0x10 C:/ST/STM32CubeIDE_1.14.0/STM32CubeIDE/plugins/com.st.stm32cube.ide.mcu.externaltools.gnu-tools-for-stm32.11.3.rel1.win32_1.1.100.202309141235/tools/bin/../lib/gcc/arm-none-eabi/11.3.1/../../../../arm-none-eabi/lib/thumb/v7e-m+dp/hard\libc_nano.a(libc_a-memset.o)
                0x00000000080051ea                memset
 *fill*         0x00000000080051fa        0x2 
 .text._close_r
                0x00000000080051fc       0x20 C:/ST/STM32CubeIDE_1.14.0/STM32CubeIDE/plugins/com.st.stm32cube.ide.mcu.externaltools.gnu-tools-for-stm32.11.3.rel1.win32_1.1.100.202309141235/tools/bin/../lib/gcc/arm-none-eabi/11.3.1/../../../../arm-none-eabi/lib/thumb/v7e-m+dp/hard\libc_nano.a(libc_a-closer.o)
                0x00000000080051fc                _close_r
 .text._lseek_r
                0x000000000800521c       0x24 C:/ST/STM32CubeIDE_1.14.0/STM32CubeIDE/plugins/com.st.stm32cube.ide.mcu.externaltools.gnu-tools-for-stm32.11.3.rel1.win32_1.1.100.202309141235/tools/bin/../lib/gcc/arm-none-eabi/11.3.1/../../../../arm-none-eabi/lib/thumb/v7e-m+dp/hard\libc_nano.a(libc_a-lseekr.o)
                0x000000000800521c                _lseek_r
 .text._read_r  0x0000000008005240       0x24 C:/ST/STM32CubeIDE_1.14.0/STM32CubeIDE/plugins/com.st.stm32cube.ide.mcu.externaltools.gnu-tools-for-stm32.11.3.rel1.win32_1.1.100.202309141235/tools/bin/../lib/gcc/arm-none-eabi/11.3.1/../../../../arm-none-eabi/lib/thumb/v7e-m+dp/hard\libc_nano.a(libc_a-readr.o)
                0x0000000008005240                _read_r
 .text._write_r
                0x0000000008005264       0x24 C:/ST/STM32CubeIDE_1.14.0/STM32CubeIDE/plugins/com.st.stm32cube.ide.mcu.externaltools.gnu-tools-for-stm32.11.3.rel1.win32_1.1.100.202309141235/tools/bin/../lib/gcc/arm-none-eabi/11.3.1/../../../../arm-none-eabi/lib/thumb/v7e-m+dp/hard\libc_nano.a(libc_a-writer.o)
                0x0000000008005264                _write_r
 .text.__errno  0x0000000008005288        0xc C:/ST/STM32CubeIDE_1.14.0/STM32CubeIDE/plugins/com.st.stm32cube.ide.mcu.externaltools.gnu-tools-for-stm32.11.3.rel1.win32_1.1.100.202309141235/tools/bin/../lib/gcc/arm-none-eabi/11.3.1/../../../../arm-none-eabi/lib/thumb/v7e-m+dp/hard\libc_nano.a(libc_a-errno.o)
                0x0000000008005288                __errno
 .text.__libc_init_array
                0x0000000008005294       0x48 C:/ST/STM32CubeIDE_1.14.0/STM32CubeIDE/plugins/com.st.stm32cube.ide.mcu.externaltools.gnu-tools-for-stm32.11.3.rel1.win32_1.1.100.202309141235/tools/bin/../lib/gcc/arm-none-eabi/11.3.1/../../../../arm-none-eabi/lib/thumb/v7e-m+dp/hard\libc_nano.a(libc_a-init.o)
                0x0000000008005294                __libc_init_array
 .text.__retarget_lock_init_recursive
                0x00000000080052dc        0x2 C:/ST/STM32CubeIDE_1.14.0/STM32CubeIDE/plugins/com.st.stm32cube.ide.mcu.externaltools.gnu-tools-for-stm32.11.3.rel1.win32_1.1.100.202309141235/tools/bin/../lib/gcc/arm-none-eabi/11.3.1/../../../../arm-none-eabi/lib/thumb/v7e-m+dp/hard\libc_nano.a(libc_a-lock.o)
                0x00000000080052dc                __retarget_lock_init_recursive
 .text.__retarget_lock_acquire_recursive
                0x00000000080052de        0x2 C:/ST/STM32CubeIDE_1.14.0/STM32CubeIDE/plugins/com.st.stm32cube.ide.mcu.externaltools.gnu-tools-for-stm32.11.3.rel1.win32_1.1.100.202309141235/tools/bin/../lib/gcc/arm-none-eabi/11.3.1/../../../../arm-none-eabi/lib/thumb/v7e-m+dp/hard\libc_nano.a(libc_a-lock.o)
                0x00000000080052de                __retarget_lock_acquire_recursive
 .text.__retarget_lock_release_recursive
                0x00000000080052e0        0x2 C:/ST/STM32CubeIDE_1.14.0/STM32CubeIDE/plugins/com.st.stm32cube.ide.mcu.externaltools.gnu-tools-for-stm32.11.3.rel1.win32_1.1.100.202309141235/tools/bin/../lib/gcc/arm-none-eabi/11.3.1/../../../../arm-none-eabi/lib/thumb/v7e-m+dp/hard\libc_nano.a(libc_a-lock.o)
                0x00000000080052e0                __retarget_lock_release_recursive
 *fill*         0x00000000080052e2        0x2 
 .text._free_r  0x00000000080052e4       0x98 C:/ST/STM32CubeIDE_1.14.0/STM32CubeIDE/plugins/com.st.stm32cube.ide.mcu.externaltools.gnu-tools-for-stm32.11.3.rel1.win32_1.1.100.202309141235/tools/bin/../lib/gcc/arm-none-eabi/11.3.1/../../../../arm-none-eabi/lib/thumb/v7e-m+dp/hard\libc_nano.a(libc_a-freer.o)
                0x00000000080052e4                _free_r
 .text.sbrk_aligned
                0x000000000800537c       0x40 C:/ST/STM32CubeIDE_1.14.0/STM32CubeIDE/plugins/com.st.stm32cube.ide.mcu.externaltools.gnu-tools-for-stm32.11.3.rel1.win32_1.1.100.202309141235/tools/bin/../lib/gcc/arm-none-eabi/11.3.1/../../../../arm-none-eabi/lib/thumb/v7e-m+dp/hard\libc_nano.a(libc_a-mallocr.o)
 .text._malloc_r
                0x00000000080053bc      0x100 C:/ST/STM32CubeIDE_1.14.0/STM32CubeIDE/plugins/com.st.stm32cube.ide.mcu.externaltools.gnu-tools-for-stm32.11.3.rel1.win32_1.1.100.202309141235/tools/bin/../lib/gcc/arm-none-eabi/11.3.1/../../../../arm-none-eabi/lib/thumb/v7e-m+dp/hard\libc_nano.a(libc_a-mallocr.o)
                0x00000000080053bc                _malloc_r
 .text.__malloc_lock
                0x00000000080054bc        0xc C:/ST/STM32CubeIDE_1.14.0/STM32CubeIDE/plugins/com.st.stm32cube.ide.mcu.externaltools.gnu-tools-for-stm32.11.3.rel1.win32_1.1.100.202309141235/tools/bin/../lib/gcc/arm-none-eabi/11.3.1/../../../../arm-none-eabi/lib/thumb/v7e-m+dp/hard\libc_nano.a(libc_a-mlock.o)
                0x00000000080054bc                __malloc_lock
 .text.__malloc_unlock
                0x00000000080054c8        0xc C:/ST/STM32CubeIDE_1.14.0/STM32CubeIDE/plugins/com.st.stm32cube.ide.mcu.externaltools.gnu-tools-for-stm32.11.3.rel1.win32_1.1.100.202309141235/tools/bin/../lib/gcc/arm-none-eabi/11.3.1/../../../../arm-none-eabi/lib/thumb/v7e-m+dp/hard\libc_nano.a(libc_a-mlock.o)
                0x00000000080054c8                __malloc_unlock
 .text.__sfputc_r
                0x00000000080054d4       0x2e C:/ST/STM32CubeIDE_1.14.0/STM32CubeIDE/plugins/com.st.stm32cube.ide.mcu.externaltools.gnu-tools-for-stm32.11.3.rel1.win32_1.1.100.202309141235/tools/bin/../lib/gcc/arm-none-eabi/11.3.1/../../../../arm-none-eabi/lib/thumb/v7e-m+dp/hard\libc_nano.a(libc_a-nano-vfprintf.o)
 .text.__sfputs_r
                0x0000000008005502       0x24 C:/ST/STM32CubeIDE_1.14.0/STM32CubeIDE/plugins/com.st.stm32cube.ide.mcu.externaltools.gnu-tools-for-stm32.11.3.rel1.win32_1.1.100.202309141235/tools/bin/../lib/gcc/arm-none-eabi/11.3.1/../../../../arm-none-eabi/lib/thumb/v7e-m+dp/hard\libc_nano.a(libc_a-nano-vfprintf.o)
                0x0000000008005502                __sfputs_r
 *fill*         0x0000000008005526        0x2 
 .text._vfprintf_r
                0x0000000008005528      0x234 C:/ST/STM32CubeIDE_1.14.0/STM32CubeIDE/plugins/com.st.stm32cube.ide.mcu.externaltools.gnu-tools-for-stm32.11.3.rel1.win32_1.1.100.202309141235/tools/bin/../lib/gcc/arm-none-eabi/11.3.1/../../../../arm-none-eabi/lib/thumb/v7e-m+dp/hard\libc_nano.a(libc_a-nano-vfprintf.o)
                0x0000000008005528                _vfprintf_r
                0x0000000008005528                _vfiprintf_r
 .text._printf_common
                0x000000000800575c       0xda C:/ST/STM32CubeIDE_1.14.0/STM32CubeIDE/plugins/com.st.stm32cube.ide.mcu.externaltools.gnu-tools-for-stm32.11.3.rel1.win32_1.1.100.202309141235/tools/bin/../lib/gcc/arm-none-eabi/11.3.1/../../../../arm-none-eabi/lib/thumb/v7e-m+dp/hard\libc_nano.a(libc_a-nano-vfprintf_i.o)
                0x000000000800575c                _printf_common
 *fill*         0x0000000008005836        0x2 
 .text._printf_i
                0x0000000008005838      0x244 C:/ST/STM32CubeIDE_1.14.0/STM32CubeIDE/plugins/com.st.stm32cube.ide.mcu.externaltools.gnu-tools-for-stm32.11.3.rel1.win32_1.1.100.202309141235/tools/bin/../lib/gcc/arm-none-eabi/11.3.1/../../../../arm-none-eabi/lib/thumb/v7e-m+dp/hard\libc_nano.a(libc_a-nano-vfprintf_i.o)
                0x0000000008005838                _printf_i
 .text.__sflush_r
                0x0000000008005a7c      0x10c C:/ST/STM32CubeIDE_1.14.0/STM32CubeIDE/plugins/com.st.stm32cube.ide.mcu.externaltools.gnu-tools-for-stm32.11.3.rel1.win32_1.1.100.202309141235/tools/bin/../lib/gcc/arm-none-eabi/11.3.1/../../../../arm-none-eabi/lib/thumb/v7e-m+dp/hard\libc_nano.a(libc_a-fflush.o)
                0x0000000008005a7c                __sflush_r
 .text._fflush_r
                0x0000000008005b88       0x50 C:/ST/STM32CubeIDE_1.14.0/STM32CubeIDE/plugins/com.st.stm32cube.ide.mcu.externaltools.gnu-tools-for-stm32.11.3.rel1.win32_1.1.100.202309141235/tools/bin/../lib/gcc/arm-none-eabi/11.3.1/../../../../arm-none-eabi/lib/thumb/v7e-m+dp/hard\libc_nano.a(libc_a-fflush.o)
                0x0000000008005b88                _fflush_r
 .text.__swbuf_r
                0x0000000008005bd8       0x7a C:/ST/STM32CubeIDE_1.14.0/STM32CubeIDE/plugins/com.st.stm32cube.ide.mcu.externaltools.gnu-tools-for-stm32.11.3.rel1.win32_1.1.100.202309141235/tools/bin/../lib/gcc/arm-none-eabi/11.3.1/../../../../arm-none-eabi/lib/thumb/v7e-m+dp/hard\libc_nano.a(libc_a-wbuf.o)
                0x0000000008005bd8                __swbuf_r
 *fill*         0x0000000008005c52        0x2 
 .text.__swsetup_r
                0x0000000008005c54       0xb0 C:/ST/STM32CubeIDE_1.14.0/STM32CubeIDE/plugins/com.st.stm32cube.ide.mcu.externaltools.gnu-tools-for-stm32.11.3.rel1.win32_1.1.100.202309141235/tools/bin/../lib/gcc/arm-none-eabi/11.3.1/../../../../arm-none-eabi/lib/thumb/v7e-m+dp/hard\libc_nano.a(libc_a-wsetup.o)
                0x0000000008005c54                __swsetup_r
 .text._sbrk_r  0x0000000008005d04       0x20 C:/ST/STM32CubeIDE_1.14.0/STM32CubeIDE/plugins/com.st.stm32cube.ide.mcu.externaltools.gnu-tools-for-stm32.11.3.rel1.win32_1.1.100.202309141235/tools/bin/../lib/gcc/arm-none-eabi/11.3.1/../../../../arm-none-eabi/lib/thumb/v7e-m+dp/hard\libc_nano.a(libc_a-sbrkr.o)
                0x0000000008005d04                _sbrk_r
 .text.__swhatbuf_r
                0x0000000008005d24       0x4c C:/ST/STM32CubeIDE_1.14.0/STM32CubeIDE/plugins/com.st.stm32cube.ide.mcu.externaltools.gnu-tools-for-stm32.11.3.rel1.win32_1.1.100.202309141235/tools/bin/../lib/gcc/arm-none-eabi/11.3.1/../../../../arm-none-eabi/lib/thumb/v7e-m+dp/hard\libc_nano.a(libc_a-makebuf.o)
                0x0000000008005d24                __swhatbuf_r
 .text.__smakebuf_r
                0x0000000008005d70       0x78 C:/ST/STM32CubeIDE_1.14.0/STM32CubeIDE/plugins/com.st.stm32cube.ide.mcu.externaltools.gnu-tools-for-stm32.11.3.rel1.win32_1.1.100.202309141235/tools/bin/../lib/gcc/arm-none-eabi/11.3.1/../../../../arm-none-eabi/lib/thumb/v7e-m+dp/hard\libc_nano.a(libc_a-makebuf.o)
                0x0000000008005d70                __smakebuf_r
 .text._fstat_r
                0x0000000008005de8       0x24 C:/ST/STM32CubeIDE_1.14.0/STM32CubeIDE/plugins/com.st.stm32cube.ide.mcu.externaltools.gnu-tools-for-stm32.11.3.rel1.win32_1.1.100.202309141235/tools/bin/../lib/gcc/arm-none-eabi/11.3.1/../../../../arm-none-eabi/lib/thumb/v7e-m+dp/hard\libc_nano.a(libc_a-fstatr.o)
                0x0000000008005de8                _fstat_r
 .text._isatty_r
                0x0000000008005e0c       0x20 C:/ST/STM32CubeIDE_1.14.0/STM32CubeIDE/plugins/com.st.stm32cube.ide.mcu.externaltools.gnu-tools-for-stm32.11.3.rel1.win32_1.1.100.202309141235/tools/bin/../lib/gcc/arm-none-eabi/11.3.1/../../../../arm-none-eabi/lib/thumb/v7e-m+dp/hard\libc_nano.a(libc_a-isattyr.o)
                0x0000000008005e0c                _isatty_r
 *(.glue_7)
 .glue_7        0x0000000008005e2c        0x0 linker stubs
 *(.glue_7t)
 .glue_7t       0x0000000008005e2c        0x0 linker stubs
 *(.eh_frame)
 .eh_frame      0x0000000008005e2c        0x0 C:/ST/STM32CubeIDE_1.14.0/STM32CubeIDE/plugins/com.st.stm32cube.ide.mcu.externaltools.gnu-tools-for-stm32.11.3.rel1.win32_1.1.100.202309141235/tools/bin/../lib/gcc/arm-none-eabi/11.3.1/thumb/v7e-m+dp/hard/crtbegin.o
 *(.init)
 .init          0x0000000008005e2c        0x4 C:/ST/STM32CubeIDE_1.14.0/STM32CubeIDE/plugins/com.st.stm32cube.ide.mcu.externaltools.gnu-tools-for-stm32.11.3.rel1.win32_1.1.100.202309141235/tools/bin/../lib/gcc/arm-none-eabi/11.3.1/thumb/v7e-m+dp/hard/crti.o
                0x0000000008005e2c                _init
 .init          0x0000000008005e30        0x8 C:/ST/STM32CubeIDE_1.14.0/STM32CubeIDE/plugins/com.st.stm32cube.ide.mcu.externaltools.gnu-tools-for-stm32.11.3.rel1.win32_1.1.100.202309141235/tools/bin/../lib/gcc/arm-none-eabi/11.3.1/thumb/v7e-m+dp/hard/crtn.o
 *(.fini)
 .fini          0x0000000008005e38        0x4 C:/ST/STM32CubeIDE_1.14.0/STM32CubeIDE/plugins/com.st.stm32cube.ide.mcu.externaltools.gnu-tools-for-stm32.11.3.rel1.win32_1.1.100.202309141235/tools/bin/../lib/gcc/arm-none-eabi/11.3.1/thumb/v7e-m+dp/hard/crti.o
                0x0000000008005e38                _fini
 .fini          0x0000000008005e3c        0x8 C:/ST/STM32CubeIDE_1.14.0/STM32CubeIDE/plugins/com.st.stm32cube.ide.mcu.externaltools.gnu-tools-for-stm32.11.3.rel1.win32_1.1.100.202309141235/tools/bin/../lib/gcc/arm-none-eabi/11.3.1/thumb/v7e-m+dp/hard/crtn.o
                0x0000000008005e44                . = ALIGN (0x4)
                0x0000000008005e44                _etext = .

.vfp11_veneer   0x0000000008005e44        0x0
 .vfp11_veneer  0x0000000008005e44        0x0 linker stubs

.v4_bx          0x0000000008005e44        0x0
 .v4_bx         0x0000000008005e44        0x0 linker stubs

.iplt           0x0000000008005e44        0x0
 .iplt          0x0000000008005e44        0x0 C:/ST/STM32CubeIDE_1.14.0/STM32CubeIDE/plugins/com.st.stm32cube.ide.mcu.externaltools.gnu-tools-for-stm32.11.3.rel1.win32_1.1.100.202309141235/tools/bin/../lib/gcc/arm-none-eabi/11.3.1/thumb/v7e-m+dp/hard/crtbegin.o

.rodata         0x0000000008005e44       0x78
                0x0000000008005e44                . = ALIGN (0x4)
 *(.rodata)
 .rodata        0x0000000008005e44       0x32 ./External_flash/ospi_w25q64.o
 *(.rodata*)
 *fill*         0x0000000008005e76        0x2 
 .rodata.D1CorePrescTable
                0x0000000008005e78       0x10 ./Core/Src/system_stm32h7xx.o
                0x0000000008005e78                D1CorePrescTable
 .rodata._vfprintf_r.str1.1
                0x0000000008005e88       0x11 C:/ST/STM32CubeIDE_1.14.0/STM32CubeIDE/plugins/com.st.stm32cube.ide.mcu.externaltools.gnu-tools-for-stm32.11.3.rel1.win32_1.1.100.202309141235/tools/bin/../lib/gcc/arm-none-eabi/11.3.1/../../../../arm-none-eabi/lib/thumb/v7e-m+dp/hard\libc_nano.a(libc_a-nano-vfprintf.o)
 .rodata._printf_i.str1.1
                0x0000000008005e99       0x22 C:/ST/STM32CubeIDE_1.14.0/STM32CubeIDE/plugins/com.st.stm32cube.ide.mcu.externaltools.gnu-tools-for-stm32.11.3.rel1.win32_1.1.100.202309141235/tools/bin/../lib/gcc/arm-none-eabi/11.3.1/../../../../arm-none-eabi/lib/thumb/v7e-m+dp/hard\libc_nano.a(libc_a-nano-vfprintf_i.o)
                0x0000000008005ebc                . = ALIGN (0x4)
 *fill*         0x0000000008005ebb        0x1 

.rel.dyn        0x0000000008005ebc        0x0
 .rel.iplt      0x0000000008005ebc        0x0 C:/ST/STM32CubeIDE_1.14.0/STM32CubeIDE/plugins/com.st.stm32cube.ide.mcu.externaltools.gnu-tools-for-stm32.11.3.rel1.win32_1.1.100.202309141235/tools/bin/../lib/gcc/arm-none-eabi/11.3.1/thumb/v7e-m+dp/hard/crtbegin.o

.ARM.extab
 *(.ARM.extab* .gnu.linkonce.armextab.*)

.ARM            0x0000000008005ebc        0x0
                0x0000000008005ebc                __exidx_start = .
 *(.ARM.exidx*)
                0x0000000008005ebc                __exidx_end = .

.preinit_array  0x0000000008005ebc        0x0
                0x0000000008005ebc                PROVIDE (__preinit_array_start = .)
 *(.preinit_array*)
                0x0000000008005ebc                PROVIDE (__preinit_array_end = .)

.init_array     0x0000000008005ebc        0x4
                0x0000000008005ebc                PROVIDE (__init_array_start = .)
 *(SORT_BY_NAME(.init_array.*))
 *(.init_array*)
 .init_array    0x0000000008005ebc        0x4 C:/ST/STM32CubeIDE_1.14.0/STM32CubeIDE/plugins/com.st.stm32cube.ide.mcu.externaltools.gnu-tools-for-stm32.11.3.rel1.win32_1.1.100.202309141235/tools/bin/../lib/gcc/arm-none-eabi/11.3.1/thumb/v7e-m+dp/hard/crtbegin.o
                0x0000000008005ec0                PROVIDE (__init_array_end = .)

.fini_array     0x0000000008005ec0        0x4
                [!provide]                        PROVIDE (__fini_array_start = .)
 *(SORT_BY_NAME(.fini_array.*))
 *(.fini_array*)
 .fini_array    0x0000000008005ec0        0x4 C:/ST/STM32CubeIDE_1.14.0/STM32CubeIDE/plugins/com.st.stm32cube.ide.mcu.externaltools.gnu-tools-for-stm32.11.3.rel1.win32_1.1.100.202309141235/tools/bin/../lib/gcc/arm-none-eabi/11.3.1/thumb/v7e-m+dp/hard/crtbegin.o
                [!provide]                        PROVIDE (__fini_array_end = .)
                0x0000000008005ec4                _sidata = LOADADDR (.data)

.data           0x0000000024000000       0x6c load address 0x0000000008005ec4
                0x0000000024000000                . = ALIGN (0x4)
                0x0000000024000000                _sdata = .
 *(.data)
 *(.data*)
 .data.SystemCoreClock
                0x0000000024000000        0x4 ./Core/Src/system_stm32h7xx.o
                0x0000000024000000                SystemCoreClock
 .data.SystemD2Clock
                0x0000000024000004        0x4 ./Core/Src/system_stm32h7xx.o
                0x0000000024000004                SystemD2Clock
 .data.uwTickPrio
                0x0000000024000008        0x4 ./Drivers/STM32H7xx_HAL_Driver/Src/stm32h7xx_hal.o
                0x0000000024000008                uwTickPrio
 .data.uwTickFreq
                0x000000002400000c        0x1 ./Drivers/STM32H7xx_HAL_Driver/Src/stm32h7xx_hal.o
                0x000000002400000c                uwTickFreq
 *fill*         0x000000002400000d        0x3 
 .data.__sglue  0x0000000024000010        0xc C:/ST/STM32CubeIDE_1.14.0/STM32CubeIDE/plugins/com.st.stm32cube.ide.mcu.externaltools.gnu-tools-for-stm32.11.3.rel1.win32_1.1.100.202309141235/tools/bin/../lib/gcc/arm-none-eabi/11.3.1/../../../../arm-none-eabi/lib/thumb/v7e-m+dp/hard\libc_nano.a(libc_a-findfp.o)
                0x0000000024000010                __sglue
 .data._impure_data
                0x000000002400001c       0x4c C:/ST/STM32CubeIDE_1.14.0/STM32CubeIDE/plugins/com.st.stm32cube.ide.mcu.externaltools.gnu-tools-for-stm32.11.3.rel1.win32_1.1.100.202309141235/tools/bin/../lib/gcc/arm-none-eabi/11.3.1/../../../../arm-none-eabi/lib/thumb/v7e-m+dp/hard\libc_nano.a(libc_a-impure.o)
                0x000000002400001c                _impure_data
 .data._impure_ptr
                0x0000000024000068        0x4 C:/ST/STM32CubeIDE_1.14.0/STM32CubeIDE/plugins/com.st.stm32cube.ide.mcu.externaltools.gnu-tools-for-stm32.11.3.rel1.win32_1.1.100.202309141235/tools/bin/../lib/gcc/arm-none-eabi/11.3.1/../../../../arm-none-eabi/lib/thumb/v7e-m+dp/hard\libc_nano.a(libc_a-impure.o)
                0x0000000024000068                _impure_ptr
 *(.RamFunc)
 *(.RamFunc*)
                0x000000002400006c                . = ALIGN (0x4)
                0x000000002400006c                _edata = .

.igot.plt       0x000000002400006c        0x0 load address 0x0000000008005f30
 .igot.plt      0x000000002400006c        0x0 C:/ST/STM32CubeIDE_1.14.0/STM32CubeIDE/plugins/com.st.stm32cube.ide.mcu.externaltools.gnu-tools-for-stm32.11.3.rel1.win32_1.1.100.202309141235/tools/bin/../lib/gcc/arm-none-eabi/11.3.1/thumb/v7e-m+dp/hard/crtbegin.o
                0x000000002400006c                . = ALIGN (0x4)

.bss            0x000000002400006c      0x1d0 load address 0x0000000008005f30
                0x000000002400006c                _sbss = .
                0x000000002400006c                __bss_start__ = _sbss
 *(.bss)
 .bss           0x000000002400006c       0x1c C:/ST/STM32CubeIDE_1.14.0/STM32CubeIDE/plugins/com.st.stm32cube.ide.mcu.externaltools.gnu-tools-for-stm32.11.3.rel1.win32_1.1.100.202309141235/tools/bin/../lib/gcc/arm-none-eabi/11.3.1/thumb/v7e-m+dp/hard/crtbegin.o
 *(.bss*)
 .bss.JumpToApplication
                0x0000000024000088        0x4 ./Core/Src/main.o
                0x0000000024000088                JumpToApplication
 .bss.hospi1    0x000000002400008c       0x5c ./Core/Src/octospi.o
                0x000000002400008c                hospi1
 .bss.__sbrk_heap_end
                0x00000000240000e8        0x4 ./Core/Src/sysmem.o
 .bss.uwTick    0x00000000240000ec        0x4 ./Drivers/STM32H7xx_HAL_Driver/Src/stm32h7xx_hal.o
                0x00000000240000ec                uwTick
 .bss.__sf      0x00000000240000f0      0x138 C:/ST/STM32CubeIDE_1.14.0/STM32CubeIDE/plugins/com.st.stm32cube.ide.mcu.externaltools.gnu-tools-for-stm32.11.3.rel1.win32_1.1.100.202309141235/tools/bin/../lib/gcc/arm-none-eabi/11.3.1/../../../../arm-none-eabi/lib/thumb/v7e-m+dp/hard\libc_nano.a(libc_a-findfp.o)
                0x00000000240000f0                __sf
 .bss.__stdio_exit_handler
                0x0000000024000228        0x4 C:/ST/STM32CubeIDE_1.14.0/STM32CubeIDE/plugins/com.st.stm32cube.ide.mcu.externaltools.gnu-tools-for-stm32.11.3.rel1.win32_1.1.100.202309141235/tools/bin/../lib/gcc/arm-none-eabi/11.3.1/../../../../arm-none-eabi/lib/thumb/v7e-m+dp/hard\libc_nano.a(libc_a-findfp.o)
                0x0000000024000228                __stdio_exit_handler
 .bss.errno     0x000000002400022c        0x4 C:/ST/STM32CubeIDE_1.14.0/STM32CubeIDE/plugins/com.st.stm32cube.ide.mcu.externaltools.gnu-tools-for-stm32.11.3.rel1.win32_1.1.100.202309141235/tools/bin/../lib/gcc/arm-none-eabi/11.3.1/../../../../arm-none-eabi/lib/thumb/v7e-m+dp/hard\libc_nano.a(libc_a-reent.o)
                0x000000002400022c                errno
 .bss.__lock___malloc_recursive_mutex
                0x0000000024000230        0x1 C:/ST/STM32CubeIDE_1.14.0/STM32CubeIDE/plugins/com.st.stm32cube.ide.mcu.externaltools.gnu-tools-for-stm32.11.3.rel1.win32_1.1.100.202309141235/tools/bin/../lib/gcc/arm-none-eabi/11.3.1/../../../../arm-none-eabi/lib/thumb/v7e-m+dp/hard\libc_nano.a(libc_a-lock.o)
                0x0000000024000230                __lock___malloc_recursive_mutex
 .bss.__lock___sfp_recursive_mutex
                0x0000000024000231        0x1 C:/ST/STM32CubeIDE_1.14.0/STM32CubeIDE/plugins/com.st.stm32cube.ide.mcu.externaltools.gnu-tools-for-stm32.11.3.rel1.win32_1.1.100.202309141235/tools/bin/../lib/gcc/arm-none-eabi/11.3.1/../../../../arm-none-eabi/lib/thumb/v7e-m+dp/hard\libc_nano.a(libc_a-lock.o)
                0x0000000024000231                __lock___sfp_recursive_mutex
 *fill*         0x0000000024000232        0x2 
 .bss.__malloc_free_list
                0x0000000024000234        0x4 C:/ST/STM32CubeIDE_1.14.0/STM32CubeIDE/plugins/com.st.stm32cube.ide.mcu.externaltools.gnu-tools-for-stm32.11.3.rel1.win32_1.1.100.202309141235/tools/bin/../lib/gcc/arm-none-eabi/11.3.1/../../../../arm-none-eabi/lib/thumb/v7e-m+dp/hard\libc_nano.a(libc_a-mallocr.o)
                0x0000000024000234                __malloc_free_list
 .bss.__malloc_sbrk_start
                0x0000000024000238        0x4 C:/ST/STM32CubeIDE_1.14.0/STM32CubeIDE/plugins/com.st.stm32cube.ide.mcu.externaltools.gnu-tools-for-stm32.11.3.rel1.win32_1.1.100.202309141235/tools/bin/../lib/gcc/arm-none-eabi/11.3.1/../../../../arm-none-eabi/lib/thumb/v7e-m+dp/hard\libc_nano.a(libc_a-mallocr.o)
                0x0000000024000238                __malloc_sbrk_start
 *(COMMON)
                0x000000002400023c                . = ALIGN (0x4)
                0x000000002400023c                _ebss = .
                0x000000002400023c                __bss_end__ = _ebss

._user_heap_stack
                0x000000002400023c      0x604 load address 0x0000000008005f30
                0x0000000024000240                . = ALIGN (0x8)
 *fill*         0x000000002400023c        0x4 
                [!provide]                        PROVIDE (end = .)
                0x0000000024000240                PROVIDE (_end = .)
                0x0000000024000440                . = (. + _Min_Heap_Size)
 *fill*         0x0000000024000240      0x200 
                0x0000000024000840                . = (. + _Min_Stack_Size)
 *fill*         0x0000000024000440      0x400 
                0x0000000024000840                . = ALIGN (0x8)

/DISCARD/
 libc.a(*)
 libm.a(*)
 libgcc.a(*)

.ARM.attributes
                0x0000000000000000       0x2e
 *(.ARM.attributes)
 .ARM.attributes
                0x0000000000000000       0x1e C:/ST/STM32CubeIDE_1.14.0/STM32CubeIDE/plugins/com.st.stm32cube.ide.mcu.externaltools.gnu-tools-for-stm32.11.3.rel1.win32_1.1.100.202309141235/tools/bin/../lib/gcc/arm-none-eabi/11.3.1/thumb/v7e-m+dp/hard/crti.o
 .ARM.attributes
                0x000000000000001e       0x32 C:/ST/STM32CubeIDE_1.14.0/STM32CubeIDE/plugins/com.st.stm32cube.ide.mcu.externaltools.gnu-tools-for-stm32.11.3.rel1.win32_1.1.100.202309141235/tools/bin/../lib/gcc/arm-none-eabi/11.3.1/thumb/v7e-m+dp/hard/crtbegin.o
 .ARM.attributes
                0x0000000000000050       0x32 ./Core/Src/gpio.o
 .ARM.attributes
                0x0000000000000082       0x32 ./Core/Src/main.o
 .ARM.attributes
                0x00000000000000b4       0x32 ./Core/Src/octospi.o
 .ARM.attributes
                0x00000000000000e6       0x32 ./Core/Src/stm32h7xx_hal_msp.o
 .ARM.attributes
                0x0000000000000118       0x32 ./Core/Src/stm32h7xx_it.o
 .ARM.attributes
                0x000000000000014a       0x32 ./Core/Src/syscalls.o
 .ARM.attributes
                0x000000000000017c       0x32 ./Core/Src/sysmem.o
 .ARM.attributes
                0x00000000000001ae       0x32 ./Core/Src/system_stm32h7xx.o
 .ARM.attributes
                0x00000000000001e0       0x21 ./Core/Startup/startup_stm32h7b0vbtx.o
 .ARM.attributes
                0x0000000000000201       0x32 ./Drivers/STM32H7xx_HAL_Driver/Src/stm32h7xx_hal.o
 .ARM.attributes
                0x0000000000000233       0x32 ./Drivers/STM32H7xx_HAL_Driver/Src/stm32h7xx_hal_cortex.o
 .ARM.attributes
                0x0000000000000265       0x32 ./Drivers/STM32H7xx_HAL_Driver/Src/stm32h7xx_hal_gpio.o
 .ARM.attributes
                0x0000000000000297       0x32 ./Drivers/STM32H7xx_HAL_Driver/Src/stm32h7xx_hal_ospi.o
 .ARM.attributes
                0x00000000000002c9       0x32 ./Drivers/STM32H7xx_HAL_Driver/Src/stm32h7xx_hal_pwr_ex.o
 .ARM.attributes
                0x00000000000002fb       0x32 ./Drivers/STM32H7xx_HAL_Driver/Src/stm32h7xx_hal_rcc.o
 .ARM.attributes
                0x000000000000032d       0x32 ./Drivers/STM32H7xx_HAL_Driver/Src/stm32h7xx_hal_rcc_ex.o
 .ARM.attributes
                0x000000000000035f       0x32 ./External_flash/ospi_w25q64.o
 .ARM.attributes
                0x0000000000000391       0x32 C:/ST/STM32CubeIDE_1.14.0/STM32CubeIDE/plugins/com.st.stm32cube.ide.mcu.externaltools.gnu-tools-for-stm32.11.3.rel1.win32_1.1.100.202309141235/tools/bin/../lib/gcc/arm-none-eabi/11.3.1/../../../../arm-none-eabi/lib/thumb/v7e-m+dp/hard\libc_nano.a(libc_a-findfp.o)
 .ARM.attributes
                0x00000000000003c3       0x32 C:/ST/STM32CubeIDE_1.14.0/STM32CubeIDE/plugins/com.st.stm32cube.ide.mcu.externaltools.gnu-tools-for-stm32.11.3.rel1.win32_1.1.100.202309141235/tools/bin/../lib/gcc/arm-none-eabi/11.3.1/../../../../arm-none-eabi/lib/thumb/v7e-m+dp/hard\libc_nano.a(libc_a-fwalk.o)
 .ARM.attributes
                0x00000000000003f5       0x32 C:/ST/STM32CubeIDE_1.14.0/STM32CubeIDE/plugins/com.st.stm32cube.ide.mcu.externaltools.gnu-tools-for-stm32.11.3.rel1.win32_1.1.100.202309141235/tools/bin/../lib/gcc/arm-none-eabi/11.3.1/../../../../arm-none-eabi/lib/thumb/v7e-m+dp/hard\libc_nano.a(libc_a-printf.o)
 .ARM.attributes
                0x0000000000000427       0x32 C:/ST/STM32CubeIDE_1.14.0/STM32CubeIDE/plugins/com.st.stm32cube.ide.mcu.externaltools.gnu-tools-for-stm32.11.3.rel1.win32_1.1.100.202309141235/tools/bin/../lib/gcc/arm-none-eabi/11.3.1/../../../../arm-none-eabi/lib/thumb/v7e-m+dp/hard\libc_nano.a(libc_a-stdio.o)
 .ARM.attributes
                0x0000000000000459       0x32 C:/ST/STM32CubeIDE_1.14.0/STM32CubeIDE/plugins/com.st.stm32cube.ide.mcu.externaltools.gnu-tools-for-stm32.11.3.rel1.win32_1.1.100.202309141235/tools/bin/../lib/gcc/arm-none-eabi/11.3.1/../../../../arm-none-eabi/lib/thumb/v7e-m+dp/hard\libc_nano.a(libc_a-memset.o)
 .ARM.attributes
                0x000000000000048b       0x32 C:/ST/STM32CubeIDE_1.14.0/STM32CubeIDE/plugins/com.st.stm32cube.ide.mcu.externaltools.gnu-tools-for-stm32.11.3.rel1.win32_1.1.100.202309141235/tools/bin/../lib/gcc/arm-none-eabi/11.3.1/../../../../arm-none-eabi/lib/thumb/v7e-m+dp/hard\libc_nano.a(libc_a-closer.o)
 .ARM.attributes
                0x00000000000004bd       0x32 C:/ST/STM32CubeIDE_1.14.0/STM32CubeIDE/plugins/com.st.stm32cube.ide.mcu.externaltools.gnu-tools-for-stm32.11.3.rel1.win32_1.1.100.202309141235/tools/bin/../lib/gcc/arm-none-eabi/11.3.1/../../../../arm-none-eabi/lib/thumb/v7e-m+dp/hard\libc_nano.a(libc_a-reent.o)
 .ARM.attributes
                0x00000000000004ef       0x32 C:/ST/STM32CubeIDE_1.14.0/STM32CubeIDE/plugins/com.st.stm32cube.ide.mcu.externaltools.gnu-tools-for-stm32.11.3.rel1.win32_1.1.100.202309141235/tools/bin/../lib/gcc/arm-none-eabi/11.3.1/../../../../arm-none-eabi/lib/thumb/v7e-m+dp/hard\libc_nano.a(libc_a-impure.o)
 .ARM.attributes
                0x0000000000000521       0x32 C:/ST/STM32CubeIDE_1.14.0/STM32CubeIDE/plugins/com.st.stm32cube.ide.mcu.externaltools.gnu-tools-for-stm32.11.3.rel1.win32_1.1.100.202309141235/tools/bin/../lib/gcc/arm-none-eabi/11.3.1/../../../../arm-none-eabi/lib/thumb/v7e-m+dp/hard\libc_nano.a(libc_a-lseekr.o)
 .ARM.attributes
                0x0000000000000553       0x32 C:/ST/STM32CubeIDE_1.14.0/STM32CubeIDE/plugins/com.st.stm32cube.ide.mcu.externaltools.gnu-tools-for-stm32.11.3.rel1.win32_1.1.100.202309141235/tools/bin/../lib/gcc/arm-none-eabi/11.3.1/../../../../arm-none-eabi/lib/thumb/v7e-m+dp/hard\libc_nano.a(libc_a-readr.o)
 .ARM.attributes
                0x0000000000000585       0x32 C:/ST/STM32CubeIDE_1.14.0/STM32CubeIDE/plugins/com.st.stm32cube.ide.mcu.externaltools.gnu-tools-for-stm32.11.3.rel1.win32_1.1.100.202309141235/tools/bin/../lib/gcc/arm-none-eabi/11.3.1/../../../../arm-none-eabi/lib/thumb/v7e-m+dp/hard\libc_nano.a(libc_a-writer.o)
 .ARM.attributes
                0x00000000000005b7       0x32 C:/ST/STM32CubeIDE_1.14.0/STM32CubeIDE/plugins/com.st.stm32cube.ide.mcu.externaltools.gnu-tools-for-stm32.11.3.rel1.win32_1.1.100.202309141235/tools/bin/../lib/gcc/arm-none-eabi/11.3.1/../../../../arm-none-eabi/lib/thumb/v7e-m+dp/hard\libc_nano.a(libc_a-errno.o)
 .ARM.attributes
                0x00000000000005e9       0x32 C:/ST/STM32CubeIDE_1.14.0/STM32CubeIDE/plugins/com.st.stm32cube.ide.mcu.externaltools.gnu-tools-for-stm32.11.3.rel1.win32_1.1.100.202309141235/tools/bin/../lib/gcc/arm-none-eabi/11.3.1/../../../../arm-none-eabi/lib/thumb/v7e-m+dp/hard\libc_nano.a(libc_a-init.o)
 .ARM.attributes
                0x000000000000061b       0x32 C:/ST/STM32CubeIDE_1.14.0/STM32CubeIDE/plugins/com.st.stm32cube.ide.mcu.externaltools.gnu-tools-for-stm32.11.3.rel1.win32_1.1.100.202309141235/tools/bin/../lib/gcc/arm-none-eabi/11.3.1/../../../../arm-none-eabi/lib/thumb/v7e-m+dp/hard\libc_nano.a(libc_a-lock.o)
 .ARM.attributes
                0x000000000000064d       0x32 C:/ST/STM32CubeIDE_1.14.0/STM32CubeIDE/plugins/com.st.stm32cube.ide.mcu.externaltools.gnu-tools-for-stm32.11.3.rel1.win32_1.1.100.202309141235/tools/bin/../lib/gcc/arm-none-eabi/11.3.1/../../../../arm-none-eabi/lib/thumb/v7e-m+dp/hard\libc_nano.a(libc_a-freer.o)
 .ARM.attributes
                0x000000000000067f       0x32 C:/ST/STM32CubeIDE_1.14.0/STM32CubeIDE/plugins/com.st.stm32cube.ide.mcu.externaltools.gnu-tools-for-stm32.11.3.rel1.win32_1.1.100.202309141235/tools/bin/../lib/gcc/arm-none-eabi/11.3.1/../../../../arm-none-eabi/lib/thumb/v7e-m+dp/hard\libc_nano.a(libc_a-mallocr.o)
 .ARM.attributes
                0x00000000000006b1       0x32 C:/ST/STM32CubeIDE_1.14.0/STM32CubeIDE/plugins/com.st.stm32cube.ide.mcu.externaltools.gnu-tools-for-stm32.11.3.rel1.win32_1.1.100.202309141235/tools/bin/../lib/gcc/arm-none-eabi/11.3.1/../../../../arm-none-eabi/lib/thumb/v7e-m+dp/hard\libc_nano.a(libc_a-mlock.o)
 .ARM.attributes
                0x00000000000006e3       0x32 C:/ST/STM32CubeIDE_1.14.0/STM32CubeIDE/plugins/com.st.stm32cube.ide.mcu.externaltools.gnu-tools-for-stm32.11.3.rel1.win32_1.1.100.202309141235/tools/bin/../lib/gcc/arm-none-eabi/11.3.1/../../../../arm-none-eabi/lib/thumb/v7e-m+dp/hard\libc_nano.a(libc_a-nano-vfprintf.o)
 .ARM.attributes
                0x0000000000000715       0x32 C:/ST/STM32CubeIDE_1.14.0/STM32CubeIDE/plugins/com.st.stm32cube.ide.mcu.externaltools.gnu-tools-for-stm32.11.3.rel1.win32_1.1.100.202309141235/tools/bin/../lib/gcc/arm-none-eabi/11.3.1/../../../../arm-none-eabi/lib/thumb/v7e-m+dp/hard\libc_nano.a(libc_a-nano-vfprintf_i.o)
 .ARM.attributes
                0x0000000000000747       0x32 C:/ST/STM32CubeIDE_1.14.0/STM32CubeIDE/plugins/com.st.stm32cube.ide.mcu.externaltools.gnu-tools-for-stm32.11.3.rel1.win32_1.1.100.202309141235/tools/bin/../lib/gcc/arm-none-eabi/11.3.1/../../../../arm-none-eabi/lib/thumb/v7e-m+dp/hard\libc_nano.a(libc_a-fflush.o)
 .ARM.attributes
                0x0000000000000779       0x32 C:/ST/STM32CubeIDE_1.14.0/STM32CubeIDE/plugins/com.st.stm32cube.ide.mcu.externaltools.gnu-tools-for-stm32.11.3.rel1.win32_1.1.100.202309141235/tools/bin/../lib/gcc/arm-none-eabi/11.3.1/../../../../arm-none-eabi/lib/thumb/v7e-m+dp/hard\libc_nano.a(libc_a-wbuf.o)
 .ARM.attributes
                0x00000000000007ab       0x32 C:/ST/STM32CubeIDE_1.14.0/STM32CubeIDE/plugins/com.st.stm32cube.ide.mcu.externaltools.gnu-tools-for-stm32.11.3.rel1.win32_1.1.100.202309141235/tools/bin/../lib/gcc/arm-none-eabi/11.3.1/../../../../arm-none-eabi/lib/thumb/v7e-m+dp/hard\libc_nano.a(libc_a-wsetup.o)
 .ARM.attributes
                0x00000000000007dd       0x32 C:/ST/STM32CubeIDE_1.14.0/STM32CubeIDE/plugins/com.st.stm32cube.ide.mcu.externaltools.gnu-tools-for-stm32.11.3.rel1.win32_1.1.100.202309141235/tools/bin/../lib/gcc/arm-none-eabi/11.3.1/../../../../arm-none-eabi/lib/thumb/v7e-m+dp/hard\libc_nano.a(libc_a-sbrkr.o)
 .ARM.attributes
                0x000000000000080f       0x1c C:/ST/STM32CubeIDE_1.14.0/STM32CubeIDE/plugins/com.st.stm32cube.ide.mcu.externaltools.gnu-tools-for-stm32.11.3.rel1.win32_1.1.100.202309141235/tools/bin/../lib/gcc/arm-none-eabi/11.3.1/../../../../arm-none-eabi/lib/thumb/v7e-m+dp/hard\libc_nano.a(libc_a-memchr.o)
 .ARM.attributes
                0x000000000000082b       0x32 C:/ST/STM32CubeIDE_1.14.0/STM32CubeIDE/plugins/com.st.stm32cube.ide.mcu.externaltools.gnu-tools-for-stm32.11.3.rel1.win32_1.1.100.202309141235/tools/bin/../lib/gcc/arm-none-eabi/11.3.1/../../../../arm-none-eabi/lib/thumb/v7e-m+dp/hard\libc_nano.a(libc_a-makebuf.o)
 .ARM.attributes
                0x000000000000085d       0x32 C:/ST/STM32CubeIDE_1.14.0/STM32CubeIDE/plugins/com.st.stm32cube.ide.mcu.externaltools.gnu-tools-for-stm32.11.3.rel1.win32_1.1.100.202309141235/tools/bin/../lib/gcc/arm-none-eabi/11.3.1/../../../../arm-none-eabi/lib/thumb/v7e-m+dp/hard\libc_nano.a(libc_a-fstatr.o)
 .ARM.attributes
                0x000000000000088f       0x32 C:/ST/STM32CubeIDE_1.14.0/STM32CubeIDE/plugins/com.st.stm32cube.ide.mcu.externaltools.gnu-tools-for-stm32.11.3.rel1.win32_1.1.100.202309141235/tools/bin/../lib/gcc/arm-none-eabi/11.3.1/../../../../arm-none-eabi/lib/thumb/v7e-m+dp/hard\libc_nano.a(libc_a-isattyr.o)
 .ARM.attributes
                0x00000000000008c1       0x1e C:/ST/STM32CubeIDE_1.14.0/STM32CubeIDE/plugins/com.st.stm32cube.ide.mcu.externaltools.gnu-tools-for-stm32.11.3.rel1.win32_1.1.100.202309141235/tools/bin/../lib/gcc/arm-none-eabi/11.3.1/thumb/v7e-m+dp/hard/crtn.o
OUTPUT(jumper.elf elf32-littlearm)
LOAD linker stubs
LOAD C:/ST/STM32CubeIDE_1.14.0/STM32CubeIDE/plugins/com.st.stm32cube.ide.mcu.externaltools.gnu-tools-for-stm32.11.3.rel1.win32_1.1.100.202309141235/tools/bin/../lib/gcc/arm-none-eabi/11.3.1/../../../../arm-none-eabi/lib/thumb/v7e-m+dp/hard\libc.a
LOAD C:/ST/STM32CubeIDE_1.14.0/STM32CubeIDE/plugins/com.st.stm32cube.ide.mcu.externaltools.gnu-tools-for-stm32.11.3.rel1.win32_1.1.100.202309141235/tools/bin/../lib/gcc/arm-none-eabi/11.3.1/../../../../arm-none-eabi/lib/thumb/v7e-m+dp/hard\libm.a
LOAD C:/ST/STM32CubeIDE_1.14.0/STM32CubeIDE/plugins/com.st.stm32cube.ide.mcu.externaltools.gnu-tools-for-stm32.11.3.rel1.win32_1.1.100.202309141235/tools/bin/../lib/gcc/arm-none-eabi/11.3.1/thumb/v7e-m+dp/hard\libgcc.a

.comment        0x0000000000000000       0x43
 .comment       0x0000000000000000       0x43 C:/ST/STM32CubeIDE_1.14.0/STM32CubeIDE/plugins/com.st.stm32cube.ide.mcu.externaltools.gnu-tools-for-stm32.11.3.rel1.win32_1.1.100.202309141235/tools/bin/../lib/gcc/arm-none-eabi/11.3.1/thumb/v7e-m+dp/hard/crtbegin.o
                                         0x44 (size before relaxing)
 .comment       0x0000000000000043       0x44 ./Core/Src/gpio.o
 .comment       0x0000000000000043       0x44 ./Core/Src/main.o
 .comment       0x0000000000000043       0x44 ./Core/Src/octospi.o
 .comment       0x0000000000000043       0x44 ./Core/Src/stm32h7xx_hal_msp.o
 .comment       0x0000000000000043       0x44 ./Core/Src/stm32h7xx_it.o
 .comment       0x0000000000000043       0x44 ./Core/Src/syscalls.o
 .comment       0x0000000000000043       0x44 ./Core/Src/sysmem.o
 .comment       0x0000000000000043       0x44 ./Core/Src/system_stm32h7xx.o
 .comment       0x0000000000000043       0x44 ./Drivers/STM32H7xx_HAL_Driver/Src/stm32h7xx_hal.o
 .comment       0x0000000000000043       0x44 ./Drivers/STM32H7xx_HAL_Driver/Src/stm32h7xx_hal_cortex.o
 .comment       0x0000000000000043       0x44 ./Drivers/STM32H7xx_HAL_Driver/Src/stm32h7xx_hal_gpio.o
 .comment       0x0000000000000043       0x44 ./Drivers/STM32H7xx_HAL_Driver/Src/stm32h7xx_hal_ospi.o
 .comment       0x0000000000000043       0x44 ./Drivers/STM32H7xx_HAL_Driver/Src/stm32h7xx_hal_pwr_ex.o
 .comment       0x0000000000000043       0x44 ./Drivers/STM32H7xx_HAL_Driver/Src/stm32h7xx_hal_rcc.o
 .comment       0x0000000000000043       0x44 ./Drivers/STM32H7xx_HAL_Driver/Src/stm32h7xx_hal_rcc_ex.o
 .comment       0x0000000000000043       0x44 ./External_flash/ospi_w25q64.o

.debug_info     0x0000000000000000     0xcdad
 .debug_info    0x0000000000000000      0x672 ./Core/Src/gpio.o
 .debug_info    0x0000000000000672      0x9d3 ./Core/Src/main.o
 .debug_info    0x0000000000001045     0x1380 ./Core/Src/octospi.o
 .debug_info    0x00000000000023c5      0x48b ./Core/Src/stm32h7xx_hal_msp.o
 .debug_info    0x0000000000002850      0x128 ./Core/Src/stm32h7xx_it.o
 .debug_info    0x0000000000002978      0x6a3 ./Core/Src/syscalls.o
 .debug_info    0x000000000000301b      0x168 ./Core/Src/sysmem.o
 .debug_info    0x0000000000003183      0xc73 ./Core/Src/system_stm32h7xx.o
 .debug_info    0x0000000000003df6       0x23 ./Core/Startup/startup_stm32h7b0vbtx.o
 .debug_info    0x0000000000003e19     0x1403 ./Drivers/STM32H7xx_HAL_Driver/Src/stm32h7xx_hal.o
 .debug_info    0x000000000000521c     0x1054 ./Drivers/STM32H7xx_HAL_Driver/Src/stm32h7xx_hal_cortex.o
 .debug_info    0x0000000000006270      0xb2b ./Drivers/STM32H7xx_HAL_Driver/Src/stm32h7xx_hal_gpio.o
 .debug_info    0x0000000000006d9b     0x1982 ./Drivers/STM32H7xx_HAL_Driver/Src/stm32h7xx_hal_ospi.o
 .debug_info    0x000000000000871d      0xef7 ./Drivers/STM32H7xx_HAL_Driver/Src/stm32h7xx_hal_pwr_ex.o
 .debug_info    0x0000000000009614      0xea1 ./Drivers/STM32H7xx_HAL_Driver/Src/stm32h7xx_hal_rcc.o
 .debug_info    0x000000000000a4b5     0x11fd ./Drivers/STM32H7xx_HAL_Driver/Src/stm32h7xx_hal_rcc_ex.o
 .debug_info    0x000000000000b6b2     0x16fb ./External_flash/ospi_w25q64.o

.debug_abbrev   0x0000000000000000     0x205d
 .debug_abbrev  0x0000000000000000      0x193 ./Core/Src/gpio.o
 .debug_abbrev  0x0000000000000193      0x288 ./Core/Src/main.o
 .debug_abbrev  0x000000000000041b      0x233 ./Core/Src/octospi.o
 .debug_abbrev  0x000000000000064e       0xec ./Core/Src/stm32h7xx_hal_msp.o
 .debug_abbrev  0x000000000000073a       0x73 ./Core/Src/stm32h7xx_it.o
 .debug_abbrev  0x00000000000007ad      0x1b6 ./Core/Src/syscalls.o
 .debug_abbrev  0x0000000000000963       0xbc ./Core/Src/sysmem.o
 .debug_abbrev  0x0000000000000a1f      0x14a ./Core/Src/system_stm32h7xx.o
 .debug_abbrev  0x0000000000000b69       0x12 ./Core/Startup/startup_stm32h7b0vbtx.o
 .debug_abbrev  0x0000000000000b7b      0x291 ./Drivers/STM32H7xx_HAL_Driver/Src/stm32h7xx_hal.o
 .debug_abbrev  0x0000000000000e0c      0x339 ./Drivers/STM32H7xx_HAL_Driver/Src/stm32h7xx_hal_cortex.o
 .debug_abbrev  0x0000000000001145      0x1fa ./Drivers/STM32H7xx_HAL_Driver/Src/stm32h7xx_hal_gpio.o
 .debug_abbrev  0x000000000000133f      0x2b6 ./Drivers/STM32H7xx_HAL_Driver/Src/stm32h7xx_hal_ospi.o
 .debug_abbrev  0x00000000000015f5      0x297 ./Drivers/STM32H7xx_HAL_Driver/Src/stm32h7xx_hal_pwr_ex.o
 .debug_abbrev  0x000000000000188c      0x2c5 ./Drivers/STM32H7xx_HAL_Driver/Src/stm32h7xx_hal_rcc.o
 .debug_abbrev  0x0000000000001b51      0x27a ./Drivers/STM32H7xx_HAL_Driver/Src/stm32h7xx_hal_rcc_ex.o
 .debug_abbrev  0x0000000000001dcb      0x292 ./External_flash/ospi_w25q64.o

.debug_aranges  0x0000000000000000      0xa28
 .debug_aranges
                0x0000000000000000       0x20 ./Core/Src/gpio.o
 .debug_aranges
                0x0000000000000020       0x30 ./Core/Src/main.o
 .debug_aranges
                0x0000000000000050       0x30 ./Core/Src/octospi.o
 .debug_aranges
                0x0000000000000080       0x20 ./Core/Src/stm32h7xx_hal_msp.o
 .debug_aranges
                0x00000000000000a0       0x60 ./Core/Src/stm32h7xx_it.o
 .debug_aranges
                0x0000000000000100       0xa8 ./Core/Src/syscalls.o
 .debug_aranges
                0x00000000000001a8       0x20 ./Core/Src/sysmem.o
 .debug_aranges
                0x00000000000001c8       0x28 ./Core/Src/system_stm32h7xx.o
 .debug_aranges
                0x00000000000001f0       0x28 ./Core/Startup/startup_stm32h7b0vbtx.o
 .debug_aranges
                0x0000000000000218      0x1a0 ./Drivers/STM32H7xx_HAL_Driver/Src/stm32h7xx_hal.o
 .debug_aranges
                0x00000000000003b8      0x120 ./Drivers/STM32H7xx_HAL_Driver/Src/stm32h7xx_hal_cortex.o
 .debug_aranges
                0x00000000000004d8       0x58 ./Drivers/STM32H7xx_HAL_Driver/Src/stm32h7xx_hal_gpio.o
 .debug_aranges
                0x0000000000000530      0x168 ./Drivers/STM32H7xx_HAL_Driver/Src/stm32h7xx_hal_ospi.o
 .debug_aranges
                0x0000000000000698      0x188 ./Drivers/STM32H7xx_HAL_Driver/Src/stm32h7xx_hal_pwr_ex.o
 .debug_aranges
                0x0000000000000820       0x88 ./Drivers/STM32H7xx_HAL_Driver/Src/stm32h7xx_hal_rcc.o
 .debug_aranges
                0x00000000000008a8       0xf0 ./Drivers/STM32H7xx_HAL_Driver/Src/stm32h7xx_hal_rcc_ex.o
 .debug_aranges
                0x0000000000000998       0x90 ./External_flash/ospi_w25q64.o

.debug_rnglists
                0x0000000000000000      0x78d
 .debug_rnglists
                0x0000000000000000       0x14 ./Core/Src/gpio.o
 .debug_rnglists
                0x0000000000000014       0x20 ./Core/Src/main.o
 .debug_rnglists
                0x0000000000000034       0x21 ./Core/Src/octospi.o
 .debug_rnglists
                0x0000000000000055       0x13 ./Core/Src/stm32h7xx_hal_msp.o
 .debug_rnglists
                0x0000000000000068       0x43 ./Core/Src/stm32h7xx_it.o
 .debug_rnglists
                0x00000000000000ab       0x79 ./Core/Src/syscalls.o
 .debug_rnglists
                0x0000000000000124       0x13 ./Core/Src/sysmem.o
 .debug_rnglists
                0x0000000000000137       0x1b ./Core/Src/system_stm32h7xx.o
 .debug_rnglists
                0x0000000000000152       0x19 ./Core/Startup/startup_stm32h7b0vbtx.o
 .debug_rnglists
                0x000000000000016b      0x137 ./Drivers/STM32H7xx_HAL_Driver/Src/stm32h7xx_hal.o
 .debug_rnglists
                0x00000000000002a2       0xd4 ./Drivers/STM32H7xx_HAL_Driver/Src/stm32h7xx_hal_cortex.o
 .debug_rnglists
                0x0000000000000376       0x3f ./Drivers/STM32H7xx_HAL_Driver/Src/stm32h7xx_hal_gpio.o
 .debug_rnglists
                0x00000000000003b5      0x11c ./Drivers/STM32H7xx_HAL_Driver/Src/stm32h7xx_hal_ospi.o
 .debug_rnglists
                0x00000000000004d1      0x125 ./Drivers/STM32H7xx_HAL_Driver/Src/stm32h7xx_hal_pwr_ex.o
 .debug_rnglists
                0x00000000000005f6       0x68 ./Drivers/STM32H7xx_HAL_Driver/Src/stm32h7xx_hal_rcc.o
 .debug_rnglists
                0x000000000000065e       0xba ./Drivers/STM32H7xx_HAL_Driver/Src/stm32h7xx_hal_rcc_ex.o
 .debug_rnglists
                0x0000000000000718       0x75 ./External_flash/ospi_w25q64.o

.debug_macro    0x0000000000000000    0x306a0
 .debug_macro   0x0000000000000000      0x2a3 ./Core/Src/gpio.o
 .debug_macro   0x00000000000002a3      0xac0 ./Core/Src/gpio.o
 .debug_macro   0x0000000000000d63      0x232 ./Core/Src/gpio.o
 .debug_macro   0x0000000000000f95       0x2e ./Core/Src/gpio.o
 .debug_macro   0x0000000000000fc3       0x3b ./Core/Src/gpio.o
 .debug_macro   0x0000000000000ffe       0x22 ./Core/Src/gpio.o
 .debug_macro   0x0000000000001020       0x8e ./Core/Src/gpio.o
 .debug_macro   0x00000000000010ae       0x51 ./Core/Src/gpio.o
 .debug_macro   0x00000000000010ff      0x103 ./Core/Src/gpio.o
 .debug_macro   0x0000000000001202       0x6a ./Core/Src/gpio.o
 .debug_macro   0x000000000000126c      0x1df ./Core/Src/gpio.o
 .debug_macro   0x000000000000144b       0x1c ./Core/Src/gpio.o
 .debug_macro   0x0000000000001467       0x22 ./Core/Src/gpio.o
 .debug_macro   0x0000000000001489       0xfb ./Core/Src/gpio.o
 .debug_macro   0x0000000000001584     0x1305 ./Core/Src/gpio.o
 .debug_macro   0x0000000000002889      0x11f ./Core/Src/gpio.o
 .debug_macro   0x00000000000029a8       0x27 ./Core/Src/gpio.o
 .debug_macro   0x00000000000029cf    0x1f23a ./Core/Src/gpio.o
 .debug_macro   0x0000000000021c09       0x6d ./Core/Src/gpio.o
 .debug_macro   0x0000000000021c76     0x3d64 ./Core/Src/gpio.o
 .debug_macro   0x00000000000259da      0x174 ./Core/Src/gpio.o
 .debug_macro   0x0000000000025b4e       0x61 ./Core/Src/gpio.o
 .debug_macro   0x0000000000025baf       0x29 ./Core/Src/gpio.o
 .debug_macro   0x0000000000025bd8       0x43 ./Core/Src/gpio.o
 .debug_macro   0x0000000000025c1b       0x34 ./Core/Src/gpio.o
 .debug_macro   0x0000000000025c4f       0x16 ./Core/Src/gpio.o
 .debug_macro   0x0000000000025c65       0x43 ./Core/Src/gpio.o
 .debug_macro   0x0000000000025ca8       0x34 ./Core/Src/gpio.o
 .debug_macro   0x0000000000025cdc       0x10 ./Core/Src/gpio.o
 .debug_macro   0x0000000000025cec       0x58 ./Core/Src/gpio.o
 .debug_macro   0x0000000000025d44       0x8e ./Core/Src/gpio.o
 .debug_macro   0x0000000000025dd2       0x1c ./Core/Src/gpio.o
 .debug_macro   0x0000000000025dee      0x177 ./Core/Src/gpio.o
 .debug_macro   0x0000000000025f65      0x369 ./Core/Src/gpio.o
 .debug_macro   0x00000000000262ce      0x19b ./Core/Src/gpio.o
 .debug_macro   0x0000000000026469       0x5d ./Core/Src/gpio.o
 .debug_macro   0x00000000000264c6     0x2606 ./Core/Src/gpio.o
 .debug_macro   0x0000000000028acc     0x103a ./Core/Src/gpio.o
 .debug_macro   0x0000000000029b06      0x154 ./Core/Src/gpio.o
 .debug_macro   0x0000000000029c5a      0x114 ./Core/Src/gpio.o
 .debug_macro   0x0000000000029d6e      0x3bf ./Core/Src/gpio.o
 .debug_macro   0x000000000002a12d       0xac ./Core/Src/gpio.o
 .debug_macro   0x000000000002a1d9      0x70a ./Core/Src/gpio.o
 .debug_macro   0x000000000002a8e3      0x20c ./Core/Src/gpio.o
 .debug_macro   0x000000000002aaef       0x66 ./Core/Src/gpio.o
 .debug_macro   0x000000000002ab55      0x3c9 ./Core/Src/gpio.o
 .debug_macro   0x000000000002af1e      0x3eb ./Core/Src/gpio.o
 .debug_macro   0x000000000002b309      0x275 ./Core/Src/gpio.o
 .debug_macro   0x000000000002b57e      0x380 ./Core/Src/gpio.o
 .debug_macro   0x000000000002b8fe      0x44e ./Core/Src/gpio.o
 .debug_macro   0x000000000002bd4c       0x43 ./Core/Src/gpio.o
 .debug_macro   0x000000000002bd8f       0x4a ./Core/Src/gpio.o
 .debug_macro   0x000000000002bdd9      0x22c ./Core/Src/gpio.o
 .debug_macro   0x000000000002c005       0x67 ./Core/Src/gpio.o
 .debug_macro   0x000000000002c06c       0xa5 ./Core/Src/gpio.o
 .debug_macro   0x000000000002c111      0x520 ./Core/Src/gpio.o
 .debug_macro   0x000000000002c631      0x1bd ./Core/Src/gpio.o
 .debug_macro   0x000000000002c7ee      0x2ab ./Core/Src/gpio.o
 .debug_macro   0x000000000002ca99       0x35 ./Core/Src/gpio.o
 .debug_macro   0x000000000002cace      0x5be ./Core/Src/gpio.o
 .debug_macro   0x000000000002d08c       0x10 ./Core/Src/gpio.o
 .debug_macro   0x000000000002d09c      0x2f6 ./Core/Src/main.o
 .debug_macro   0x000000000002d392       0x16 ./Core/Src/main.o
 .debug_macro   0x000000000002d3a8       0x35 ./Core/Src/main.o
 .debug_macro   0x000000000002d3dd       0x20 ./Core/Src/main.o
 .debug_macro   0x000000000002d3fd      0x12a ./Core/Src/main.o
 .debug_macro   0x000000000002d527      0x2a3 ./Core/Src/octospi.o
 .debug_macro   0x000000000002d7ca      0x299 ./Core/Src/stm32h7xx_hal_msp.o
 .debug_macro   0x000000000002da63      0x2a3 ./Core/Src/stm32h7xx_it.o
 .debug_macro   0x000000000002dd06      0x274 ./Core/Src/syscalls.o
 .debug_macro   0x000000000002df7a       0x5b ./Core/Src/syscalls.o
 .debug_macro   0x000000000002dfd5       0x94 ./Core/Src/syscalls.o
 .debug_macro   0x000000000002e069       0x57 ./Core/Src/syscalls.o
 .debug_macro   0x000000000002e0c0       0x10 ./Core/Src/syscalls.o
 .debug_macro   0x000000000002e0d0       0x10 ./Core/Src/syscalls.o
 .debug_macro   0x000000000002e0e0       0x10 ./Core/Src/syscalls.o
 .debug_macro   0x000000000002e0f0       0x10 ./Core/Src/syscalls.o
 .debug_macro   0x000000000002e100       0x1c ./Core/Src/syscalls.o
 .debug_macro   0x000000000002e11c       0x52 ./Core/Src/syscalls.o
 .debug_macro   0x000000000002e16e       0x22 ./Core/Src/syscalls.o
 .debug_macro   0x000000000002e190       0x10 ./Core/Src/syscalls.o
 .debug_macro   0x000000000002e1a0       0x52 ./Core/Src/syscalls.o
 .debug_macro   0x000000000002e1f2       0xcf ./Core/Src/syscalls.o
 .debug_macro   0x000000000002e2c1       0x1c ./Core/Src/syscalls.o
 .debug_macro   0x000000000002e2dd       0x3d ./Core/Src/syscalls.o
 .debug_macro   0x000000000002e31a       0x35 ./Core/Src/syscalls.o
 .debug_macro   0x000000000002e34f      0x12c ./Core/Src/syscalls.o
 .debug_macro   0x000000000002e47b       0x16 ./Core/Src/syscalls.o
 .debug_macro   0x000000000002e491       0x16 ./Core/Src/syscalls.o
 .debug_macro   0x000000000002e4a7       0x29 ./Core/Src/syscalls.o
 .debug_macro   0x000000000002e4d0       0x10 ./Core/Src/syscalls.o
 .debug_macro   0x000000000002e4e0      0x242 ./Core/Src/syscalls.o
 .debug_macro   0x000000000002e722       0x1c ./Core/Src/syscalls.o
 .debug_macro   0x000000000002e73e       0x10 ./Core/Src/syscalls.o
 .debug_macro   0x000000000002e74e       0x10 ./Core/Src/syscalls.o
 .debug_macro   0x000000000002e75e       0x16 ./Core/Src/syscalls.o
 .debug_macro   0x000000000002e774      0x147 ./Core/Src/syscalls.o
 .debug_macro   0x000000000002e8bb      0x18a ./Core/Src/syscalls.o
 .debug_macro   0x000000000002ea45       0x16 ./Core/Src/syscalls.o
 .debug_macro   0x000000000002ea5b       0xce ./Core/Src/syscalls.o
 .debug_macro   0x000000000002eb29       0xff ./Core/Src/sysmem.o
 .debug_macro   0x000000000002ec28      0x23c ./Core/Src/sysmem.o
 .debug_macro   0x000000000002ee64      0x28a ./Core/Src/system_stm32h7xx.o
 .debug_macro   0x000000000002f0ee      0x2b4 ./Drivers/STM32H7xx_HAL_Driver/Src/stm32h7xx_hal.o
 .debug_macro   0x000000000002f3a2      0x28a ./Drivers/STM32H7xx_HAL_Driver/Src/stm32h7xx_hal_cortex.o
 .debug_macro   0x000000000002f62c      0x291 ./Drivers/STM32H7xx_HAL_Driver/Src/stm32h7xx_hal_gpio.o
 .debug_macro   0x000000000002f8bd      0x2d1 ./Drivers/STM32H7xx_HAL_Driver/Src/stm32h7xx_hal_ospi.o
 .debug_macro   0x000000000002fb8e      0x2c3 ./Drivers/STM32H7xx_HAL_Driver/Src/stm32h7xx_hal_pwr_ex.o
 .debug_macro   0x000000000002fe51      0x2ae ./Drivers/STM32H7xx_HAL_Driver/Src/stm32h7xx_hal_rcc.o
 .debug_macro   0x00000000000300ff      0x2a8 ./Drivers/STM32H7xx_HAL_Driver/Src/stm32h7xx_hal_rcc_ex.o
 .debug_macro   0x00000000000303a7      0x2e3 ./External_flash/ospi_w25q64.o
 .debug_macro   0x000000000003068a       0x16 ./External_flash/ospi_w25q64.o

.debug_line     0x0000000000000000     0xd796
 .debug_line    0x0000000000000000      0x8a9 ./Core/Src/gpio.o
 .debug_line    0x00000000000008a9      0x9d2 ./Core/Src/main.o
 .debug_line    0x000000000000127b      0x978 ./Core/Src/octospi.o
 .debug_line    0x0000000000001bf3      0x898 ./Core/Src/stm32h7xx_hal_msp.o
 .debug_line    0x000000000000248b      0x95b ./Core/Src/stm32h7xx_it.o
 .debug_line    0x0000000000002de6      0x8b2 ./Core/Src/syscalls.o
 .debug_line    0x0000000000003698      0x583 ./Core/Src/sysmem.o
 .debug_line    0x0000000000003c1b      0xa3d ./Core/Src/system_stm32h7xx.o
 .debug_line    0x0000000000004658       0x7a ./Core/Startup/startup_stm32h7b0vbtx.o
 .debug_line    0x00000000000046d2      0xe50 ./Drivers/STM32H7xx_HAL_Driver/Src/stm32h7xx_hal.o
 .debug_line    0x0000000000005522      0xe4c ./Drivers/STM32H7xx_HAL_Driver/Src/stm32h7xx_hal_cortex.o
 .debug_line    0x000000000000636e      0xd09 ./Drivers/STM32H7xx_HAL_Driver/Src/stm32h7xx_hal_gpio.o
 .debug_line    0x0000000000007077     0x18f7 ./Drivers/STM32H7xx_HAL_Driver/Src/stm32h7xx_hal_ospi.o
 .debug_line    0x000000000000896e      0xfa9 ./Drivers/STM32H7xx_HAL_Driver/Src/stm32h7xx_hal_pwr_ex.o
 .debug_line    0x0000000000009917     0x13a1 ./Drivers/STM32H7xx_HAL_Driver/Src/stm32h7xx_hal_rcc.o
 .debug_line    0x000000000000acb8     0x1c1f ./Drivers/STM32H7xx_HAL_Driver/Src/stm32h7xx_hal_rcc_ex.o
 .debug_line    0x000000000000c8d7      0xebf ./External_flash/ospi_w25q64.o

.debug_str      0x0000000000000000   0x134741
 .debug_str     0x0000000000000000   0x12db3f ./Core/Src/gpio.o
                                     0x12dfc4 (size before relaxing)
 .debug_str     0x000000000012db3f      0x9d1 ./Core/Src/main.o
                                     0x12e94f (size before relaxing)
 .debug_str     0x000000000012e510      0x8b5 ./Core/Src/octospi.o
                                     0x12e92f (size before relaxing)
 .debug_str     0x000000000012edc5       0x2c ./Core/Src/stm32h7xx_hal_msp.o
                                     0x12def9 (size before relaxing)
 .debug_str     0x000000000012edf1       0xc9 ./Core/Src/stm32h7xx_it.o
                                     0x12dd37 (size before relaxing)
 .debug_str     0x000000000012eeba     0x272d ./Core/Src/syscalls.o
                                       0x98e3 (size before relaxing)
 .debug_str     0x00000000001315e7       0x6b ./Core/Src/sysmem.o
                                       0x609a (size before relaxing)
 .debug_str     0x0000000000131652      0x30e ./Core/Src/system_stm32h7xx.o
                                     0x12e1d8 (size before relaxing)
 .debug_str     0x0000000000131960       0x34 ./Core/Startup/startup_stm32h7b0vbtx.o
                                         0x63 (size before relaxing)
 .debug_str     0x0000000000131994      0xed5 ./Drivers/STM32H7xx_HAL_Driver/Src/stm32h7xx_hal.o
                                     0x12f0d5 (size before relaxing)
 .debug_str     0x0000000000132869      0x35c ./Drivers/STM32H7xx_HAL_Driver/Src/stm32h7xx_hal_cortex.o
                                     0x12eae5 (size before relaxing)
 .debug_str     0x0000000000132bc5       0xf1 ./Drivers/STM32H7xx_HAL_Driver/Src/stm32h7xx_hal_gpio.o
                                     0x12e189 (size before relaxing)
 .debug_str     0x0000000000132cb6      0x8bf ./Drivers/STM32H7xx_HAL_Driver/Src/stm32h7xx_hal_ospi.o
                                     0x12ebdd (size before relaxing)
 .debug_str     0x0000000000133575      0x756 ./Drivers/STM32H7xx_HAL_Driver/Src/stm32h7xx_hal_pwr_ex.o
                                     0x12e70e (size before relaxing)
 .debug_str     0x0000000000133ccb      0x22e ./Drivers/STM32H7xx_HAL_Driver/Src/stm32h7xx_hal_rcc.o
                                     0x12e5b1 (size before relaxing)
 .debug_str     0x0000000000133ef9      0x623 ./Drivers/STM32H7xx_HAL_Driver/Src/stm32h7xx_hal_rcc_ex.o
                                     0x12ea46 (size before relaxing)
 .debug_str     0x000000000013451c      0x225 ./External_flash/ospi_w25q64.o
                                     0x12f09c (size before relaxing)

.debug_frame    0x0000000000000000     0x2f14
 .debug_frame   0x0000000000000000       0x34 ./Core/Src/gpio.o
 .debug_frame   0x0000000000000034       0x6c ./Core/Src/main.o
 .debug_frame   0x00000000000000a0       0x80 ./Core/Src/octospi.o
 .debug_frame   0x0000000000000120       0x38 ./Core/Src/stm32h7xx_hal_msp.o
 .debug_frame   0x0000000000000158      0x104 ./Core/Src/stm32h7xx_it.o
 .debug_frame   0x000000000000025c      0x2ac ./Core/Src/syscalls.o
 .debug_frame   0x0000000000000508       0x34 ./Core/Src/sysmem.o
 .debug_frame   0x000000000000053c       0x58 ./Core/Src/system_stm32h7xx.o
 .debug_frame   0x0000000000000594      0x6a8 ./Drivers/STM32H7xx_HAL_Driver/Src/stm32h7xx_hal.o
 .debug_frame   0x0000000000000c3c      0x4b8 ./Drivers/STM32H7xx_HAL_Driver/Src/stm32h7xx_hal_cortex.o
 .debug_frame   0x00000000000010f4      0x14c ./Drivers/STM32H7xx_HAL_Driver/Src/stm32h7xx_hal_gpio.o
 .debug_frame   0x0000000000001240      0x688 ./Drivers/STM32H7xx_HAL_Driver/Src/stm32h7xx_hal_ospi.o
 .debug_frame   0x00000000000018c8      0x660 ./Drivers/STM32H7xx_HAL_Driver/Src/stm32h7xx_hal_pwr_ex.o
 .debug_frame   0x0000000000001f28      0x1fc ./Drivers/STM32H7xx_HAL_Driver/Src/stm32h7xx_hal_rcc.o
 .debug_frame   0x0000000000002124      0x3ec ./Drivers/STM32H7xx_HAL_Driver/Src/stm32h7xx_hal_rcc_ex.o
 .debug_frame   0x0000000000002510      0x230 ./External_flash/ospi_w25q64.o
 .debug_frame   0x0000000000002740      0x144 C:/ST/STM32CubeIDE_1.14.0/STM32CubeIDE/plugins/com.st.stm32cube.ide.mcu.externaltools.gnu-tools-for-stm32.11.3.rel1.win32_1.1.100.202309141235/tools/bin/../lib/gcc/arm-none-eabi/11.3.1/../../../../arm-none-eabi/lib/thumb/v7e-m+dp/hard\libc_nano.a(libc_a-findfp.o)
 .debug_frame   0x0000000000002884       0x34 C:/ST/STM32CubeIDE_1.14.0/STM32CubeIDE/plugins/com.st.stm32cube.ide.mcu.externaltools.gnu-tools-for-stm32.11.3.rel1.win32_1.1.100.202309141235/tools/bin/../lib/gcc/arm-none-eabi/11.3.1/../../../../arm-none-eabi/lib/thumb/v7e-m+dp/hard\libc_nano.a(libc_a-fwalk.o)
 .debug_frame   0x00000000000028b8       0x6c C:/ST/STM32CubeIDE_1.14.0/STM32CubeIDE/plugins/com.st.stm32cube.ide.mcu.externaltools.gnu-tools-for-stm32.11.3.rel1.win32_1.1.100.202309141235/tools/bin/../lib/gcc/arm-none-eabi/11.3.1/../../../../arm-none-eabi/lib/thumb/v7e-m+dp/hard\libc_nano.a(libc_a-printf.o)
 .debug_frame   0x0000000000002924       0x88 C:/ST/STM32CubeIDE_1.14.0/STM32CubeIDE/plugins/com.st.stm32cube.ide.mcu.externaltools.gnu-tools-for-stm32.11.3.rel1.win32_1.1.100.202309141235/tools/bin/../lib/gcc/arm-none-eabi/11.3.1/../../../../arm-none-eabi/lib/thumb/v7e-m+dp/hard\libc_nano.a(libc_a-stdio.o)
 .debug_frame   0x00000000000029ac       0x20 C:/ST/STM32CubeIDE_1.14.0/STM32CubeIDE/plugins/com.st.stm32cube.ide.mcu.externaltools.gnu-tools-for-stm32.11.3.rel1.win32_1.1.100.202309141235/tools/bin/../lib/gcc/arm-none-eabi/11.3.1/../../../../arm-none-eabi/lib/thumb/v7e-m+dp/hard\libc_nano.a(libc_a-memset.o)
 .debug_frame   0x00000000000029cc       0x2c C:/ST/STM32CubeIDE_1.14.0/STM32CubeIDE/plugins/com.st.stm32cube.ide.mcu.externaltools.gnu-tools-for-stm32.11.3.rel1.win32_1.1.100.202309141235/tools/bin/../lib/gcc/arm-none-eabi/11.3.1/../../../../arm-none-eabi/lib/thumb/v7e-m+dp/hard\libc_nano.a(libc_a-closer.o)
 .debug_frame   0x00000000000029f8       0x38 C:/ST/STM32CubeIDE_1.14.0/STM32CubeIDE/plugins/com.st.stm32cube.ide.mcu.externaltools.gnu-tools-for-stm32.11.3.rel1.win32_1.1.100.202309141235/tools/bin/../lib/gcc/arm-none-eabi/11.3.1/../../../../arm-none-eabi/lib/thumb/v7e-m+dp/hard\libc_nano.a(libc_a-reent.o)
 .debug_frame   0x0000000000002a30       0x2c C:/ST/STM32CubeIDE_1.14.0/STM32CubeIDE/plugins/com.st.stm32cube.ide.mcu.externaltools.gnu-tools-for-stm32.11.3.rel1.win32_1.1.100.202309141235/tools/bin/../lib/gcc/arm-none-eabi/11.3.1/../../../../arm-none-eabi/lib/thumb/v7e-m+dp/hard\libc_nano.a(libc_a-lseekr.o)
 .debug_frame   0x0000000000002a5c       0x2c C:/ST/STM32CubeIDE_1.14.0/STM32CubeIDE/plugins/com.st.stm32cube.ide.mcu.externaltools.gnu-tools-for-stm32.11.3.rel1.win32_1.1.100.202309141235/tools/bin/../lib/gcc/arm-none-eabi/11.3.1/../../../../arm-none-eabi/lib/thumb/v7e-m+dp/hard\libc_nano.a(libc_a-readr.o)
 .debug_frame   0x0000000000002a88       0x2c C:/ST/STM32CubeIDE_1.14.0/STM32CubeIDE/plugins/com.st.stm32cube.ide.mcu.externaltools.gnu-tools-for-stm32.11.3.rel1.win32_1.1.100.202309141235/tools/bin/../lib/gcc/arm-none-eabi/11.3.1/../../../../arm-none-eabi/lib/thumb/v7e-m+dp/hard\libc_nano.a(libc_a-writer.o)
 .debug_frame   0x0000000000002ab4       0x20 C:/ST/STM32CubeIDE_1.14.0/STM32CubeIDE/plugins/com.st.stm32cube.ide.mcu.externaltools.gnu-tools-for-stm32.11.3.rel1.win32_1.1.100.202309141235/tools/bin/../lib/gcc/arm-none-eabi/11.3.1/../../../../arm-none-eabi/lib/thumb/v7e-m+dp/hard\libc_nano.a(libc_a-errno.o)
 .debug_frame   0x0000000000002ad4       0x2c C:/ST/STM32CubeIDE_1.14.0/STM32CubeIDE/plugins/com.st.stm32cube.ide.mcu.externaltools.gnu-tools-for-stm32.11.3.rel1.win32_1.1.100.202309141235/tools/bin/../lib/gcc/arm-none-eabi/11.3.1/../../../../arm-none-eabi/lib/thumb/v7e-m+dp/hard\libc_nano.a(libc_a-init.o)
 .debug_frame   0x0000000000002b00       0xb0 C:/ST/STM32CubeIDE_1.14.0/STM32CubeIDE/plugins/com.st.stm32cube.ide.mcu.externaltools.gnu-tools-for-stm32.11.3.rel1.win32_1.1.100.202309141235/tools/bin/../lib/gcc/arm-none-eabi/11.3.1/../../../../arm-none-eabi/lib/thumb/v7e-m+dp/hard\libc_nano.a(libc_a-lock.o)
 .debug_frame   0x0000000000002bb0       0x38 C:/ST/STM32CubeIDE_1.14.0/STM32CubeIDE/plugins/com.st.stm32cube.ide.mcu.externaltools.gnu-tools-for-stm32.11.3.rel1.win32_1.1.100.202309141235/tools/bin/../lib/gcc/arm-none-eabi/11.3.1/../../../../arm-none-eabi/lib/thumb/v7e-m+dp/hard\libc_nano.a(libc_a-freer.o)