../LVGL/src/lv_draw/../lv_misc/lv_mem.h:214:44:_lv_memcpy_small.isra	0	static
../LVGL/src/lv_draw/lv_img_buf.c:52:12:lv_img_buf_get_px_color	32	static
../LVGL/src/lv_draw/lv_img_buf.c:119:10:lv_img_buf_get_px_alpha	40	static
../LVGL/src/lv_draw/lv_img_buf.c:182:6:lv_img_buf_set_px_alpha	24	static
../LVGL/src/lv_draw/lv_img_buf.c:241:6:lv_img_buf_set_px_color	32	static
../LVGL/src/lv_draw/lv_img_buf.c:310:6:lv_img_buf_set_palette	24	static
../LVGL/src/lv_draw/lv_img_buf.c:367:6:lv_img_buf_free	8	static
../LVGL/src/lv_draw/lv_img_buf.c:384:10:lv_img_buf_get_img_size	8	static
../LVGL/src/lv_draw/lv_img_buf.c:331:16:lv_img_buf_alloc	24	static
../LVGL/src/lv_draw/lv_img_buf.c:476:6:_lv_img_buf_get_transformed_area	0	static
